<?xml version="1.0"?>
<link_info>
   <banner>MSP430 Linker PC v4.1.9</banner>
   <copyright>Copyright (c) 2003-2014 Texas Instruments Incorporated</copyright>
   <link_time>0x5489b841</link_time>
   <output_file>MSP-EXP430F5137RxUserExperience.out</output_file>
   <entry_point>
      <name>_c_int00</name>
      <address>0xa890</address>
   </entry_point>
   <input_file_list>
      <input_file id="fl-2">
         <path>.\</path>
         <kind>object</kind>
         <file>Satellite.obj</file>
         <name>Satellite.obj</name>
      </input_file>
      <input_file id="fl-3">
         <path>.\</path>
         <kind>object</kind>
         <file>main.obj</file>
         <name>main.obj</name>
      </input_file>
      <input_file id="fl-4">
         <path>.\SimpliciTI\Components\simpliciti\nwk_applications\</path>
         <kind>object</kind>
         <file>nwk_freq.obj</file>
         <name>nwk_freq.obj</name>
      </input_file>
      <input_file id="fl-5">
         <path>.\SimpliciTI\Components\simpliciti\nwk_applications\</path>
         <kind>object</kind>
         <file>nwk_ioctl.obj</file>
         <name>nwk_ioctl.obj</name>
      </input_file>
      <input_file id="fl-6">
         <path>.\SimpliciTI\Components\simpliciti\nwk_applications\</path>
         <kind>object</kind>
         <file>nwk_join.obj</file>
         <name>nwk_join.obj</name>
      </input_file>
      <input_file id="fl-7">
         <path>.\SimpliciTI\Components\simpliciti\nwk_applications\</path>
         <kind>object</kind>
         <file>nwk_link.obj</file>
         <name>nwk_link.obj</name>
      </input_file>
      <input_file id="fl-8">
         <path>.\SimpliciTI\Components\simpliciti\nwk_applications\</path>
         <kind>object</kind>
         <file>nwk_mgmt.obj</file>
         <name>nwk_mgmt.obj</name>
      </input_file>
      <input_file id="fl-9">
         <path>.\SimpliciTI\Components\simpliciti\nwk_applications\</path>
         <kind>object</kind>
         <file>nwk_ping.obj</file>
         <name>nwk_ping.obj</name>
      </input_file>
      <input_file id="fl-a">
         <path>.\SimpliciTI\Components\simpliciti\nwk_applications\</path>
         <kind>object</kind>
         <file>nwk_security.obj</file>
         <name>nwk_security.obj</name>
      </input_file>
      <input_file id="fl-b">
         <path>.\SimpliciTI\Components\simpliciti\nwk\</path>
         <kind>object</kind>
         <file>nwk.obj</file>
         <name>nwk.obj</name>
      </input_file>
      <input_file id="fl-c">
         <path>.\SimpliciTI\Components\simpliciti\nwk\</path>
         <kind>object</kind>
         <file>nwk_QMgmt.obj</file>
         <name>nwk_QMgmt.obj</name>
      </input_file>
      <input_file id="fl-d">
         <path>.\SimpliciTI\Components\simpliciti\nwk\</path>
         <kind>object</kind>
         <file>nwk_api.obj</file>
         <name>nwk_api.obj</name>
      </input_file>
      <input_file id="fl-e">
         <path>.\SimpliciTI\Components\simpliciti\nwk\</path>
         <kind>object</kind>
         <file>nwk_frame.obj</file>
         <name>nwk_frame.obj</name>
      </input_file>
      <input_file id="fl-f">
         <path>.\SimpliciTI\Components\simpliciti\nwk\</path>
         <kind>object</kind>
         <file>nwk_globals.obj</file>
         <name>nwk_globals.obj</name>
      </input_file>
      <input_file id="fl-10">
         <path>.\SimpliciTI\Components\mrfi\</path>
         <kind>object</kind>
         <file>mrfi.obj</file>
         <name>mrfi.obj</name>
      </input_file>
      <input_file id="fl-11">
         <path>.\SimpliciTI\Components\bsp\</path>
         <kind>object</kind>
         <file>bsp.obj</file>
         <name>bsp.obj</name>
      </input_file>
      <input_file id="fl-12">
         <path>.\MSP-EXP430F5137_HAL\</path>
         <kind>object</kind>
         <file>RF1A.obj</file>
         <name>RF1A.obj</name>
      </input_file>
      <input_file id="fl-13">
         <path>.\MSP-EXP430F5137_HAL\</path>
         <kind>object</kind>
         <file>hal_adc.obj</file>
         <name>hal_adc.obj</name>
      </input_file>
      <input_file id="fl-14">
         <path>.\MSP-EXP430F5137_HAL\</path>
         <kind>object</kind>
         <file>hal_buttons.obj</file>
         <name>hal_buttons.obj</name>
      </input_file>
      <input_file id="fl-15">
         <path>.\MSP-EXP430F5137_HAL\</path>
         <kind>object</kind>
         <file>hal_leds.obj</file>
         <name>hal_leds.obj</name>
      </input_file>
      <input_file id="fl-16">
         <path>.\F5xx_F6xx_Core_Lib\</path>
         <kind>object</kind>
         <file>HAL_FLASH.obj</file>
         <name>HAL_FLASH.obj</name>
      </input_file>
      <input_file id="fl-17">
         <path>.\F5xx_F6xx_Core_Lib\</path>
         <kind>object</kind>
         <file>HAL_PMAP.obj</file>
         <name>HAL_PMAP.obj</name>
      </input_file>
      <input_file id="fl-18">
         <path>.\F5xx_F6xx_Core_Lib\</path>
         <kind>object</kind>
         <file>HAL_PMM.obj</file>
         <name>HAL_PMM.obj</name>
      </input_file>
      <input_file id="fl-19">
         <path>.\F5xx_F6xx_Core_Lib\</path>
         <kind>object</kind>
         <file>HAL_TLV.obj</file>
         <name>HAL_TLV.obj</name>
      </input_file>
      <input_file id="fl-1a">
         <path>.\F5xx_F6xx_Core_Lib\</path>
         <kind>object</kind>
         <file>HAL_UCS.obj</file>
         <name>HAL_UCS.obj</name>
      </input_file>
      <input_file id="fl-48">
         <path>c:\ti\ccsv6\tools\compiler\msp430_4.1.9\lib\</path>
         <kind>archive</kind>
         <file>rts430x_lc_sd_eabi.lib</file>
         <name>boot.obj</name>
      </input_file>
      <input_file id="fl-49">
         <path>c:\ti\ccsv6\tools\compiler\msp430_4.1.9\lib\</path>
         <kind>archive</kind>
         <file>rts430x_lc_sd_eabi.lib</file>
         <name>copy_decompress_none.obj</name>
      </input_file>
      <input_file id="fl-4a">
         <path>c:\ti\ccsv6\tools\compiler\msp430_4.1.9\lib\</path>
         <kind>archive</kind>
         <file>rts430x_lc_sd_eabi.lib</file>
         <name>copy_decompress_rle.obj</name>
      </input_file>
      <input_file id="fl-4b">
         <path>c:\ti\ccsv6\tools\compiler\msp430_4.1.9\lib\</path>
         <kind>archive</kind>
         <file>rts430x_lc_sd_eabi.lib</file>
         <name>copy_zero_init.obj</name>
      </input_file>
      <input_file id="fl-4c">
         <path>c:\ti\ccsv6\tools\compiler\msp430_4.1.9\lib\</path>
         <kind>archive</kind>
         <file>rts430x_lc_sd_eabi.lib</file>
         <name>cpy_util.obj</name>
      </input_file>
      <input_file id="fl-4d">
         <path>c:\ti\ccsv6\tools\compiler\msp430_4.1.9\lib\</path>
         <kind>archive</kind>
         <file>rts430x_lc_sd_eabi.lib</file>
         <name>div16s.obj</name>
      </input_file>
      <input_file id="fl-4e">
         <path>c:\ti\ccsv6\tools\compiler\msp430_4.1.9\lib\</path>
         <kind>archive</kind>
         <file>rts430x_lc_sd_eabi.lib</file>
         <name>div16u.obj</name>
      </input_file>
      <input_file id="fl-4f">
         <path>c:\ti\ccsv6\tools\compiler\msp430_4.1.9\lib\</path>
         <kind>archive</kind>
         <file>rts430x_lc_sd_eabi.lib</file>
         <name>exit.obj</name>
      </input_file>
      <input_file id="fl-50">
         <path>c:\ti\ccsv6\tools\compiler\msp430_4.1.9\lib\</path>
         <kind>archive</kind>
         <file>rts430x_lc_sd_eabi.lib</file>
         <name>fs_add.obj</name>
      </input_file>
      <input_file id="fl-51">
         <path>c:\ti\ccsv6\tools\compiler\msp430_4.1.9\lib\</path>
         <kind>archive</kind>
         <file>rts430x_lc_sd_eabi.lib</file>
         <name>fs_div.obj</name>
      </input_file>
      <input_file id="fl-52">
         <path>c:\ti\ccsv6\tools\compiler\msp430_4.1.9\lib\</path>
         <kind>archive</kind>
         <file>rts430x_lc_sd_eabi.lib</file>
         <name>fs_itof.obj</name>
      </input_file>
      <input_file id="fl-53">
         <path>c:\ti\ccsv6\tools\compiler\msp430_4.1.9\lib\</path>
         <kind>archive</kind>
         <file>rts430x_lc_sd_eabi.lib</file>
         <name>fs_mpy.obj</name>
      </input_file>
      <input_file id="fl-54">
         <path>c:\ti\ccsv6\tools\compiler\msp430_4.1.9\lib\</path>
         <kind>archive</kind>
         <file>rts430x_lc_sd_eabi.lib</file>
         <name>fs_toi.obj</name>
      </input_file>
      <input_file id="fl-55">
         <path>c:\ti\ccsv6\tools\compiler\msp430_4.1.9\lib\</path>
         <kind>archive</kind>
         <file>rts430x_lc_sd_eabi.lib</file>
         <name>lsr32.obj</name>
      </input_file>
      <input_file id="fl-56">
         <path>c:\ti\ccsv6\tools\compiler\msp430_4.1.9\lib\</path>
         <kind>archive</kind>
         <file>rts430x_lc_sd_eabi.lib</file>
         <name>memcmp.obj</name>
      </input_file>
      <input_file id="fl-57">
         <path>c:\ti\ccsv6\tools\compiler\msp430_4.1.9\lib\</path>
         <kind>archive</kind>
         <file>rts430x_lc_sd_eabi.lib</file>
         <name>memcpy.obj</name>
      </input_file>
      <input_file id="fl-58">
         <path>c:\ti\ccsv6\tools\compiler\msp430_4.1.9\lib\</path>
         <kind>archive</kind>
         <file>rts430x_lc_sd_eabi.lib</file>
         <name>memmov.obj</name>
      </input_file>
      <input_file id="fl-59">
         <path>c:\ti\ccsv6\tools\compiler\msp430_4.1.9\lib\</path>
         <kind>archive</kind>
         <file>rts430x_lc_sd_eabi.lib</file>
         <name>memset.obj</name>
      </input_file>
      <input_file id="fl-5a">
         <path>c:\ti\ccsv6\tools\compiler\msp430_4.1.9\lib\</path>
         <kind>archive</kind>
         <file>rts430x_lc_sd_eabi.lib</file>
         <name>mult16_f5hw.obj</name>
      </input_file>
      <input_file id="fl-5b">
         <path>c:\ti\ccsv6\tools\compiler\msp430_4.1.9\lib\</path>
         <kind>archive</kind>
         <file>rts430x_lc_sd_eabi.lib</file>
         <name>mult32_f5hw.obj</name>
      </input_file>
      <input_file id="fl-5c">
         <path>c:\ti\ccsv6\tools\compiler\msp430_4.1.9\lib\</path>
         <kind>archive</kind>
         <file>rts430x_lc_sd_eabi.lib</file>
         <name>pre_init.obj</name>
      </input_file>
      <input_file id="fl-5d">
         <path>c:\ti\ccsv6\tools\compiler\msp430_4.1.9\lib\</path>
         <kind>archive</kind>
         <file>rts430x_lc_sd_eabi.lib</file>
         <name>_lock.obj</name>
      </input_file>
      <input_file id="fl-5e">
         <path>c:\ti\ccsv6\tools\compiler\msp430_4.1.9\lib\</path>
         <kind>archive</kind>
         <file>rts430x_lc_sd_eabi.lib</file>
         <name>args_main.obj</name>
      </input_file>
      <input_file id="fl-5f">
         <path>c:\ti\ccsv6\tools\compiler\msp430_4.1.9\lib\</path>
         <kind>archive</kind>
         <file>rts430x_lc_sd_eabi.lib</file>
         <name>autoinit.obj</name>
      </input_file>
   </input_file_list>
   <object_component_list>
      <object_component id="oc-a2">
         <name>.stack</name>
         <uninitialized>true</uninitialized>
         <run_address>0x2bac</run_address>
         <size>0x2</size>
         <input_file_ref idref="fl-48"/>
      </object_component>
      <object_component id="oc-658">
         <name>.stack</name>
         <uninitialized>true</uninitialized>
         <run_address>0x2bac</run_address>
         <size>0x0</size>
      </object_component>
      <object_component id="oc-27b">
         <name>.text:MRFI_Init</name>
         <load_address>0x8000</load_address>
         <run_address>0x8000</run_address>
         <size>0x17e</size>
         <input_file_ref idref="fl-10"/>
      </object_component>
      <object_component id="oc-5bd">
         <name>.text:smpl_send_link_reply</name>
         <load_address>0x817e</load_address>
         <run_address>0x817e</run_address>
         <size>0x15e</size>
         <input_file_ref idref="fl-7"/>
      </object_component>
      <object_component id="oc-191">
         <name>.text:linkTo</name>
         <load_address>0x82dc</load_address>
         <run_address>0x82dc</run_address>
         <size>0x15c</size>
         <input_file_ref idref="fl-2"/>
      </object_component>
      <object_component id="oc-2a6">
         <name>.text:nwk_link</name>
         <load_address>0x8438</load_address>
         <run_address>0x8438</run_address>
         <size>0x154</size>
         <input_file_ref idref="fl-7"/>
      </object_component>
      <object_component id="oc-210">
         <name>.text</name>
         <load_address>0x858c</load_address>
         <run_address>0x858c</run_address>
         <size>0x130</size>
         <input_file_ref idref="fl-50"/>
      </object_component>
      <object_component id="oc-179">
         <name>.text:SMPL_Ioctl</name>
         <load_address>0x86bc</load_address>
         <run_address>0x86bc</run_address>
         <size>0x11e</size>
         <input_file_ref idref="fl-d"/>
      </object_component>
      <object_component id="oc-d9">
         <name>.text:Mrfi_SyncPinRxIsr</name>
         <load_address>0x87da</load_address>
         <run_address>0x87da</run_address>
         <size>0xf8</size>
         <input_file_ref idref="fl-10"/>
      </object_component>
      <object_component id="oc-29f">
         <name>.text:nwk_join</name>
         <load_address>0x88d2</load_address>
         <run_address>0x88d2</run_address>
         <size>0xf8</size>
         <input_file_ref idref="fl-6"/>
      </object_component>
      <object_component id="oc-4e1">
         <name>.text:nwk_QfindOldest</name>
         <load_address>0x89ca</load_address>
         <run_address>0x89ca</run_address>
         <size>0xf2</size>
         <input_file_ref idref="fl-c"/>
      </object_component>
      <object_component id="oc-2c4">
         <name>.text:SMPL_SendOpt</name>
         <load_address>0x8abc</load_address>
         <run_address>0x8abc</run_address>
         <size>0xf0</size>
         <input_file_ref idref="fl-d"/>
      </object_component>
      <object_component id="oc-586">
         <name>.text:Init_FLL</name>
         <load_address>0x8bac</load_address>
         <run_address>0x8bac</run_address>
         <size>0xe6</size>
         <input_file_ref idref="fl-1a"/>
      </object_component>
      <object_component id="oc-103">
         <name>.text:Satellite</name>
         <load_address>0x8c92</load_address>
         <run_address>0x8c92</run_address>
         <size>0xe2</size>
         <input_file_ref idref="fl-2"/>
      </object_component>
      <object_component id="oc-2ca">
         <name>.text:nwk_unlink</name>
         <load_address>0x8d74</load_address>
         <run_address>0x8d74</run_address>
         <size>0xd8</size>
         <input_file_ref idref="fl-7"/>
      </object_component>
      <object_component id="oc-cc">
         <name>.text:__TI_decompress_rle_core</name>
         <load_address>0x8e4c</load_address>
         <run_address>0x8e4c</run_address>
         <size>0xd6</size>
         <input_file_ref idref="fl-4a"/>
      </object_component>
      <object_component id="oc-42e">
         <name>.text:nwk_allocateLocalRxPort</name>
         <load_address>0x8f22</load_address>
         <run_address>0x8f22</run_address>
         <size>0xd6</size>
         <input_file_ref idref="fl-b"/>
      </object_component>
      <object_component id="oc-57a">
         <name>.text:SetVCoreUp</name>
         <load_address>0x8ff8</load_address>
         <run_address>0x8ff8</run_address>
         <size>0xce</size>
         <input_file_ref idref="fl-18"/>
      </object_component>
      <object_component id="oc-167">
         <name>.text:HalAdcInit</name>
         <load_address>0x90c6</load_address>
         <run_address>0x90c6</run_address>
         <size>0xc8</size>
         <input_file_ref idref="fl-13"/>
      </object_component>
      <object_component id="oc-4e9">
         <name>.text:MRFI_Transmit</name>
         <load_address>0x918e</load_address>
         <run_address>0x918e</run_address>
         <size>0xc6</size>
         <input_file_ref idref="fl-10"/>
      </object_component>
      <object_component id="oc-20b">
         <name>.text</name>
         <load_address>0x9254</load_address>
         <run_address>0x9254</run_address>
         <size>0xb6</size>
         <input_file_ref idref="fl-53"/>
      </object_component>
      <object_component id="oc-369">
         <name>.text:nwk_retrieveFrame</name>
         <load_address>0x930a</load_address>
         <run_address>0x930a</run_address>
         <size>0xa2</size>
         <input_file_ref idref="fl-e"/>
      </object_component>
      <object_component id="oc-268">
         <name>.text:nwk_radioControl</name>
         <load_address>0x93ac</load_address>
         <run_address>0x93ac</run_address>
         <size>0x9c</size>
         <input_file_ref idref="fl-5"/>
      </object_component>
      <object_component id="oc-138">
         <name>.text:mrfiRadioInterfaceCmdStrobe</name>
         <load_address>0x9448</load_address>
         <run_address>0x9448</run_address>
         <size>0x92</size>
         <input_file_ref idref="fl-10"/>
      </object_component>
      <object_component id="oc-370">
         <name>.text:nwk_buildFrame</name>
         <load_address>0x94da</load_address>
         <run_address>0x94da</run_address>
         <size>0x90</size>
         <input_file_ref idref="fl-e"/>
      </object_component>
      <object_component id="oc-300">
         <name>.text:nwk_isConnectionValid</name>
         <load_address>0x956a</load_address>
         <run_address>0x956a</run_address>
         <size>0x8e</size>
         <input_file_ref idref="fl-b"/>
      </object_component>
      <object_component id="oc-206">
         <name>.text</name>
         <load_address>0x95f8</load_address>
         <run_address>0x95f8</run_address>
         <size>0x8e</size>
         <input_file_ref idref="fl-51"/>
      </object_component>
      <object_component id="oc-574">
         <name>.text:SetVCoreDown</name>
         <load_address>0x9686</load_address>
         <run_address>0x9686</run_address>
         <size>0x8c</size>
         <input_file_ref idref="fl-18"/>
      </object_component>
      <object_component id="oc-1d3">
         <name>.text:dispatchFrame</name>
         <load_address>0x9712</load_address>
         <run_address>0x9712</run_address>
         <size>0x8c</size>
         <input_file_ref idref="fl-e"/>
      </object_component>
      <object_component id="oc-281">
         <name>.text:nwk_nwkInit</name>
         <load_address>0x979e</load_address>
         <run_address>0x979e</run_address>
         <size>0x86</size>
         <input_file_ref idref="fl-b"/>
      </object_component>
      <object_component id="oc-49f">
         <name>.text:nwk_sendAckReply</name>
         <load_address>0x9824</load_address>
         <run_address>0x9824</run_address>
         <size>0x80</size>
         <input_file_ref idref="fl-e"/>
      </object_component>
      <object_component id="oc-2b8">
         <name>.text:HalAdcConvertTempVcc</name>
         <load_address>0x98a4</load_address>
         <run_address>0x98a4</run_address>
         <size>0x7a</size>
         <input_file_ref idref="fl-13"/>
      </object_component>
      <object_component id="oc-1c7">
         <name>.text:nwk_QfindSlot</name>
         <load_address>0x991e</load_address>
         <run_address>0x991e</run_address>
         <size>0x76</size>
         <input_file_ref idref="fl-c"/>
      </object_component>
      <object_component id="oc-aa">
         <name>.text:_auto_init</name>
         <load_address>0x9994</load_address>
         <run_address>0x9994</run_address>
         <size>0x6e</size>
         <input_file_ref idref="fl-5f"/>
      </object_component>
      <object_component id="oc-7f">
         <name>.text:_isr:MRFI_RadioIsr</name>
         <load_address>0x9a02</load_address>
         <run_address>0x9a02</run_address>
         <size>0x68</size>
         <input_file_ref idref="fl-10"/>
      </object_component>
      <object_component id="oc-118">
         <name>.text:mrfiRadioInterfaceReadRxFifo</name>
         <load_address>0x9a6a</load_address>
         <run_address>0x9a6a</run_address>
         <size>0x68</size>
         <input_file_ref idref="fl-10"/>
      </object_component>
      <object_component id="oc-43d">
         <name>.text</name>
         <load_address>0x9ad2</load_address>
         <run_address>0x9ad2</run_address>
         <size>0x68</size>
         <input_file_ref idref="fl-54"/>
      </object_component>
      <object_component id="oc-5b7">
         <name>.text:smpl_send_unlink_reply</name>
         <load_address>0x9b3a</load_address>
         <run_address>0x9b3a</run_address>
         <size>0x68</size>
         <input_file_ref idref="fl-7"/>
      </object_component>
      <object_component id="oc-256">
         <name>.text:nwk_rawSend</name>
         <load_address>0x9ba2</load_address>
         <run_address>0x9ba2</run_address>
         <size>0x52</size>
         <input_file_ref idref="fl-5"/>
      </object_component>
      <object_component id="oc-326">
         <name>.text:Bsp_SetClocks</name>
         <load_address>0x9bf4</load_address>
         <run_address>0x9bf4</run_address>
         <size>0x4c</size>
         <input_file_ref idref="fl-11"/>
      </object_component>
      <object_component id="oc-112">
         <name>.text:mrfiRadioInterfaceReadReg</name>
         <load_address>0x9c40</load_address>
         <run_address>0x9c40</run_address>
         <size>0x48</size>
         <input_file_ref idref="fl-10"/>
      </object_component>
      <object_component id="oc-9b">
         <name>.text:_isr:Port1_ISR</name>
         <load_address>0x9c88</load_address>
         <run_address>0x9c88</run_address>
         <size>0x44</size>
         <input_file_ref idref="fl-14"/>
      </object_component>
      <object_component id="oc-94">
         <name>.text:_isr:Port2_ISR</name>
         <load_address>0x9ccc</load_address>
         <run_address>0x9ccc</run_address>
         <size>0x44</size>
         <input_file_ref idref="fl-14"/>
      </object_component>
      <object_component id="oc-5ae">
         <name>.text:smpl_send_ping_reply</name>
         <load_address>0x9d10</load_address>
         <run_address>0x9d10</run_address>
         <size>0x44</size>
         <input_file_ref idref="fl-9"/>
      </object_component>
      <object_component id="oc-417">
         <name>.text:MRFI_ReplyDelay</name>
         <load_address>0x9d54</load_address>
         <run_address>0x9d54</run_address>
         <size>0x40</size>
         <input_file_ref idref="fl-10"/>
      </object_component>
      <object_component id="oc-bb">
         <name>.text:__memcpy_far</name>
         <load_address>0x9d94</load_address>
         <run_address>0x9d94</run_address>
         <size>0x40</size>
         <input_file_ref idref="fl-4c"/>
      </object_component>
      <object_component id="oc-428">
         <name>.text:nwk_getNextConnection</name>
         <load_address>0x9dd4</load_address>
         <run_address>0x9dd4</run_address>
         <size>0x40</size>
         <input_file_ref idref="fl-b"/>
      </object_component>
      <object_component id="oc-552">
         <name>.text:nwk_isValidReply</name>
         <load_address>0x9e14</load_address>
         <run_address>0x9e14</run_address>
         <size>0x40</size>
         <input_file_ref idref="fl-b"/>
      </object_component>
      <object_component id="oc-447">
         <name>.text:l_lsr_const</name>
         <load_address>0x9e54</load_address>
         <run_address>0x9e54</run_address>
         <size>0x3e</size>
         <input_file_ref idref="fl-55"/>
      </object_component>
      <object_component id="oc-5d3">
         <name>.text:nwk_findPeer</name>
         <load_address>0x9e92</load_address>
         <run_address>0x9e92</run_address>
         <size>0x3e</size>
         <input_file_ref idref="fl-b"/>
      </object_component>
      <object_component id="oc-4b4">
         <name>.text:SetVCore</name>
         <load_address>0x9ed0</load_address>
         <run_address>0x9ed0</run_address>
         <size>0x3c</size>
         <input_file_ref idref="fl-18"/>
      </object_component>
      <object_component id="oc-69">
         <name>.text:decompress:none:__TI_decompress_none</name>
         <load_address>0x9f0c</load_address>
         <run_address>0x9f0c</run_address>
         <size>0x3c</size>
         <input_file_ref idref="fl-49"/>
      </object_component>
      <object_component id="oc-5e0">
         <name>.text:nwk_isLinkDuplicate</name>
         <load_address>0x9f48</load_address>
         <run_address>0x9f48</run_address>
         <size>0x3c</size>
         <input_file_ref idref="fl-b"/>
      </object_component>
      <object_component id="oc-126">
         <name>.text:Mrfi_RxAddrIsFiltered</name>
         <load_address>0x9f84</load_address>
         <run_address>0x9f84</run_address>
         <size>0x3a</size>
         <input_file_ref idref="fl-10"/>
      </object_component>
      <object_component id="oc-497">
         <name>.text:nwk_processMgmt</name>
         <load_address>0x9fbe</load_address>
         <run_address>0x9fbe</run_address>
         <size>0x3a</size>
         <input_file_ref idref="fl-8"/>
      </object_component>
      <object_component id="oc-6e">
         <name>.text:decompress:ZI:__TI_zero_init</name>
         <load_address>0x9ff8</load_address>
         <run_address>0x9ff8</run_address>
         <size>0x38</size>
         <input_file_ref idref="fl-4b"/>
      </object_component>
      <object_component id="oc-542">
         <name>.text:initializeConnection</name>
         <load_address>0xa030</load_address>
         <run_address>0xa030</run_address>
         <size>0x38</size>
         <input_file_ref idref="fl-b"/>
      </object_component>
      <object_component id="oc-1db">
         <name>.text:mrfiRadioInterfaceWriteReg</name>
         <load_address>0xa068</load_address>
         <run_address>0xa068</run_address>
         <size>0x36</size>
         <input_file_ref idref="fl-10"/>
      </object_component>
      <object_component id="oc-58f">
         <name>.text:mrfiRadioInterfaceWriteTxFifo</name>
         <load_address>0xa09e</load_address>
         <run_address>0xa09e</run_address>
         <size>0x36</size>
         <input_file_ref idref="fl-10"/>
      </object_component>
      <object_component id="oc-411">
         <name>.text:nwk_putNumObjectIntoMsg</name>
         <load_address>0xa0d4</load_address>
         <run_address>0xa0d4</run_address>
         <size>0x36</size>
         <input_file_ref idref="fl-b"/>
      </object_component>
      <object_component id="oc-201">
         <name>.text</name>
         <load_address>0xa10a</load_address>
         <run_address>0xa10a</run_address>
         <size>0x36</size>
         <input_file_ref idref="fl-52"/>
      </object_component>
      <object_component id="oc-15b">
         <name>.text:HalButtonsInit</name>
         <load_address>0xa140</load_address>
         <run_address>0xa140</run_address>
         <size>0x34</size>
         <input_file_ref idref="fl-14"/>
      </object_component>
      <object_component id="oc-18b">
         <name>.text:SMPL_Init</name>
         <load_address>0xa174</load_address>
         <run_address>0xa174</run_address>
         <size>0x34</size>
         <input_file_ref idref="fl-d"/>
      </object_component>
      <object_component id="oc-4bb">
         <name>.text:Init_FLL_Settle</name>
         <load_address>0xa1a8</load_address>
         <run_address>0xa1a8</run_address>
         <size>0x32</size>
         <input_file_ref idref="fl-1a"/>
      </object_component>
      <object_component id="oc-3b4">
         <name>.text:MRFI_SetLogicalChannel</name>
         <load_address>0xa1da</load_address>
         <run_address>0xa1da</run_address>
         <size>0x32</size>
         <input_file_ref idref="fl-10"/>
      </object_component>
      <object_component id="oc-24a">
         <name>.text:nwk_deviceAddress</name>
         <load_address>0xa20c</load_address>
         <run_address>0xa20c</run_address>
         <size>0x32</size>
         <input_file_ref idref="fl-5"/>
      </object_component>
      <object_component id="oc-3ee">
         <name>.text:nwk_linkInit</name>
         <load_address>0xa23e</load_address>
         <run_address>0xa23e</run_address>
         <size>0x30</size>
         <input_file_ref idref="fl-7"/>
      </object_component>
      <object_component id="oc-250">
         <name>.text:nwk_rawReceive</name>
         <load_address>0xa26e</load_address>
         <run_address>0xa26e</run_address>
         <size>0x30</size>
         <input_file_ref idref="fl-5"/>
      </object_component>
      <object_component id="oc-376">
         <name>.text:nwk_sendFrame</name>
         <load_address>0xa29e</load_address>
         <run_address>0xa29e</run_address>
         <size>0x30</size>
         <input_file_ref idref="fl-e"/>
      </object_component>
      <object_component id="oc-12c">
         <name>.text:Mrfi_CalculateRssi</name>
         <load_address>0xa2ce</load_address>
         <run_address>0xa2ce</run_address>
         <size>0x2e</size>
         <input_file_ref idref="fl-10"/>
      </object_component>
      <object_component id="oc-2ec">
         <name>.text:nwk_QadjustOrder</name>
         <load_address>0xa2fc</load_address>
         <run_address>0xa2fc</run_address>
         <size>0x2e</size>
         <input_file_ref idref="fl-c"/>
      </object_component>
      <object_component id="oc-161">
         <name>.text:HalButtonsInterruptEnable</name>
         <load_address>0xa32a</load_address>
         <run_address>0xa32a</run_address>
         <size>0x2c</size>
         <input_file_ref idref="fl-14"/>
      </object_component>
      <object_component id="oc-53a">
         <name>.text:Mrfi_DelayUsecSem</name>
         <load_address>0xa356</load_address>
         <run_address>0xa356</run_address>
         <size>0x2c</size>
         <input_file_ref idref="fl-10"/>
      </object_component>
      <object_component id="oc-3ba">
         <name>.text:Mrfi_RxModeOff</name>
         <load_address>0xa382</load_address>
         <run_address>0xa382</run_address>
         <size>0x2c</size>
         <input_file_ref idref="fl-10"/>
      </object_component>
      <object_component id="oc-1c1">
         <name>.text</name>
         <load_address>0xa3ae</load_address>
         <run_address>0xa3ae</run_address>
         <size>0x2c</size>
         <input_file_ref idref="fl-4d"/>
      </object_component>
      <object_component id="oc-293">
         <name>.text:MRFI_SetRxAddrFilter</name>
         <load_address>0xa3da</load_address>
         <run_address>0xa3da</run_address>
         <size>0x2a</size>
         <input_file_ref idref="fl-10"/>
      </object_component>
      <object_component id="oc-4f2">
         <name>.text:map_lid2idx</name>
         <load_address>0xa404</load_address>
         <run_address>0xa404</run_address>
         <size>0x2a</size>
         <input_file_ref idref="fl-b"/>
      </object_component>
      <object_component id="oc-2ac">
         <name>.text:HalAlphaButtonsPressed</name>
         <load_address>0xa42e</load_address>
         <run_address>0xa42e</run_address>
         <size>0x28</size>
         <input_file_ref idref="fl-14"/>
      </object_component>
      <object_component id="oc-86">
         <name>.text:_isr:ADC12_ISR</name>
         <load_address>0xa456</load_address>
         <run_address>0xa456</run_address>
         <size>0x28</size>
         <input_file_ref idref="fl-13"/>
      </object_component>
      <object_component id="oc-37f">
         <name>.text:nwk_getConnInfo</name>
         <load_address>0xa47e</load_address>
         <run_address>0xa47e</run_address>
         <size>0x28</size>
         <input_file_ref idref="fl-b"/>
      </object_component>
      <object_component id="oc-479">
         <name>.text:nwk_processPing</name>
         <load_address>0xa4a6</load_address>
         <run_address>0xa4a6</run_address>
         <size>0x28</size>
         <input_file_ref idref="fl-9"/>
      </object_component>
      <object_component id="oc-3a4">
         <name>.text:MRFI_Sleep</name>
         <load_address>0xa4ce</load_address>
         <run_address>0xa4ce</run_address>
         <size>0x26</size>
         <input_file_ref idref="fl-10"/>
      </object_component>
      <object_component id="oc-1e1">
         <name>.text:Mrfi_DelayUsec</name>
         <load_address>0xa4f4</load_address>
         <run_address>0xa4f4</run_address>
         <size>0x26</size>
         <input_file_ref idref="fl-10"/>
      </object_component>
      <object_component id="oc-560">
         <name>.text:handleLinkRequest</name>
         <load_address>0xa51a</load_address>
         <run_address>0xa51a</run_address>
         <size>0x26</size>
         <input_file_ref idref="fl-7"/>
      </object_component>
      <object_component id="oc-44e">
         <name>.text:nwk_checkConnInfo</name>
         <load_address>0xa540</load_address>
         <run_address>0xa540</run_address>
         <size>0x26</size>
         <input_file_ref idref="fl-b"/>
      </object_component>
      <object_component id="oc-3c4">
         <name>.text:nwk_globalsInit</name>
         <load_address>0xa566</load_address>
         <run_address>0xa566</run_address>
         <size>0x26</size>
         <input_file_ref idref="fl-f"/>
      </object_component>
      <object_component id="oc-3e2">
         <name>.text:nwk_joinInit</name>
         <load_address>0xa58c</load_address>
         <run_address>0xa58c</run_address>
         <size>0x26</size>
         <input_file_ref idref="fl-6"/>
      </object_component>
      <object_component id="oc-47f">
         <name>.text:nwk_processLink</name>
         <load_address>0xa5b2</load_address>
         <run_address>0xa5b2</run_address>
         <size>0x26</size>
         <input_file_ref idref="fl-7"/>
      </object_component>
      <object_component id="oc-319">
         <name>.text:BSP_Delay</name>
         <load_address>0xa5d8</load_address>
         <run_address>0xa5d8</run_address>
         <size>0x24</size>
         <input_file_ref idref="fl-11"/>
      </object_component>
      <object_component id="oc-1ec">
         <name>.text:BSP_InitBoard</name>
         <load_address>0xa5fc</load_address>
         <run_address>0xa5fc</run_address>
         <size>0x22</size>
         <input_file_ref idref="fl-11"/>
      </object_component>
      <object_component id="oc-39e">
         <name>.text:MRFI_Rssi</name>
         <load_address>0xa61e</load_address>
         <run_address>0xa61e</run_address>
         <size>0x22</size>
         <input_file_ref idref="fl-10"/>
      </object_component>
      <object_component id="oc-287">
         <name>.text:MRFI_WakeUp</name>
         <load_address>0xa640</load_address>
         <run_address>0xa640</run_address>
         <size>0x22</size>
         <input_file_ref idref="fl-10"/>
      </object_component>
      <object_component id="oc-2f8">
         <name>.text:memcmp</name>
         <load_address>0xa662</load_address>
         <run_address>0xa662</run_address>
         <size>0x22</size>
         <input_file_ref idref="fl-56"/>
      </object_component>
      <object_component id="oc-454">
         <name>.text:nwk_buildAckReqFrame</name>
         <load_address>0xa684</load_address>
         <run_address>0xa684</run_address>
         <size>0x22</size>
         <input_file_ref idref="fl-e"/>
      </object_component>
      <object_component id="oc-442">
         <name>.text</name>
         <load_address>0xa6a6</load_address>
         <run_address>0xa6a6</run_address>
         <size>0x22</size>
         <input_file_ref idref="fl-5b"/>
      </object_component>
      <object_component id="oc-155">
         <name>.text:BSP_Init</name>
         <load_address>0xa6c8</load_address>
         <run_address>0xa6c8</run_address>
         <size>0x20</size>
         <input_file_ref idref="fl-11"/>
      </object_component>
      <object_component id="oc-2b2">
         <name>.text:HalAdcStartRead</name>
         <load_address>0xa6e8</load_address>
         <run_address>0xa6e8</run_address>
         <size>0x20</size>
         <input_file_ref idref="fl-13"/>
      </object_component>
      <object_component id="oc-299">
         <name>.text:MRFI_EnableRxAddrFilter</name>
         <load_address>0xa708</load_address>
         <run_address>0xa708</run_address>
         <size>0x20</size>
         <input_file_ref idref="fl-10"/>
      </object_component>
      <object_component id="oc-132">
         <name>.text:MRFI_RxCompleteISR</name>
         <load_address>0xa728</load_address>
         <run_address>0xa728</run_address>
         <size>0x20</size>
         <input_file_ref idref="fl-e"/>
      </object_component>
      <object_component id="oc-392">
         <name>.text:MRFI_RxIdle</name>
         <load_address>0xa748</load_address>
         <run_address>0xa748</run_address>
         <size>0x20</size>
         <input_file_ref idref="fl-10"/>
      </object_component>
      <object_component id="oc-398">
         <name>.text:MRFI_RxOn</name>
         <load_address>0xa768</load_address>
         <run_address>0xa768</run_address>
         <size>0x20</size>
         <input_file_ref idref="fl-10"/>
      </object_component>
      <object_component id="oc-534">
         <name>.text:memmove</name>
         <load_address>0xa788</load_address>
         <run_address>0xa788</run_address>
         <size>0x20</size>
         <input_file_ref idref="fl-58"/>
      </object_component>
      <object_component id="oc-262">
         <name>.text:nwk_connectionControl</name>
         <load_address>0xa7a8</load_address>
         <run_address>0xa7a8</run_address>
         <size>0x20</size>
         <input_file_ref idref="fl-5"/>
      </object_component>
      <object_component id="oc-595">
         <name>.text:Mrfi_RandomBackoffDelay</name>
         <load_address>0xa7c8</load_address>
         <run_address>0xa7c8</run_address>
         <size>0x1e</size>
         <input_file_ref idref="fl-10"/>
      </object_component>
      <object_component id="oc-3ca">
         <name>.text:nwk_frameInit</name>
         <load_address>0xa7e6</load_address>
         <run_address>0xa7e6</run_address>
         <size>0x1e</size>
         <input_file_ref idref="fl-e"/>
      </object_component>
      <object_component id="oc-35c">
         <name>.text:nwk_setMyAddress</name>
         <load_address>0xa804</load_address>
         <run_address>0xa804</run_address>
         <size>0x1e</size>
         <input_file_ref idref="fl-f"/>
      </object_component>
      <object_component id="oc-38c">
         <name>.text:MRFI_SetRFPwr</name>
         <load_address>0xa822</load_address>
         <run_address>0xa822</run_address>
         <size>0x1c</size>
         <input_file_ref idref="fl-10"/>
      </object_component>
      <object_component id="oc-3d0">
         <name>.text:nwk_QInit</name>
         <load_address>0xa83e</load_address>
         <run_address>0xa83e</run_address>
         <size>0x1c</size>
         <input_file_ref idref="fl-c"/>
      </object_component>
      <object_component id="oc-485">
         <name>.text:nwk_processJoin</name>
         <load_address>0xa85a</load_address>
         <run_address>0xa85a</run_address>
         <size>0x1c</size>
         <input_file_ref idref="fl-6"/>
      </object_component>
      <object_component id="oc-8d">
         <name>.text:_isr:WDT_ISR</name>
         <load_address>0xa876</load_address>
         <run_address>0xa876</run_address>
         <size>0x1a</size>
         <input_file_ref idref="fl-14"/>
      </object_component>
      <object_component id="oc-63">
         <name>.text:_isr:_c_int00_noexit</name>
         <load_address>0xa890</load_address>
         <run_address>0xa890</run_address>
         <size>0x1a</size>
         <input_file_ref idref="fl-48"/>
      </object_component>
      <object_component id="oc-17f">
         <name>.text:MRFI_DelayMs</name>
         <load_address>0xa8aa</load_address>
         <run_address>0xa8aa</run_address>
         <size>0x18</size>
         <input_file_ref idref="fl-10"/>
      </object_component>
      <object_component id="oc-330">
         <name>.text:BSP_InitLeds</name>
         <load_address>0xa8c2</load_address>
         <run_address>0xa8c2</run_address>
         <size>0x16</size>
         <input_file_ref idref="fl-11"/>
      </object_component>
      <object_component id="oc-517">
         <name>.text:MRFI_RandomByte</name>
         <load_address>0xa8d8</load_address>
         <run_address>0xa8d8</run_address>
         <size>0x16</size>
         <input_file_ref idref="fl-10"/>
      </object_component>
      <object_component id="oc-4ff">
         <name>.text:Mrfi_RxModeOn</name>
         <load_address>0xa8ee</load_address>
         <run_address>0xa8ee</run_address>
         <size>0x16</size>
         <input_file_ref idref="fl-10"/>
      </object_component>
      <object_component id="oc-2e3">
         <name>.text</name>
         <load_address>0xa904</load_address>
         <run_address>0xa904</run_address>
         <size>0x16</size>
         <input_file_ref idref="fl-4e"/>
      </object_component>
      <object_component id="oc-4ad">
         <name>.text</name>
         <load_address>0xa91a</load_address>
         <run_address>0xa91a</run_address>
         <size>0x16</size>
         <input_file_ref idref="fl-5a"/>
      </object_component>
      <object_component id="oc-173">
         <name>.text:SetupRtc</name>
         <load_address>0xa930</load_address>
         <run_address>0xa930</run_address>
         <size>0x14</size>
         <input_file_ref idref="fl-2"/>
      </object_component>
      <object_component id="oc-21b">
         <name>.text:ioctlPreInitAccessIsOK</name>
         <load_address>0xa944</load_address>
         <run_address>0xa944</run_address>
         <size>0x14</size>
         <input_file_ref idref="fl-d"/>
      </object_component>
      <object_component id="oc-121">
         <name>.text:memset</name>
         <load_address>0xa958</load_address>
         <run_address>0xa958</run_address>
         <size>0x14</size>
         <input_file_ref idref="fl-59"/>
      </object_component>
      <object_component id="oc-245">
         <name>.text:memcpy</name>
         <load_address>0xa96c</load_address>
         <run_address>0xa96c</run_address>
         <size>0x12</size>
         <input_file_ref idref="fl-57"/>
      </object_component>
      <object_component id="oc-22d">
         <name>.text:nwk_getJoinToken</name>
         <load_address>0xa97e</load_address>
         <run_address>0xa97e</run_address>
         <size>0x12</size>
         <input_file_ref idref="fl-6"/>
      </object_component>
      <object_component id="oc-221">
         <name>.text:nwk_getLinkToken</name>
         <load_address>0xa990</load_address>
         <run_address>0xa990</run_address>
         <size>0x12</size>
         <input_file_ref idref="fl-7"/>
      </object_component>
      <object_component id="oc-28d">
         <name>.text:nwk_getMyAddress</name>
         <load_address>0xa9a2</load_address>
         <run_address>0xa9a2</run_address>
         <size>0x12</size>
         <input_file_ref idref="fl-f"/>
      </object_component>
      <object_component id="oc-233">
         <name>.text:nwk_setJoinToken</name>
         <load_address>0xa9b4</load_address>
         <run_address>0xa9b4</run_address>
         <size>0x12</size>
         <input_file_ref idref="fl-6"/>
      </object_component>
      <object_component id="oc-227">
         <name>.text:nwk_setLinkToken</name>
         <load_address>0xa9c6</load_address>
         <run_address>0xa9c6</run_address>
         <size>0x12</size>
         <input_file_ref idref="fl-7"/>
      </object_component>
      <object_component id="oc-185">
         <name>.text:sCB</name>
         <load_address>0xa9d8</load_address>
         <run_address>0xa9d8</run_address>
         <size>0x12</size>
         <input_file_ref idref="fl-2"/>
      </object_component>
      <object_component id="oc-ed">
         <name>.text:HalButtonsStartWDT</name>
         <load_address>0xa9ea</load_address>
         <run_address>0xa9ea</run_address>
         <size>0x10</size>
         <input_file_ref idref="fl-14"/>
      </object_component>
      <object_component id="oc-78">
         <name>.text:_isr:RTC_ISR</name>
         <load_address>0xa9fa</load_address>
         <run_address>0xa9fa</run_address>
         <size>0x10</size>
         <input_file_ref idref="fl-2"/>
      </object_component>
      <object_component id="oc-336">
         <name>.text:BSP_InitButtons</name>
         <load_address>0xaa0a</load_address>
         <run_address>0xaa0a</run_address>
         <size>0xe</size>
         <input_file_ref idref="fl-11"/>
      </object_component>
      <object_component id="oc-73">
         <name>.text:decompress:rle24:__TI_decompress_rle24</name>
         <load_address>0xaa18</load_address>
         <run_address>0xaa18</run_address>
         <size>0xe</size>
         <input_file_ref idref="fl-4a"/>
      </object_component>
      <object_component id="oc-4a5">
         <name>.text:MRFI_PostKillSem</name>
         <load_address>0xaa26</load_address>
         <run_address>0xaa26</run_address>
         <size>0xc</size>
         <input_file_ref idref="fl-10"/>
      </object_component>
      <object_component id="oc-1cd">
         <name>.text:MRFI_Receive</name>
         <load_address>0xaa32</load_address>
         <run_address>0xaa32</run_address>
         <size>0xc</size>
         <input_file_ref idref="fl-10"/>
      </object_component>
      <object_component id="oc-558">
         <name>.text:handlePingRequest</name>
         <load_address>0xaa3e</load_address>
         <run_address>0xaa3e</run_address>
         <size>0xc</size>
         <input_file_ref idref="fl-9"/>
      </object_component>
      <object_component id="oc-5da">
         <name>.text:nwk_getNumObjectFromMsg</name>
         <load_address>0xaa4a</load_address>
         <run_address>0xaa4a</run_address>
         <size>0xc</size>
         <input_file_ref idref="fl-b"/>
      </object_component>
      <object_component id="oc-41d">
         <name>.text:nwk_setAPAddress</name>
         <load_address>0xaa56</load_address>
         <run_address>0xaa56</run_address>
         <size>0xc</size>
         <input_file_ref idref="fl-f"/>
      </object_component>
      <object_component id="oc-2be">
         <name>.text:HalAdcGetVcc</name>
         <load_address>0xaa62</load_address>
         <run_address>0xaa62</run_address>
         <size>0xa</size>
         <input_file_ref idref="fl-13"/>
      </object_component>
      <object_component id="oc-af">
         <name>.text:main</name>
         <load_address>0xaa6c</load_address>
         <run_address>0xaa6c</run_address>
         <size>0xa</size>
         <input_file_ref idref="fl-3"/>
      </object_component>
      <object_component id="oc-3e8">
         <name>.text:nwk_mgmtInit</name>
         <load_address>0xaa76</load_address>
         <run_address>0xaa76</run_address>
         <size>0xa</size>
         <input_file_ref idref="fl-8"/>
      </object_component>
      <object_component id="oc-3dc">
         <name>.text:nwk_pingInit</name>
         <load_address>0xaa80</load_address>
         <run_address>0xaa80</run_address>
         <size>0xa</size>
         <input_file_ref idref="fl-9"/>
      </object_component>
      <object_component id="oc-1f2">
         <name>.text:BSP_InitDrivers</name>
         <load_address>0xaa8a</load_address>
         <run_address>0xaa8a</run_address>
         <size>0x8</size>
         <input_file_ref idref="fl-11"/>
      </object_component>
      <object_component id="oc-320">
         <name>.text:Bsp_SetVCore</name>
         <load_address>0xaa92</load_address>
         <run_address>0xaa92</run_address>
         <size>0x8</size>
         <input_file_ref idref="fl-11"/>
      </object_component>
      <object_component id="oc-16d">
         <name>.text:HalAdcSetQuitFromISR</name>
         <load_address>0xaa9a</load_address>
         <run_address>0xaa9a</run_address>
         <size>0x6</size>
         <input_file_ref idref="fl-13"/>
      </object_component>
      <object_component id="oc-40b">
         <name>.text:MRFI_GetRadioState</name>
         <load_address>0xaaa0</load_address>
         <run_address>0xaaa0</run_address>
         <size>0x6</size>
         <input_file_ref idref="fl-10"/>
      </object_component>
      <object_component id="oc-385">
         <name>.text:nwk_freeConnection</name>
         <load_address>0xaaa6</load_address>
         <run_address>0xaaa6</run_address>
         <size>0x6</size>
         <input_file_ref idref="fl-b"/>
      </object_component>
      <object_component id="oc-3fa">
         <name>.text:nwk_getBCastAddress</name>
         <load_address>0xaaac</load_address>
         <run_address>0xaaac</run_address>
         <size>0x6</size>
         <input_file_ref idref="fl-f"/>
      </object_component>
      <object_component id="oc-23f">
         <name>.text:nwk_getFWVersion</name>
         <load_address>0xaab2</load_address>
         <run_address>0xaab2</run_address>
         <size>0x6</size>
         <input_file_ref idref="fl-f"/>
      </object_component>
      <object_component id="oc-434">
         <name>.text:nwk_getMyRxType</name>
         <load_address>0xaab8</load_address>
         <run_address>0xaab8</run_address>
         <size>0x6</size>
         <input_file_ref idref="fl-e"/>
      </object_component>
      <object_component id="oc-a5">
         <name>.text:_system_pre_init</name>
         <load_address>0xaabe</load_address>
         <run_address>0xaabe</run_address>
         <size>0x4</size>
         <input_file_ref idref="fl-5c"/>
      </object_component>
      <object_component id="oc-b5">
         <name>.text:abort</name>
         <load_address>0xaac2</load_address>
         <run_address>0xaac2</run_address>
         <size>0x4</size>
         <input_file_ref idref="fl-4f"/>
      </object_component>
      <object_component id="oc-25c">
         <name>.text:nwk_NVObj</name>
         <load_address>0xaac6</load_address>
         <run_address>0xaac6</run_address>
         <size>0x4</size>
         <input_file_ref idref="fl-b"/>
      </object_component>
      <object_component id="oc-239">
         <name>.text:nwk_getProtocolVersion</name>
         <load_address>0xaaca</load_address>
         <run_address>0xaaca</run_address>
         <size>0x4</size>
         <input_file_ref idref="fl-f"/>
      </object_component>
      <object_component id="oc-491">
         <name>.text:nwk_processFreq</name>
         <load_address>0xaace</load_address>
         <run_address>0xaace</run_address>
         <size>0x4</size>
         <input_file_ref idref="fl-4"/>
      </object_component>
      <object_component id="oc-48b">
         <name>.text:nwk_processSecurity</name>
         <load_address>0xaad2</load_address>
         <run_address>0xaad2</run_address>
         <size>0x4</size>
         <input_file_ref idref="fl-a"/>
      </object_component>
      <object_component id="oc-3d6">
         <name>.text:nwk_freqInit</name>
         <load_address>0xaad6</load_address>
         <run_address>0xaad6</run_address>
         <size>0x2</size>
         <input_file_ref idref="fl-4"/>
      </object_component>
      <object_component id="oc-3f4">
         <name>.text:nwk_securityInit</name>
         <load_address>0xaad8</load_address>
         <run_address>0xaad8</run_address>
         <size>0x2</size>
         <input_file_ref idref="fl-a"/>
      </object_component>
      <object_component id="oc-656">
         <name>.cinit..data.load</name>
         <load_address>0xab48</load_address>
         <run_address>0xab48</run_address>
         <size>0x14</size>
      </object_component>
      <object_component id="oc-653">
         <name>__TI_handler_table</name>
         <load_address>0xab5c</load_address>
         <run_address>0xab5c</run_address>
         <size>0xc</size>
      </object_component>
      <object_component id="oc-655">
         <name>.cinit..bss.load</name>
         <load_address>0xab68</load_address>
         <run_address>0xab68</run_address>
         <size>0x6</size>
      </object_component>
      <object_component id="oc-657">
         <name>.cinit..infoB.load</name>
         <load_address>0xab6e</load_address>
         <run_address>0xab6e</run_address>
         <size>0x6</size>
      </object_component>
      <object_component id="oc-654">
         <name>__TI_cinit_table</name>
         <load_address>0xab74</load_address>
         <run_address>0xab74</run_address>
         <size>0x18</size>
      </object_component>
      <object_component id="oc-3b1">
         <name>.const:mrfiRadioCfg</name>
         <load_address>0xaada</load_address>
         <run_address>0xaada</run_address>
         <size>0x40</size>
         <input_file_ref idref="fl-10"/>
      </object_component>
      <object_component id="oc-2fd">
         <name>.const:func</name>
         <load_address>0xab1a</load_address>
         <run_address>0xab1a</run_address>
         <size>0x18</size>
         <input_file_ref idref="fl-e"/>
      </object_component>
      <object_component id="oc-355">
         <name>.const</name>
         <load_address>0xab32</load_address>
         <run_address>0xab32</run_address>
         <size>0x9</size>
         <input_file_ref idref="fl-f"/>
      </object_component>
      <object_component id="oc-1ba">
         <name>.const:.string:mrfiBroadcastAddr</name>
         <load_address>0xab3c</load_address>
         <run_address>0xab3c</run_address>
         <size>0x4</size>
         <input_file_ref idref="fl-10"/>
      </object_component>
      <object_component id="oc-50a">
         <name>.const:.string:mrfiLogicalChanTable</name>
         <load_address>0xab40</load_address>
         <run_address>0xab40</run_address>
         <size>0x4</size>
         <input_file_ref idref="fl-10"/>
      </object_component>
      <object_component id="oc-4fa">
         <name>.const:.string:mrfiRFPowerTable</name>
         <load_address>0xab44</load_address>
         <run_address>0xab44</run_address>
         <size>0x3</size>
         <input_file_ref idref="fl-10"/>
      </object_component>
      <object_component id="oc-1fe">
         <name>.infoB</name>
         <uninitialized>true</uninitialized>
         <run_address>0x1900</run_address>
         <size>0x2</size>
         <input_file_ref idref="fl-13"/>
      </object_component>
      <object_component id="oc-79">
         <name>.int46</name>
         <load_address>0xffdc</load_address>
         <run_address>0xffdc</run_address>
         <size>0x2</size>
         <input_file_ref idref="fl-2"/>
      </object_component>
      <object_component id="oc-95">
         <name>.int48</name>
         <load_address>0xffe0</load_address>
         <run_address>0xffe0</run_address>
         <size>0x2</size>
         <input_file_ref idref="fl-14"/>
      </object_component>
      <object_component id="oc-9c">
         <name>.int49</name>
         <load_address>0xffe2</load_address>
         <run_address>0xffe2</run_address>
         <size>0x2</size>
         <input_file_ref idref="fl-14"/>
      </object_component>
      <object_component id="oc-80">
         <name>.int53</name>
         <load_address>0xffea</load_address>
         <run_address>0xffea</run_address>
         <size>0x2</size>
         <input_file_ref idref="fl-10"/>
      </object_component>
      <object_component id="oc-87">
         <name>.int56</name>
         <load_address>0xfff0</load_address>
         <run_address>0xfff0</run_address>
         <size>0x2</size>
         <input_file_ref idref="fl-13"/>
      </object_component>
      <object_component id="oc-8e">
         <name>.int59</name>
         <load_address>0xfff6</load_address>
         <run_address>0xfff6</run_address>
         <size>0x2</size>
         <input_file_ref idref="fl-14"/>
      </object_component>
      <object_component id="oc-64">
         <name>.reset</name>
         <load_address>0xfffe</load_address>
         <run_address>0xfffe</run_address>
         <size>0x2</size>
         <input_file_ref idref="fl-48"/>
      </object_component>
      <object_component id="oc-11e">
         <name>.bss</name>
         <uninitialized>true</uninitialized>
         <run_address>0x1d32</run_address>
         <size>0x18</size>
         <input_file_ref idref="fl-10"/>
      </object_component>
      <object_component id="oc-1fb">
         <name>.bss</name>
         <uninitialized>true</uninitialized>
         <run_address>0x1d4a</run_address>
         <size>0x8</size>
         <input_file_ref idref="fl-13"/>
      </object_component>
      <object_component id="oc-2e9">
         <name>.bss</name>
         <uninitialized>true</uninitialized>
         <run_address>0x1cca</run_address>
         <size>0x68</size>
         <input_file_ref idref="fl-c"/>
      </object_component>
      <object_component id="oc-405">
         <name>.bss</name>
         <uninitialized>true</uninitialized>
         <run_address>0x1d52</run_address>
         <size>0x8</size>
         <input_file_ref idref="fl-f"/>
      </object_component>
      <object_component id="oc-529">
         <name>.bss</name>
         <uninitialized>true</uninitialized>
         <run_address>0x1d5a</run_address>
         <size>0x8</size>
         <input_file_ref idref="fl-7"/>
      </object_component>
      <object_component id="oc-e5">
         <name>.data</name>
         <load_address>0x1c8a</load_address>
         <run_address>0x1c8a</run_address>
         <size>0x14</size>
         <input_file_ref idref="fl-13"/>
      </object_component>
      <object_component id="oc-e9">
         <name>.data</name>
         <load_address>0x1cc7</load_address>
         <run_address>0x1cc7</run_address>
         <size>0x2</size>
         <input_file_ref idref="fl-14"/>
      </object_component>
      <object_component id="oc-10f">
         <name>.data</name>
         <load_address>0x1c72</load_address>
         <run_address>0x1c72</run_address>
         <size>0x17</size>
         <input_file_ref idref="fl-10"/>
      </object_component>
      <object_component id="oc-1bd">
         <name>.data:mrfiRxFilterAddr</name>
         <load_address>0x1cc0</load_address>
         <run_address>0x1cc0</run_address>
         <size>0x4</size>
         <input_file_ref idref="fl-10"/>
      </object_component>
      <object_component id="oc-218">
         <name>.data</name>
         <load_address>0x1c89</load_address>
         <run_address>0x1c89</run_address>
         <size>0x1</size>
         <input_file_ref idref="fl-d"/>
      </object_component>
      <object_component id="oc-276">
         <name>.data</name>
         <load_address>0x1cba</load_address>
         <run_address>0x1cba</run_address>
         <size>0x5</size>
         <input_file_ref idref="fl-2"/>
      </object_component>
      <object_component id="oc-2f5">
         <name>.data</name>
         <load_address>0x1c9e</load_address>
         <run_address>0x1c9e</run_address>
         <size>0xa</size>
         <input_file_ref idref="fl-e"/>
      </object_component>
      <object_component id="oc-32c">
         <name>.data</name>
         <load_address>0x1c71</load_address>
         <run_address>0x1c71</run_address>
         <size>0x1</size>
         <input_file_ref idref="fl-11"/>
      </object_component>
      <object_component id="oc-348">
         <name>.data</name>
         <load_address>0x1cb2</load_address>
         <run_address>0x1cb2</run_address>
         <size>0x7</size>
         <input_file_ref idref="fl-7"/>
      </object_component>
      <object_component id="oc-34e">
         <name>.data</name>
         <load_address>0x1ca8</load_address>
         <run_address>0x1ca8</run_address>
         <size>0x9</size>
         <input_file_ref idref="fl-6"/>
      </object_component>
      <object_component id="oc-3c1">
         <name>.data</name>
         <load_address>0x1c00</load_address>
         <run_address>0x1c00</run_address>
         <size>0x71</size>
         <input_file_ref idref="fl-b"/>
      </object_component>
      <object_component id="oc-402">
         <name>.data</name>
         <load_address>0x1cb1</load_address>
         <run_address>0x1cb1</run_address>
         <size>0x1</size>
         <input_file_ref idref="fl-f"/>
      </object_component>
      <object_component id="oc-520">
         <name>.data</name>
         <load_address>0x1cb9</load_address>
         <run_address>0x1cb9</run_address>
         <size>0x1</size>
         <input_file_ref idref="fl-9"/>
      </object_component>
      <object_component id="oc-525">
         <name>.data</name>
         <load_address>0x1cc4</load_address>
         <run_address>0x1cc4</run_address>
         <size>0x3</size>
         <input_file_ref idref="fl-8"/>
      </object_component>
      <object_component id="oc-65">
         <name>.debug_info</name>
         <load_address>0x0</load_address>
         <run_address>0x0</run_address>
         <size>0x129</size>
         <input_file_ref idref="fl-48"/>
      </object_component>
      <object_component id="oc-6a">
         <name>.debug_info</name>
         <load_address>0x129</load_address>
         <run_address>0x129</run_address>
         <size>0x16e</size>
         <input_file_ref idref="fl-49"/>
      </object_component>
      <object_component id="oc-6f">
         <name>.debug_info</name>
         <load_address>0x297</load_address>
         <run_address>0x297</run_address>
         <size>0x1a6</size>
         <input_file_ref idref="fl-4b"/>
      </object_component>
      <object_component id="oc-74">
         <name>.debug_info</name>
         <load_address>0x43d</load_address>
         <run_address>0x43d</run_address>
         <size>0x179</size>
         <input_file_ref idref="fl-4a"/>
      </object_component>
      <object_component id="oc-7a">
         <name>.debug_info</name>
         <load_address>0x5b6</load_address>
         <run_address>0x5b6</run_address>
         <size>0x126</size>
         <input_file_ref idref="fl-2"/>
      </object_component>
      <object_component id="oc-81">
         <name>.debug_info</name>
         <load_address>0x6dc</load_address>
         <run_address>0x6dc</run_address>
         <size>0x4fb</size>
         <input_file_ref idref="fl-10"/>
      </object_component>
      <object_component id="oc-88">
         <name>.debug_info</name>
         <load_address>0xbd7</load_address>
         <run_address>0xbd7</run_address>
         <size>0x16a</size>
         <input_file_ref idref="fl-13"/>
      </object_component>
      <object_component id="oc-8f">
         <name>.debug_info</name>
         <load_address>0xd41</load_address>
         <run_address>0xd41</run_address>
         <size>0x172</size>
         <input_file_ref idref="fl-14"/>
      </object_component>
      <object_component id="oc-96">
         <name>.debug_info</name>
         <load_address>0xeb3</load_address>
         <run_address>0xeb3</run_address>
         <size>0x18f</size>
         <input_file_ref idref="fl-14"/>
      </object_component>
      <object_component id="oc-9d">
         <name>.debug_info</name>
         <load_address>0x1042</load_address>
         <run_address>0x1042</run_address>
         <size>0x18f</size>
         <input_file_ref idref="fl-14"/>
      </object_component>
      <object_component id="oc-a3">
         <name>.debug_info</name>
         <load_address>0x11d1</load_address>
         <run_address>0x11d1</run_address>
         <size>0xaa</size>
         <input_file_ref idref="fl-48"/>
      </object_component>
      <object_component id="oc-a6">
         <name>.debug_info</name>
         <load_address>0x127b</load_address>
         <run_address>0x127b</run_address>
         <size>0x101</size>
         <input_file_ref idref="fl-5c"/>
      </object_component>
      <object_component id="oc-ab">
         <name>.debug_info</name>
         <load_address>0x137c</load_address>
         <run_address>0x137c</run_address>
         <size>0x1b0</size>
         <input_file_ref idref="fl-5f"/>
      </object_component>
      <object_component id="oc-b0">
         <name>.debug_info</name>
         <load_address>0x152c</load_address>
         <run_address>0x152c</run_address>
         <size>0x125</size>
         <input_file_ref idref="fl-3"/>
      </object_component>
      <object_component id="oc-b6">
         <name>.debug_info</name>
         <load_address>0x1651</load_address>
         <run_address>0x1651</run_address>
         <size>0x121</size>
         <input_file_ref idref="fl-4f"/>
      </object_component>
      <object_component id="oc-bc">
         <name>.debug_info</name>
         <load_address>0x1772</load_address>
         <run_address>0x1772</run_address>
         <size>0xce</size>
         <input_file_ref idref="fl-4c"/>
      </object_component>
      <object_component id="oc-c1">
         <name>.debug_info</name>
         <load_address>0x1840</load_address>
         <run_address>0x1840</run_address>
         <size>0x46</size>
         <input_file_ref idref="fl-49"/>
      </object_component>
      <object_component id="oc-c7">
         <name>.debug_info</name>
         <load_address>0x1886</load_address>
         <run_address>0x1886</run_address>
         <size>0x46</size>
         <input_file_ref idref="fl-4b"/>
      </object_component>
      <object_component id="oc-cd">
         <name>.debug_info</name>
         <load_address>0x18cc</load_address>
         <run_address>0x18cc</run_address>
         <size>0x372</size>
         <input_file_ref idref="fl-4a"/>
      </object_component>
      <object_component id="oc-d2">
         <name>.debug_info</name>
         <load_address>0x1c3e</load_address>
         <run_address>0x1c3e</run_address>
         <size>0x184</size>
         <input_file_ref idref="fl-4a"/>
      </object_component>
      <object_component id="oc-d3">
         <name>.debug_info</name>
         <load_address>0x1dc2</load_address>
         <run_address>0x1dc2</run_address>
         <size>0x39</size>
         <input_file_ref idref="fl-4a"/>
      </object_component>
      <object_component id="oc-da">
         <name>.debug_info</name>
         <load_address>0x1dfb</load_address>
         <run_address>0x1dfb</run_address>
         <size>0x53f</size>
         <input_file_ref idref="fl-10"/>
      </object_component>
      <object_component id="oc-e0">
         <name>.debug_info</name>
         <load_address>0x233a</load_address>
         <run_address>0x233a</run_address>
         <size>0x18b</size>
         <input_file_ref idref="fl-2"/>
      </object_component>
      <object_component id="oc-e6">
         <name>.debug_info</name>
         <load_address>0x24c5</load_address>
         <run_address>0x24c5</run_address>
         <size>0x1c2</size>
         <input_file_ref idref="fl-13"/>
      </object_component>
      <object_component id="oc-ea">
         <name>.debug_info</name>
         <load_address>0x2687</load_address>
         <run_address>0x2687</run_address>
         <size>0x14c</size>
         <input_file_ref idref="fl-14"/>
      </object_component>
      <object_component id="oc-ee">
         <name>.debug_info</name>
         <load_address>0x27d3</load_address>
         <run_address>0x27d3</run_address>
         <size>0x187</size>
         <input_file_ref idref="fl-14"/>
      </object_component>
      <object_component id="oc-f7">
         <name>.debug_info</name>
         <load_address>0x295a</load_address>
         <run_address>0x295a</run_address>
         <size>0x89</size>
         <input_file_ref idref="fl-48"/>
      </object_component>
      <object_component id="oc-fd">
         <name>.debug_info</name>
         <load_address>0x29e3</load_address>
         <run_address>0x29e3</run_address>
         <size>0x84</size>
         <input_file_ref idref="fl-49"/>
      </object_component>
      <object_component id="oc-104">
         <name>.debug_info</name>
         <load_address>0x2a67</load_address>
         <run_address>0x2a67</run_address>
         <size>0x305</size>
         <input_file_ref idref="fl-2"/>
      </object_component>
      <object_component id="oc-110">
         <name>.debug_info</name>
         <load_address>0x2d6c</load_address>
         <run_address>0x2d6c</run_address>
         <size>0x2a1</size>
         <input_file_ref idref="fl-10"/>
      </object_component>
      <object_component id="oc-113">
         <name>.debug_info</name>
         <load_address>0x300d</load_address>
         <run_address>0x300d</run_address>
         <size>0x340</size>
         <input_file_ref idref="fl-10"/>
      </object_component>
      <object_component id="oc-119">
         <name>.debug_info</name>
         <load_address>0x334d</load_address>
         <run_address>0x334d</run_address>
         <size>0x531</size>
         <input_file_ref idref="fl-10"/>
      </object_component>
      <object_component id="oc-11f">
         <name>.debug_info</name>
         <load_address>0x387e</load_address>
         <run_address>0x387e</run_address>
         <size>0x11a</size>
         <input_file_ref idref="fl-10"/>
      </object_component>
      <object_component id="oc-122">
         <name>.debug_info</name>
         <load_address>0x3998</load_address>
         <run_address>0x3998</run_address>
         <size>0x1b5</size>
         <input_file_ref idref="fl-59"/>
      </object_component>
      <object_component id="oc-127">
         <name>.debug_info</name>
         <load_address>0x3b4d</load_address>
         <run_address>0x3b4d</run_address>
         <size>0x2ec</size>
         <input_file_ref idref="fl-10"/>
      </object_component>
      <object_component id="oc-12d">
         <name>.debug_info</name>
         <load_address>0x3e39</load_address>
         <run_address>0x3e39</run_address>
         <size>0x201</size>
         <input_file_ref idref="fl-10"/>
      </object_component>
      <object_component id="oc-133">
         <name>.debug_info</name>
         <load_address>0x403a</load_address>
         <run_address>0x403a</run_address>
         <size>0x1fe</size>
         <input_file_ref idref="fl-e"/>
      </object_component>
      <object_component id="oc-139">
         <name>.debug_info</name>
         <load_address>0x4238</load_address>
         <run_address>0x4238</run_address>
         <size>0x470</size>
         <input_file_ref idref="fl-10"/>
      </object_component>
      <object_component id="oc-13f">
         <name>.debug_info</name>
         <load_address>0x46a8</load_address>
         <run_address>0x46a8</run_address>
         <size>0x2c</size>
         <input_file_ref idref="fl-2"/>
      </object_component>
      <object_component id="oc-144">
         <name>.debug_info</name>
         <load_address>0x46d4</load_address>
         <run_address>0x46d4</run_address>
         <size>0x90</size>
         <input_file_ref idref="fl-2"/>
      </object_component>
      <object_component id="oc-14b">
         <name>.debug_info</name>
         <load_address>0x4764</load_address>
         <run_address>0x4764</run_address>
         <size>0x333</size>
         <input_file_ref idref="fl-13"/>
      </object_component>
      <object_component id="oc-14c">
         <name>.debug_info</name>
         <load_address>0x4a97</load_address>
         <run_address>0x4a97</run_address>
         <size>0x89</size>
         <input_file_ref idref="fl-3"/>
      </object_component>
      <object_component id="oc-153">
         <name>.debug_info</name>
         <load_address>0x4b20</load_address>
         <run_address>0x4b20</run_address>
         <size>0x3b5</size>
         <input_file_ref idref="fl-14"/>
      </object_component>
      <object_component id="oc-156">
         <name>.debug_info</name>
         <load_address>0x4ed5</load_address>
         <run_address>0x4ed5</run_address>
         <size>0x212</size>
         <input_file_ref idref="fl-11"/>
      </object_component>
      <object_component id="oc-15c">
         <name>.debug_info</name>
         <load_address>0x50e7</load_address>
         <run_address>0x50e7</run_address>
         <size>0x1e5</size>
         <input_file_ref idref="fl-14"/>
      </object_component>
      <object_component id="oc-162">
         <name>.debug_info</name>
         <load_address>0x52cc</load_address>
         <run_address>0x52cc</run_address>
         <size>0x21b</size>
         <input_file_ref idref="fl-14"/>
      </object_component>
      <object_component id="oc-168">
         <name>.debug_info</name>
         <load_address>0x54e7</load_address>
         <run_address>0x54e7</run_address>
         <size>0x1c6</size>
         <input_file_ref idref="fl-13"/>
      </object_component>
      <object_component id="oc-16e">
         <name>.debug_info</name>
         <load_address>0x56ad</load_address>
         <run_address>0x56ad</run_address>
         <size>0x1a1</size>
         <input_file_ref idref="fl-13"/>
      </object_component>
      <object_component id="oc-174">
         <name>.debug_info</name>
         <load_address>0x584e</load_address>
         <run_address>0x584e</run_address>
         <size>0x127</size>
         <input_file_ref idref="fl-2"/>
      </object_component>
      <object_component id="oc-17a">
         <name>.debug_info</name>
         <load_address>0x5975</load_address>
         <run_address>0x5975</run_address>
         <size>0x35e</size>
         <input_file_ref idref="fl-d"/>
      </object_component>
      <object_component id="oc-180">
         <name>.debug_info</name>
         <load_address>0x5cd3</load_address>
         <run_address>0x5cd3</run_address>
         <size>0x283</size>
         <input_file_ref idref="fl-10"/>
      </object_component>
      <object_component id="oc-186">
         <name>.debug_info</name>
         <load_address>0x5f56</load_address>
         <run_address>0x5f56</run_address>
         <size>0x142</size>
         <input_file_ref idref="fl-2"/>
      </object_component>
      <object_component id="oc-18c">
         <name>.debug_info</name>
         <load_address>0x6098</load_address>
         <run_address>0x6098</run_address>
         <size>0x249</size>
         <input_file_ref idref="fl-d"/>
      </object_component>
      <object_component id="oc-192">
         <name>.debug_info</name>
         <load_address>0x62e1</load_address>
         <run_address>0x62e1</run_address>
         <size>0x531</size>
         <input_file_ref idref="fl-2"/>
      </object_component>
      <object_component id="oc-198">
         <name>.debug_info</name>
         <load_address>0x6812</load_address>
         <run_address>0x6812</run_address>
         <size>0x692</size>
         <input_file_ref idref="fl-2"/>
      </object_component>
      <object_component id="oc-19f">
         <name>.debug_info</name>
         <load_address>0x6ea4</load_address>
         <run_address>0x6ea4</run_address>
         <size>0x515</size>
         <input_file_ref idref="fl-10"/>
      </object_component>
      <object_component id="oc-1a1">
         <name>.debug_info</name>
         <load_address>0x73b9</load_address>
         <run_address>0x73b9</run_address>
         <size>0x2c</size>
         <input_file_ref idref="fl-10"/>
      </object_component>
      <object_component id="oc-1a9">
         <name>.debug_info</name>
         <load_address>0x73e5</load_address>
         <run_address>0x73e5</run_address>
         <size>0x5e</size>
         <input_file_ref idref="fl-2"/>
      </object_component>
      <object_component id="oc-1af">
         <name>.debug_info</name>
         <load_address>0x7443</load_address>
         <run_address>0x7443</run_address>
         <size>0x107</size>
         <input_file_ref idref="fl-59"/>
      </object_component>
      <object_component id="oc-1b0">
         <name>.debug_info</name>
         <load_address>0x754a</load_address>
         <run_address>0x754a</run_address>
         <size>0x90</size>
         <input_file_ref idref="fl-57"/>
      </object_component>
      <object_component id="oc-1b5">
         <name>.debug_info</name>
         <load_address>0x75da</load_address>
         <run_address>0x75da</run_address>
         <size>0x2c</size>
         <input_file_ref idref="fl-4a"/>
      </object_component>
      <object_component id="oc-1bb">
         <name>.debug_info</name>
         <load_address>0x7606</load_address>
         <run_address>0x7606</run_address>
         <size>0x118</size>
         <input_file_ref idref="fl-10"/>
      </object_component>
      <object_component id="oc-1be">
         <name>.debug_info</name>
         <load_address>0x771e</load_address>
         <run_address>0x771e</run_address>
         <size>0x116</size>
         <input_file_ref idref="fl-10"/>
      </object_component>
      <object_component id="oc-1c2">
         <name>.debug_info</name>
         <load_address>0x7834</load_address>
         <run_address>0x7834</run_address>
         <size>0xe9</size>
         <input_file_ref idref="fl-4d"/>
      </object_component>
      <object_component id="oc-1c8">
         <name>.debug_info</name>
         <load_address>0x791d</load_address>
         <run_address>0x791d</run_address>
         <size>0x30f</size>
         <input_file_ref idref="fl-c"/>
      </object_component>
      <object_component id="oc-1ce">
         <name>.debug_info</name>
         <load_address>0x7c2c</load_address>
         <run_address>0x7c2c</run_address>
         <size>0x1ba</size>
         <input_file_ref idref="fl-10"/>
      </object_component>
      <object_component id="oc-1d4">
         <name>.debug_info</name>
         <load_address>0x7de6</load_address>
         <run_address>0x7de6</run_address>
         <size>0x21d</size>
         <input_file_ref idref="fl-e"/>
      </object_component>
      <object_component id="oc-1da">
         <name>.debug_info</name>
         <load_address>0x8003</load_address>
         <run_address>0x8003</run_address>
         <size>0x5c7</size>
         <input_file_ref idref="fl-e"/>
      </object_component>
      <object_component id="oc-1dc">
         <name>.debug_info</name>
         <load_address>0x85ca</load_address>
         <run_address>0x85ca</run_address>
         <size>0x3e1</size>
         <input_file_ref idref="fl-10"/>
      </object_component>
      <object_component id="oc-1e2">
         <name>.debug_info</name>
         <load_address>0x89ab</load_address>
         <run_address>0x89ab</run_address>
         <size>0x277</size>
         <input_file_ref idref="fl-10"/>
      </object_component>
      <object_component id="oc-1ed">
         <name>.debug_info</name>
         <load_address>0x8c22</load_address>
         <run_address>0x8c22</run_address>
         <size>0x25d</size>
         <input_file_ref idref="fl-11"/>
      </object_component>
      <object_component id="oc-1f3">
         <name>.debug_info</name>
         <load_address>0x8e7f</load_address>
         <run_address>0x8e7f</run_address>
         <size>0x262</size>
         <input_file_ref idref="fl-11"/>
      </object_component>
      <object_component id="oc-1fc">
         <name>.debug_info</name>
         <load_address>0x90e1</load_address>
         <run_address>0x90e1</run_address>
         <size>0x182</size>
         <input_file_ref idref="fl-13"/>
      </object_component>
      <object_component id="oc-1ff">
         <name>.debug_info</name>
         <load_address>0x9263</load_address>
         <run_address>0x9263</run_address>
         <size>0x127</size>
         <input_file_ref idref="fl-13"/>
      </object_component>
      <object_component id="oc-202">
         <name>.debug_info</name>
         <load_address>0x938a</load_address>
         <run_address>0x938a</run_address>
         <size>0xde</size>
         <input_file_ref idref="fl-52"/>
      </object_component>
[...]
         <value>0xa174</value>
         <object_component_ref idref="oc-18b"/>
      </symbol>
      <symbol id="sm-70d">
         <name>SMPL_SendOpt</name>
         <value>0x8abc</value>
         <object_component_ref idref="oc-2c4"/>
      </symbol>
      <symbol id="sm-70e">
         <name>SMPL_Ioctl</name>
         <value>0x86bc</value>
         <object_component_ref idref="oc-179"/>
      </symbol>
      <symbol id="sm-77b">
         <name>nwk_buildFrame</name>
         <value>0x94da</value>
         <object_component_ref idref="oc-370"/>
      </symbol>
      <symbol id="sm-77c">
         <name>nwk_sendFrame</name>
         <value>0xa29e</value>
         <object_component_ref idref="oc-376"/>
      </symbol>
      <symbol id="sm-77d">
         <name>nwk_getMyRxType</name>
         <value>0xaab8</value>
         <object_component_ref idref="oc-434"/>
      </symbol>
      <symbol id="sm-77e">
         <name>nwk_buildAckReqFrame</name>
         <value>0xa684</value>
         <object_component_ref idref="oc-454"/>
      </symbol>
      <symbol id="sm-77f">
         <name>nwk_frameInit</name>
         <value>0xa7e6</value>
         <object_component_ref idref="oc-3ca"/>
      </symbol>
      <symbol id="sm-780">
         <name>nwk_retrieveFrame</name>
         <value>0x930a</value>
         <object_component_ref idref="oc-369"/>
      </symbol>
      <symbol id="sm-781">
         <name>nwk_sendAckReply</name>
         <value>0x9824</value>
         <object_component_ref idref="oc-49f"/>
      </symbol>
      <symbol id="sm-782">
         <name>MRFI_RxCompleteISR</name>
         <value>0xa728</value>
         <object_component_ref idref="oc-132"/>
      </symbol>
      <symbol id="sm-7cf">
         <name>nwk_getProtocolVersion</name>
         <value>0xaaca</value>
         <object_component_ref idref="oc-239"/>
      </symbol>
      <symbol id="sm-7d0">
         <name>nwk_getFWVersion</name>
         <value>0xaab2</value>
         <object_component_ref idref="oc-23f"/>
      </symbol>
      <symbol id="sm-7d1">
         <name>nwk_globalsInit</name>
         <value>0xa566</value>
         <object_component_ref idref="oc-3c4"/>
      </symbol>
      <symbol id="sm-7d2">
         <name>nwk_setAPAddress</name>
         <value>0xaa56</value>
         <object_component_ref idref="oc-41d"/>
      </symbol>
      <symbol id="sm-7d3">
         <name>nwk_setMyAddress</name>
         <value>0xa804</value>
         <object_component_ref idref="oc-35c"/>
      </symbol>
      <symbol id="sm-7d4">
         <name>nwk_getBCastAddress</name>
         <value>0xaaac</value>
         <object_component_ref idref="oc-3fa"/>
      </symbol>
      <symbol id="sm-7d5">
         <name>nwk_getMyAddress</name>
         <value>0xa9a2</value>
         <object_component_ref idref="oc-28d"/>
      </symbol>
      <symbol id="sm-a04">
         <name>mrfiRadioInterfaceWriteReg</name>
         <value>0xa068</value>
         <object_component_ref idref="oc-1db"/>
      </symbol>
      <symbol id="sm-a05">
         <name>MRFI_Sleep</name>
         <value>0xa4ce</value>
         <object_component_ref idref="oc-3a4"/>
      </symbol>
      <symbol id="sm-a06">
         <name>MRFI_PostKillSem</name>
         <value>0xaa26</value>
         <object_component_ref idref="oc-4a5"/>
      </symbol>
      <symbol id="sm-a07">
         <name>mrfiRadioInterfaceReadRxFifo</name>
         <value>0x9a6a</value>
         <object_component_ref idref="oc-118"/>
      </symbol>
      <symbol id="sm-a08">
         <name>MRFI_SetLogicalChannel</name>
         <value>0xa1da</value>
         <object_component_ref idref="oc-3b4"/>
      </symbol>
      <symbol id="sm-a09">
         <name>MRFI_Rssi</name>
         <value>0xa61e</value>
         <object_component_ref idref="oc-39e"/>
      </symbol>
      <symbol id="sm-a0a">
         <name>MRFI_Init</name>
         <value>0x8000</value>
         <object_component_ref idref="oc-27b"/>
      </symbol>
      <symbol id="sm-a0b">
         <name>mrfiRadioCfg</name>
         <value>0xaada</value>
         <object_component_ref idref="oc-3b1"/>
      </symbol>
      <symbol id="sm-a0c">
         <name>MRFI_RadioIsr</name>
         <value>0x9a02</value>
         <object_component_ref idref="oc-7f"/>
      </symbol>
      <symbol id="sm-a0d">
         <name>MRFI_SetRxAddrFilter</name>
         <value>0xa3da</value>
         <object_component_ref idref="oc-293"/>
      </symbol>
      <symbol id="sm-a0e">
         <name>MRFI_RandomByte</name>
         <value>0xa8d8</value>
         <object_component_ref idref="oc-517"/>
      </symbol>
      <symbol id="sm-a0f">
         <name>mrfiRadioInterfaceReadReg</name>
         <value>0x9c40</value>
         <object_component_ref idref="oc-112"/>
      </symbol>
      <symbol id="sm-a10">
         <name>MRFI_RxOn</name>
         <value>0xa768</value>
         <object_component_ref idref="oc-398"/>
      </symbol>
      <symbol id="sm-a11">
         <name>mrfiBroadcastAddr</name>
         <value>0xab3c</value>
         <object_component_ref idref="oc-1ba"/>
      </symbol>
      <symbol id="sm-a12">
         <name>mrfiRadioInterfaceCmdStrobe</name>
         <value>0x9448</value>
         <object_component_ref idref="oc-138"/>
      </symbol>
      <symbol id="sm-a13">
         <name>MRFI_ReplyDelay</name>
         <value>0x9d54</value>
         <object_component_ref idref="oc-417"/>
      </symbol>
      <symbol id="sm-a14">
         <name>MRFI_WakeUp</name>
         <value>0xa640</value>
         <object_component_ref idref="oc-287"/>
      </symbol>
      <symbol id="sm-a15">
         <name>MRFI_Transmit</name>
         <value>0x918e</value>
         <object_component_ref idref="oc-4e9"/>
      </symbol>
      <symbol id="sm-a16">
         <name>MRFI_RxIdle</name>
         <value>0xa748</value>
         <object_component_ref idref="oc-392"/>
      </symbol>
      <symbol id="sm-a17">
         <name>MRFI_GetRadioState</name>
         <value>0xaaa0</value>
         <object_component_ref idref="oc-40b"/>
      </symbol>
      <symbol id="sm-a18">
         <name>MRFI_DelayMs</name>
         <value>0xa8aa</value>
         <object_component_ref idref="oc-17f"/>
      </symbol>
      <symbol id="sm-a19">
         <name>MRFI_EnableRxAddrFilter</name>
         <value>0xa708</value>
         <object_component_ref idref="oc-299"/>
      </symbol>
      <symbol id="sm-a1a">
         <name>mrfiRadioInterfaceWriteTxFifo</name>
         <value>0xa09e</value>
         <object_component_ref idref="oc-58f"/>
      </symbol>
      <symbol id="sm-a1b">
         <name>MRFI_SetRFPwr</name>
         <value>0xa822</value>
         <object_component_ref idref="oc-38c"/>
      </symbol>
      <symbol id="sm-a1c">
         <name>method</name>
         <value>0x1c88</value>
         <object_component_ref idref="oc-10f"/>
      </symbol>
      <symbol id="sm-a1d">
         <name>MRFI_Receive</name>
         <value>0xaa32</value>
         <object_component_ref idref="oc-1cd"/>
      </symbol>
      <symbol id="sm-a6c">
         <name>BSP_Init</name>
         <value>0xa6c8</value>
         <object_component_ref idref="oc-155"/>
      </symbol>
      <symbol id="sm-a6d">
         <name>BSP_InitButtons</name>
         <value>0xaa0a</value>
         <object_component_ref idref="oc-336"/>
      </symbol>
      <symbol id="sm-a6e">
         <name>BSP_InitBoard</name>
         <value>0xa5fc</value>
         <object_component_ref idref="oc-1ec"/>
      </symbol>
      <symbol id="sm-a6f">
         <name>BSP_InitLeds</name>
         <value>0xa8c2</value>
         <object_component_ref idref="oc-330"/>
      </symbol>
      <symbol id="sm-a70">
         <name>BSP_Delay</name>
         <value>0xa5d8</value>
         <object_component_ref idref="oc-319"/>
      </symbol>
      <symbol id="sm-a71">
         <name>BSP_InitDrivers</name>
         <value>0xaa8a</value>
         <object_component_ref idref="oc-1f2"/>
      </symbol>
      <symbol id="sm-ab8">
         <name>adcTemp25Calibration</name>
         <value>0x1900</value>
         <object_component_ref idref="oc-1fe"/>
      </symbol>
      <symbol id="sm-ab9">
         <name>Vcc</name>
         <value>0x1c90</value>
         <object_component_ref idref="oc-e5"/>
      </symbol>
      <symbol id="sm-aba">
         <name>ADC12_ISR</name>
         <value>0xa456</value>
         <object_component_ref idref="oc-86"/>
      </symbol>
      <symbol id="sm-abb">
         <name>CAL_ADC_20T30</name>
         <value>0x1d4e</value>
         <object_component_ref idref="oc-1fb"/>
      </symbol>
      <symbol id="sm-abc">
         <name>m</name>
         <value>0x1c96</value>
         <object_component_ref idref="oc-e5"/>
      </symbol>
      <symbol id="sm-abd">
         <name>c</name>
         <value>0x1c9a</value>
         <object_component_ref idref="oc-e5"/>
      </symbol>
      <symbol id="sm-abe">
         <name>exit_active_from_ADC12</name>
         <value>0x1c94</value>
         <object_component_ref idref="oc-e5"/>
      </symbol>
      <symbol id="sm-abf">
         <name>SavedADC12MEM0</name>
         <value>0x1c8a</value>
         <object_component_ref idref="oc-e5"/>
      </symbol>
      <symbol id="sm-ac0">
         <name>SavedADC12MEM1</name>
         <value>0x1c8c</value>
         <object_component_ref idref="oc-e5"/>
      </symbol>
      <symbol id="sm-ac1">
         <name>CAL_ADC_20T85</name>
         <value>0x1d50</value>
         <object_component_ref idref="oc-1fb"/>
      </symbol>
      <symbol id="sm-ac2">
         <name>HalAdcGetVcc</name>
         <value>0xaa62</value>
         <object_component_ref idref="oc-2be"/>
      </symbol>
      <symbol id="sm-ac3">
         <name>HalAdcConvertTempVcc</name>
         <value>0x98a4</value>
         <object_component_ref idref="oc-2b8"/>
      </symbol>
      <symbol id="sm-ac4">
         <name>HalAdcStartRead</name>
         <value>0xa6e8</value>
         <object_component_ref idref="oc-2b2"/>
      </symbol>
      <symbol id="sm-ac5">
         <name>HalAdcInit</name>
         <value>0x90c6</value>
         <object_component_ref idref="oc-167"/>
      </symbol>
      <symbol id="sm-ac6">
         <name>IntDegC</name>
         <value>0x1d4a</value>
         <object_component_ref idref="oc-1fb"/>
      </symbol>
      <symbol id="sm-ac7">
         <name>IntDegF</name>
         <value>0x1d4c</value>
         <object_component_ref idref="oc-1fb"/>
      </symbol>
      <symbol id="sm-ac8">
         <name>HalAdcSetQuitFromISR</name>
         <value>0xaa9a</value>
         <object_component_ref idref="oc-16d"/>
      </symbol>
      <symbol id="sm-b11">
         <name>buttonDebounce</name>
         <value>0x1cc7</value>
         <object_component_ref idref="oc-e9"/>
      </symbol>
      <symbol id="sm-b12">
         <name>WDT_ISR</name>
         <value>0xa876</value>
         <object_component_ref idref="oc-8d"/>
      </symbol>
      <symbol id="sm-b13">
         <name>Port1_ISR</name>
         <value>0x9c88</value>
         <object_component_ref idref="oc-9b"/>
      </symbol>
      <symbol id="sm-b14">
         <name>HalButtonsStartWDT</name>
         <value>0xa9ea</value>
         <object_component_ref idref="oc-ed"/>
      </symbol>
      <symbol id="sm-b15">
         <name>HalButtonsInterruptEnable</name>
         <value>0xa32a</value>
         <object_component_ref idref="oc-161"/>
      </symbol>
      <symbol id="sm-b16">
         <name>buttonsPressed</name>
         <value>0x1cc8</value>
         <object_component_ref idref="oc-e9"/>
      </symbol>
      <symbol id="sm-b17">
         <name>Port2_ISR</name>
         <value>0x9ccc</value>
         <object_component_ref idref="oc-94"/>
      </symbol>
      <symbol id="sm-b18">
         <name>HalAlphaButtonsPressed</name>
         <value>0xa42e</value>
         <object_component_ref idref="oc-2ac"/>
      </symbol>
      <symbol id="sm-b19">
         <name>HalButtonsInit</name>
         <value>0xa140</value>
         <object_component_ref idref="oc-15b"/>
      </symbol>
      <symbol id="sm-b6b">
         <name>SetVCore</name>
         <value>0x9ed0</value>
         <object_component_ref idref="oc-4b4"/>
      </symbol>
      <symbol id="sm-b9b">
         <name>Init_FLL_Settle</name>
         <value>0xa1a8</value>
         <object_component_ref idref="oc-4bb"/>
      </symbol>
      <symbol id="sm-b9c">
         <name>Init_FLL</name>
         <value>0x8bac</value>
         <object_component_ref idref="oc-586"/>
      </symbol>
      <symbol id="sm-bb0">
         <name>_c_int00_noexit</name>
         <value>0xa890</value>
         <object_component_ref idref="oc-63"/>
      </symbol>
      <symbol id="sm-bb1">
         <name>_c_int00</name>
         <value>0xa890</value>
         <object_component_ref idref="oc-63"/>
      </symbol>
      <symbol id="sm-bb2">
         <name>_stack</name>
         <value>0x2bac</value>
         <object_component_ref idref="oc-a2"/>
      </symbol>
      <symbol id="sm-bb3">
         <name>_reset_vector</name>
         <value>0xfffe</value>
         <object_component_ref idref="oc-64"/>
      </symbol>
      <symbol id="sm-bc5">
         <name>__TI_decompress_none</name>
         <value>0x9f0c</value>
         <object_component_ref idref="oc-69"/>
      </symbol>
      <symbol id="sm-beb">
         <name>__TI_decompress_rle24</name>
         <value>0xaa18</value>
         <object_component_ref idref="oc-73"/>
      </symbol>
      <symbol id="sm-bfa">
         <name>__TI_zero_init</name>
         <value>0x9ff8</value>
         <object_component_ref idref="oc-6e"/>
      </symbol>
      <symbol id="sm-c05">
         <name>__memcpy_far</name>
         <value>0x9d94</value>
         <object_component_ref idref="oc-bb"/>
      </symbol>
      <symbol id="sm-c11">
         <name>__mspabi_remi</name>
         <value>0xa3ae</value>
         <object_component_ref idref="oc-1c1"/>
      </symbol>
      <symbol id="sm-c12">
         <name>__mspabi_divi</name>
         <value>0xa3ae</value>
         <object_component_ref idref="oc-1c1"/>
      </symbol>
      <symbol id="sm-c1c">
         <name>__mspabi_remu</name>
         <value>0xa904</value>
         <object_component_ref idref="oc-2e3"/>
      </symbol>
      <symbol id="sm-c1d">
         <name>__mspabi_divu</name>
         <value>0xa904</value>
         <object_component_ref idref="oc-2e3"/>
      </symbol>
      <symbol id="sm-c26">
         <name>C$$EXIT</name>
         <value>0xaac2</value>
         <object_component_ref idref="oc-b5"/>
      </symbol>
      <symbol id="sm-c27">
         <name>abort</name>
         <value>0xaac2</value>
         <object_component_ref idref="oc-b5"/>
      </symbol>
      <symbol id="sm-c41">
         <name>__mspabi_subf</name>
         <value>0x858c</value>
         <object_component_ref idref="oc-210"/>
      </symbol>
      <symbol id="sm-c42">
         <name>__mspabi_addf</name>
         <value>0x8592</value>
         <object_component_ref idref="oc-210"/>
      </symbol>
      <symbol id="sm-c52">
         <name>__mspabi_divf</name>
         <value>0x95f8</value>
         <object_component_ref idref="oc-206"/>
      </symbol>
      <symbol id="sm-c5e">
         <name>__mspabi_fltif</name>
         <value>0xa10a</value>
         <object_component_ref idref="oc-201"/>
      </symbol>
      <symbol id="sm-c74">
         <name>__mspabi_mpyf</name>
         <value>0x9254</value>
         <object_component_ref idref="oc-20b"/>
      </symbol>
      <symbol id="sm-c86">
         <name>__mspabi_fixfi</name>
         <value>0x9ad2</value>
         <object_component_ref idref="oc-43d"/>
      </symbol>
      <symbol id="sm-c8e">
         <name>__mspabi_srll_8</name>
         <value>0x9e70</value>
         <object_component_ref idref="oc-447"/>
      </symbol>
      <symbol id="sm-c8f">
         <name>__mspabi_srll_9</name>
         <value>0x9e6c</value>
         <object_component_ref idref="oc-447"/>
      </symbol>
      <symbol id="sm-c90">
         <name>__mspabi_srll_6</name>
         <value>0x9e78</value>
         <object_component_ref idref="oc-447"/>
      </symbol>
      <symbol id="sm-c91">
         <name>__mspabi_srll_7</name>
         <value>0x9e74</value>
         <object_component_ref idref="oc-447"/>
      </symbol>
      <symbol id="sm-c92">
         <name>__mspabi_srll_4</name>
         <value>0x9e80</value>
         <object_component_ref idref="oc-447"/>
      </symbol>
      <symbol id="sm-c93">
         <name>__mspabi_srll_5</name>
         <value>0x9e7c</value>
         <object_component_ref idref="oc-447"/>
      </symbol>
      <symbol id="sm-c94">
         <name>__mspabi_srll_2</name>
         <value>0x9e88</value>
         <object_component_ref idref="oc-447"/>
      </symbol>
      <symbol id="sm-c95">
         <name>__mspabi_srll_3</name>
         <value>0x9e84</value>
         <object_component_ref idref="oc-447"/>
      </symbol>
      <symbol id="sm-c96">
         <name>__mspabi_srll_1</name>
         <value>0x9e8c</value>
         <object_component_ref idref="oc-447"/>
      </symbol>
      <symbol id="sm-c97">
         <name>__mspabi_srll_15</name>
         <value>0x9e54</value>
         <object_component_ref idref="oc-447"/>
      </symbol>
      <symbol id="sm-c98">
         <name>__mspabi_srll_14</name>
         <value>0x9e58</value>
         <object_component_ref idref="oc-447"/>
      </symbol>
      <symbol id="sm-c99">
         <name>__mspabi_srll_13</name>
         <value>0x9e5c</value>
         <object_component_ref idref="oc-447"/>
      </symbol>
      <symbol id="sm-c9a">
         <name>__mspabi_srll_12</name>
         <value>0x9e60</value>
         <object_component_ref idref="oc-447"/>
      </symbol>
      <symbol id="sm-c9b">
         <name>__mspabi_srll_11</name>
         <value>0x9e64</value>
         <object_component_ref idref="oc-447"/>
      </symbol>
      <symbol id="sm-c9c">
         <name>__mspabi_srll_10</name>
         <value>0x9e68</value>
         <object_component_ref idref="oc-447"/>
      </symbol>
      <symbol id="sm-caa">
         <name>memcmp</name>
         <value>0xa662</value>
         <object_component_ref idref="oc-2f8"/>
      </symbol>
      <symbol id="sm-cbc">
         <name>memcpy</name>
         <value>0xa96c</value>
         <object_component_ref idref="oc-245"/>
      </symbol>
      <symbol id="sm-cca">
         <name>memmove</name>
         <value>0xa788</value>
         <object_component_ref idref="oc-534"/>
      </symbol>
      <symbol id="sm-cd7">
         <name>memset</name>
         <value>0xa958</value>
         <object_component_ref idref="oc-121"/>
      </symbol>
      <symbol id="sm-cdf">
         <name>__mspabi_mpyi_f5hw</name>
         <value>0xa91a</value>
         <object_component_ref idref="oc-4ad"/>
      </symbol>
      <symbol id="sm-ce7">
         <name>__mspabi_mpyl_f5hw</name>
         <value>0xa6a6</value>
         <object_component_ref idref="oc-442"/>
      </symbol>
      <symbol id="sm-cef">
         <name>_system_pre_init</name>
         <value>0xaabe</value>
         <object_component_ref idref="oc-a5"/>
      </symbol>
      <symbol id="sm-cfe">
         <name>_auto_init</name>
         <value>0x9994</value>
         <object_component_ref idref="oc-aa"/>
      </symbol>
      <symbol id="sm-cff">
         <name>__TI_exit</name>
         <value>0x1</value>
      </symbol>
      <symbol id="sm-d00">
         <name>__TI_args_main</name>
         <value>0x1</value>
      </symbol>
      <symbol id="sm-d01">
         <name>__TI_INITARRAY_Base</name>
         <value>0x0</value>
      </symbol>
      <symbol id="sm-d02">
         <name>__TI_INITARRAY_Limit</name>
         <value>0x0</value>
      </symbol>
      <symbol id="sm-d05">
         <name>SMPL_Link</name>
         <value>0x8438</value>
      </symbol>
      <symbol id="sm-d06">
         <name>SMPL_Unlink</name>
         <value>0x8d74</value>
      </symbol>
   </symbol_table>
</link_info>
