******************************************************************************
                  MSP430 Linker PC v4.1.9                      
******************************************************************************
>> Linked Mon Nov 17 11:47:42 2014

OUTPUT FILE NAME:   <MSP-EXP430F6137RxUserExperience.out>
ENTRY POINT SYMBOL: "_c_int00"  address: 0000b906


MEMORY CONFIGURATION

         name            origin    length      used     unused   attr    fill
----------------------  --------  ---------  --------  --------  ----  --------
  SFR                   00000000   00000010  00000000  00000010  RWIX
  PERIPHERALS_8BIT      00000010   000000f0  00000000  000000f0  RWIX
  PERIPHERALS_16BIT     00000100   00000100  00000000  00000100  RWIX
  INFOD                 00001800   00000080  00000000  00000080  RWIX
  INFOC                 00001880   00000080  00000000  00000080  RWIX
  INFOB                 00001900   00000080  00000002  0000007e  RWIX
  INFOA                 00001980   00000080  00000000  00000080  RWIX
  RAM                   00001c00   00000ffe  0000032a  00000cd4  RWIX
  FLASH                 00008000   00007f80  00003e39  00004147  RWIX
  INT00                 0000ff80   00000002  00000000  00000002  RWIX
  INT01                 0000ff82   00000002  00000000  00000002  RWIX
  INT02                 0000ff84   00000002  00000000  00000002  RWIX
  INT03                 0000ff86   00000002  00000000  00000002  RWIX
  INT04                 0000ff88   00000002  00000000  00000002  RWIX
  INT05                 0000ff8a   00000002  00000000  00000002  RWIX
  INT06                 0000ff8c   00000002  00000000  00000002  RWIX
  INT07                 0000ff8e   00000002  00000000  00000002  RWIX
  INT08                 0000ff90   00000002  00000000  00000002  RWIX
  INT09                 0000ff92   00000002  00000000  00000002  RWIX
  INT10                 0000ff94   00000002  00000000  00000002  RWIX
  INT11                 0000ff96   00000002  00000000  00000002  RWIX
  INT12                 0000ff98   00000002  00000000  00000002  RWIX
  INT13                 0000ff9a   00000002  00000000  00000002  RWIX
  INT14                 0000ff9c   00000002  00000000  00000002  RWIX
  INT15                 0000ff9e   00000002  00000000  00000002  RWIX
  INT16                 0000ffa0   00000002  00000000  00000002  RWIX
  INT17                 0000ffa2   00000002  00000000  00000002  RWIX
  INT18                 0000ffa4   00000002  00000000  00000002  RWIX
  INT19                 0000ffa6   00000002  00000000  00000002  RWIX
  INT20                 0000ffa8   00000002  00000000  00000002  RWIX
  INT21                 0000ffaa   00000002  00000000  00000002  RWIX
  INT22                 0000ffac   00000002  00000000  00000002  RWIX
  INT23                 0000ffae   00000002  00000000  00000002  RWIX
  INT24                 0000ffb0   00000002  00000000  00000002  RWIX
  INT25                 0000ffb2   00000002  00000000  00000002  RWIX
  INT26                 0000ffb4   00000002  00000000  00000002  RWIX
  INT27                 0000ffb6   00000002  00000000  00000002  RWIX
  INT28                 0000ffb8   00000002  00000000  00000002  RWIX
  INT29                 0000ffba   00000002  00000000  00000002  RWIX
  INT30                 0000ffbc   00000002  00000000  00000002  RWIX
  INT31                 0000ffbe   00000002  00000000  00000002  RWIX
  INT32                 0000ffc0   00000002  00000000  00000002  RWIX
  INT33                 0000ffc2   00000002  00000000  00000002  RWIX
  INT34                 0000ffc4   00000002  00000000  00000002  RWIX
  INT35                 0000ffc6   00000002  00000000  00000002  RWIX
  INT36                 0000ffc8   00000002  00000000  00000002  RWIX
  INT37                 0000ffca   00000002  00000000  00000002  RWIX
  INT38                 0000ffcc   00000002  00000000  00000002  RWIX
  INT39                 0000ffce   00000002  00000000  00000002  RWIX
  INT40                 0000ffd0   00000002  00000000  00000002  RWIX
  INT41                 0000ffd2   00000002  00000000  00000002  RWIX
  INT42                 0000ffd4   00000002  00000000  00000002  RWIX
  INT43                 0000ffd6   00000002  00000000  00000002  RWIX
  INT44                 0000ffd8   00000002  00000000  00000002  RWIX
  INT45                 0000ffda   00000002  00000000  00000002  RWIX
  INT46                 0000ffdc   00000002  00000002  00000000  RWIX
  INT47                 0000ffde   00000002  00000000  00000002  RWIX
  INT48                 0000ffe0   00000002  00000002  00000000  RWIX
  INT49                 0000ffe2   00000002  00000000  00000002  RWIX
  INT50                 0000ffe4   00000002  00000000  00000002  RWIX
  INT51                 0000ffe6   00000002  00000000  00000002  RWIX
  INT52                 0000ffe8   00000002  00000000  00000002  RWIX
  INT53                 0000ffea   00000002  00000002  00000000  RWIX
  INT54                 0000ffec   00000002  00000000  00000002  RWIX
  INT55                 0000ffee   00000002  00000000  00000002  RWIX
  INT56                 0000fff0   00000002  00000002  00000000  RWIX
  INT57                 0000fff2   00000002  00000000  00000002  RWIX
  INT58                 0000fff4   00000002  00000002  00000000  RWIX
  INT59                 0000fff6   00000002  00000002  00000000  RWIX
  INT60                 0000fff8   00000002  00000000  00000002  RWIX
  INT61                 0000fffa   00000002  00000000  00000002  RWIX
  INT62                 0000fffc   00000002  00000000  00000002  RWIX
  RESET                 0000fffe   00000002  00000002  00000000  RWIX


SECTION ALLOCATION MAP

 output                                  attributes/
section   page    origin      length       input sections
--------  ----  ----------  ----------   ----------------
.init_array 
*          0    00008000    00000000     UNINITIALIZED

.infoB     0    00001900    00000002     UNINITIALIZED
                  00001900    00000002     hal_adc.obj (.infoB)

.data      0    00001c00    00000189     
                  00001c00    00000081     nwk.obj (.data)
                  00001c81    00000001     bsp.obj (.data)
                  00001c82    0000003f     MspExp430F6137RxUserExperience.obj (.data:output_verbose$2)
                  00001cc1    00000001     nwk_api.obj (.data)
                  00001cc2    0000003e     hal_lcd.obj (.data:lcdTextString)
                  00001d00    0000001a     MspExp430F6137RxUserExperience.obj (.data:output_short$3)
                  00001d1a    00000019     hal_adc.obj (.data)
                  00001d33    00000001     nwk_freq.obj (.data)
                  00001d34    00000017     mrfi.obj (.data)
                  00001d4b    0000000d     MspExp430F6137RxUserExperience.obj (.data)
                  00001d58    0000000b     nwk_join.obj (.data)
                  00001d63    00000001     nwk_globals.obj (.data)
                  00001d64    00000008     nwk_frame.obj (.data)
                  00001d6c    00000007     nwk_link.obj (.data)
                  00001d73    00000001     nwk_mgmt.obj (.data)
                  00001d74    00000006     MspExp430F6137RxUserExperience.obj (.data:string)
                  00001d7a    00000005     hal_lcd.obj (.data)
                  00001d7f    00000001     nwk_ping.obj (.data)
                  00001d80    00000004     mrfi.obj (.data:mrfiRxFilterAddr)
                  00001d84    00000003     nwk_mgmt.obj (.data:sSFMarker)
                  00001d87    00000002     hal_buttons.obj (.data)

.TI.persistent 
*          0    00001c00    00000000     UNINITIALIZED

.bss       0    00001d8a    00000151     UNINITIALIZED
                  00001d8a    000000d0     nwk_QMgmt.obj (.bss)
                  00001e5a    00000038     MspExp430F6137RxUserExperience.obj (.bss)
                  00001e92    00000018     mrfi.obj (.bss)
                  00001eaa    00000014     hal_uart.obj (.bss)
                  00001ebe    0000000c     hal_adc.obj (.bss)
                  00001eca    00000008     nwk_globals.obj (.bss)
                  00001ed2    00000008     nwk_link.obj (.bss)
                  00001eda    00000001     nwk_freq.obj (.bss)

.TI.noinit 
*          0    00001d8a    00000000     UNINITIALIZED

.stack     0    00002bac    00000050     UNINITIALIZED
                  00002bac    00000002     rts430_eabi.lib : boot.obj (.stack)
                  00002bae    0000004e     --HOLE--

.text      0    00008000    00003c84     
                  00008000    00000314     MspExp430F6137RxUserExperience.obj (.text:TransmitUartData)
                  00008314    00000308     MspExp430F6137RxUserExperience.obj (.text:UpdateNodeInfoOnLcd)
                  0000861c    0000023e     MspExp430F6137RxUserExperience.obj (.text:Base)
                  0000885a    000001de     mrfi.obj (.text:MRFI_Init)
                  00008a38    000001a6     nwk_link.obj (.text:smpl_send_link_reply)
                  00008bde    0000016c     nwk_QMgmt.obj (.text:nwk_QfindOldest)
                  00008d4a    00000150     nwk_frame.obj (.text:dispatchFrame)
                  00008e9a    00000144     nwk_api.obj (.text:SMPL_Ioctl)
                  00008fde    00000130     rts430_eabi.lib : fs_add.obj (.text)
                  0000910e    0000010e     nwk_freq.obj (.text:nwk_scanForChannels)
                  0000921c    0000010c     nwk_join.obj (.text:smpl_send_join_reply)
                  00009328    000000f6     mrfi.obj (.text:Mrfi_SyncPinRxIsr)
                  0000941e    000000e8     HAL_UCS.obj (.text:Init_FLL)
                  00009506    000000e2     nwk.obj (.text:nwk_allocateLocalRxPort)
                  000095e8    000000d4     HAL_PMM.obj (.text:SetVCoreUp)
                  000096bc    000000d2     MspExp430F6137RxUserExperience.obj (.text:processMessage)
                  0000978e    000000d0     hal_adc.obj (.text:HalAdcInit)
                  0000985e    000000ca     mrfi.obj (.text:MRFI_Transmit)
                  00009928    000000c2     rts430_eabi.lib : fs_mpy.obj (.text)
                  000099ea    000000b2     nwk_frame.obj (.text:nwk_retrieveFrame)
                  00009a9c    000000a6     nwk_ioctl.obj (.text:nwk_radioControl)
                  00009b42    000000a2     nwk_frame.obj (.text:nwk_SendEmptyPollRspFrame)
                  00009be4    000000a0     nwk_frame.obj (.text:isDupSandFFrame)
                  00009c84    0000009e     nwk_frame.obj (.text:nwk_buildFrame)
                  00009d22    0000009c     nwk_frame.obj (.text:nwk_sendAckReply)
                  00009dbe    0000009a     hal_adc.obj (.text:HalAdcConvertTempVcc)
                  00009e58    0000009a     HAL_PMM.obj (.text:SetVCoreDown)
                  00009ef2    0000009a     nwk.obj (.text:nwk_isConnectionValid)
                  00009f8c    0000009a     rts430_eabi.lib : fs_div.obj (.text)
                  0000a026    00000094     mrfi.obj (.text:mrfiRadioInterfaceCmdStrobe)
                  0000a0ba    00000088     nwk_mgmt.obj (.text:send_poll_reply)
                  0000a142    00000086     nwk_QMgmt.obj (.text:nwk_QfindSlot)
                  0000a1c8    00000086     nwk.obj (.text:nwk_nwkInit)
                  0000a24e    0000007c     nwk_frame.obj (.text:nwk_getSandFFrame)
                  0000a2ca    00000078     mrfi.obj (.text:MRFI_RadioIsr)
                  0000a342    00000076     nwk_api.obj (.text:SMPL_LinkListen)
                  0000a3b8    0000006e     nwk.obj (.text:nwk_saveJoinedDevice)
                  0000a426    00000068     hal_lcd.obj (.text:HalLcdPrint7SegScroll)
                  0000a48e    00000068     rts430_eabi.lib : fs_toi.obj (.text)
                  0000a4f6    00000068     nwk_link.obj (.text:smpl_send_unlink_reply)
                  0000a55e    00000060     mrfi.obj (.text:mrfiRadioInterfaceReadRxFifo)
                  0000a5be    0000005e     rts430_eabi.lib : copy_decompress_rle.obj (.text:__TI_decompress_rle_core)
                  0000a61c    0000005e                     : autoinit.obj (.text:_auto_init)
                  0000a67a    0000005e     nwk_freq.obj (.text:broadcast_channel_change)
                  0000a6d8    0000005c     hal_lcd.obj (.text:HalLcdPrint7Seg)
                  0000a734    0000005c     rts430_eabi.lib : lsr32.obj (.text:l_lsr_const)
                  0000a790    00000058     hal_uart.obj (.text:USCI_A0_ISR)
                  0000a7e8    00000058     rts430_eabi.lib : div32u.obj (.text)
                  0000a840    00000056     nwk_freq.obj (.text:send_ping_reply)
                  0000a896    00000054     hal_lcd.obj (.text:HalLcdInit)
                  0000a8ea    00000054     hal_buttons.obj (.text:Port2_ISR)
                  0000a93e    00000054     nwk_ioctl.obj (.text:nwk_rawSend)
                  0000a992    00000052     hal_lcd.obj (.text:HalLcdBar)
                  0000a9e4    00000050     nwk.obj (.text:nwk_getNextConnection)
                  0000aa34    0000004e     bsp.obj (.text:Bsp_SetClocks)
                  0000aa82    0000004c     nwk_api.obj (.text:SMPL_Receive)
                  0000aace    0000004c     nwk.obj (.text:nwk_findPeer)
                  0000ab1a    0000004c     rts430_eabi.lib : lsr16.obj (.text)
                  0000ab66    0000004a     MspExp430F6137RxUserExperience.obj (.text:RTC_ISR)
                  0000abb0    00000048     nwk.obj (.text:nwk_findAlreadyJoined)
                  0000abf8    00000048     nwk.obj (.text:nwk_isLinkDuplicate)
                  0000ac40    00000048     nwk_mgmt.obj (.text:nwk_processMgmt)
                  0000ac88    00000046     mrfi.obj (.text:Mrfi_RxAddrIsFiltered)
                  0000acce    00000046     mrfi.obj (.text:mrfiRadioInterfaceReadReg)
                  0000ad14    00000046     nwk_ping.obj (.text:smpl_send_ping_reply)
                  0000ad5a    00000042     HAL_PMM.obj (.text:SetVCore)
                  0000ad9c    00000040     nwk_freq.obj (.text:nwk_freqControl)
                  0000addc    00000040     nwk_join.obj (.text:nwk_isSandFClient)
                  0000ae1c    0000003e     hal_lcd.obj (.text:HalLcdSetPeriod)
                  0000ae5a    0000003e     nwk.obj (.text:initializeConnection)
                  0000ae98    0000003e     nwk_join.obj (.text:nwk_processJoin)
                  0000aed6    0000003c     mrfi.obj (.text:MRFI_ReplyDelay)
                  0000af12    0000003c     nwk.obj (.text:nwk_putNumObjectIntoMsg)
                  0000af4e    0000003a     HAL_UCS.obj (.text:Init_FLL_Settle)
                  0000af88    0000003a     nwk_api.obj (.text:SMPL_Init)
                  0000afc2    0000003a     nwk_link.obj (.text:handleLinkRequest)
                  0000affc    0000003a     nwk_link.obj (.text:nwk_getLocalLinkID)
                  0000b036    0000003a     nwk.obj (.text:nwk_isValidReply)
                  0000b070    0000003a     nwk_join.obj (.text:nwk_joinInit)
                  0000b0aa    0000003a     nwk_freq.obj (.text:nwk_processFreq)
                  0000b0e4    0000003a     nwk_frame.obj (.text:nwk_replayFrame)
                  0000b11e    00000036     rts430_eabi.lib : fs_itof.obj (.text)
                  0000b154    00000034     hal_adc.obj (.text:ADC12_ISR)
                  0000b188    00000034     mrfi.obj (.text:mrfiRadioInterfaceWriteReg)
                  0000b1bc    00000034     mrfi.obj (.text:mrfiRadioInterfaceWriteTxFifo)
                  0000b1f0    00000034     nwk_QMgmt.obj (.text:nwk_QadjustOrder)
                  0000b224    00000034     nwk_ioctl.obj (.text:nwk_deviceAddress)
                  0000b258    00000032     mrfi.obj (.text:MRFI_SetLogicalChannel)
                  0000b28a    00000032     nwk.obj (.text:nwk_getConnInfo)
                  0000b2bc    00000032     nwk_link.obj (.text:nwk_linkInit)
                  0000b2ee    00000030     mrfi.obj (.text:Mrfi_DelayUsecSem)
                  0000b31e    00000030     nwk.obj (.text:map_lid2idx)
                  0000b34e    00000030     nwk_ping.obj (.text:nwk_processPing)
                  0000b37e    00000030     nwk_ioctl.obj (.text:nwk_rawReceive)
                  0000b3ae    00000030     nwk_frame.obj (.text:nwk_sendFrame)
                  0000b3de    0000002e     hal_lcd.obj (.text:HalLcdUpdateScrolling)
                  0000b40c    0000002e     hal_uart.obj (.text:HalUartInit)
                  0000b43a    0000002e     mrfi.obj (.text:Mrfi_CalculateRssi)
                  0000b468    0000002e     nwk_link.obj (.text:nwk_processLink)
                  0000b496    0000002c     mrfi.obj (.text:Mrfi_RxModeOff)
                  0000b4c2    0000002c     nwk.obj (.text:nwk_checkAppMsgTID)
                  0000b4ee    0000002c     rts430_eabi.lib : asr16.obj (.text)
                  0000b51a    0000002c                     : div16s.obj (.text)
                  0000b546    0000002c                     : lsl16.obj (.text)
                  0000b572    0000002a     mrfi.obj (.text:Mrfi_DelayUsec)
                  0000b59c    0000002a     nwk.obj (.text:nwk_checkConnInfo)
                  0000b5c6    00000028     bsp.obj (.text:BSP_Delay)
                  0000b5ee    00000028     nwk_globals.obj (.text:nwk_getAPAddress)
                  0000b616    00000026     mrfi.obj (.text:Mrfi_RandomBackoffDelay)
                  0000b63c    00000026     nwk_ioctl.obj (.text:nwk_connectionControl)
                  0000b662    00000026     nwk_frame.obj (.text:nwk_frameInit)
                  0000b688    00000026     nwk_globals.obj (.text:nwk_globalsInit)
                  0000b6ae    00000024     mrfi.obj (.text:MRFI_Rssi)
                  0000b6d2    00000024     mrfi.obj (.text:MRFI_Sleep)
                  0000b6f6    00000022     bsp.obj (.text:BSP_InitBoard)
                  0000b718    00000022     MspExp430F6137RxUserExperience.obj (.text:ConvertVccToLevel)
                  0000b73a    00000022     mrfi.obj (.text:MRFI_RxOn)
                  0000b75c    00000022     mrfi.obj (.text:MRFI_WakeUp)
                  0000b77e    00000022     rts430_eabi.lib : memcmp.obj (.text:memcmp)
                  0000b7a0    00000020     hal_adc.obj (.text:HalAdcStartRead)
                  0000b7c0    00000020     nwk_frame.obj (.text:MRFI_RxCompleteISR)
                  0000b7e0    00000020     mrfi.obj (.text:MRFI_RxIdle)
                  0000b800    00000020     rts430_eabi.lib : memmov.obj (.text:memmove)
                  0000b820    00000020                     : mult32_f5hw.obj (.text)
                  0000b840    0000001e     mrfi.obj (.text:MRFI_SetRFPwr)
                  0000b85e    0000001e     nwk_QMgmt.obj (.text:nwk_QInit)
                  0000b87c    0000001c     bsp.obj (.text:BSP_Init)
                  0000b898    0000001c     hal_uart.obj (.text:HalUartTxString)
                  0000b8b4    0000001c     nwk_freq.obj (.text:nwk_setChannel)
                  0000b8d0    0000001c     nwk_globals.obj (.text:nwk_setMyAddress)
                  0000b8ec    0000001a     hal_buttons.obj (.text:WDT_ISR)
                  0000b906    0000001a     rts430_eabi.lib : boot.obj (.text:_c_int00_noexit)
                  0000b920    00000018     mrfi.obj (.text:MRFI_DelayMs)
                  0000b938    00000018     MspExp430F6137RxUserExperience.obj (.text:SetupRtc)
                  0000b950    00000018     nwk_join.obj (.text:handleJoinRequest)
                  0000b968    00000018     nwk_mgmt.obj (.text:nwk_mgmtInit)
                  0000b980    00000016     hal_lcd.obj (.text:HalLcdPrint7SegScrollUpdate)
                  0000b996    00000016     mrfi.obj (.text:MRFI_RandomByte)
                  0000b9ac    00000016     mrfi.obj (.text:Mrfi_RxModeOn)
                  0000b9c2    00000016     nwk_freq.obj (.text:nwk_freqInit)
                  0000b9d8    00000016     rts430_eabi.lib : div16u.obj (.text)
                  0000b9ee    00000016     MspExp430F6137RxUserExperience.obj (.text:sCB)
                  0000ba04    00000014     rts430_eabi.lib : copy_zero_init.obj (.text:decompress:ZI:__TI_zero_init)
                  0000ba18    00000014     nwk_api.obj (.text:ioctlPreInitAccessIsOK)
                  0000ba2c    00000014     rts430_eabi.lib : memset.obj (.text:memset)
                  0000ba40    00000014     nwk_ioctl.obj (.text:nwk_joinContext)
                  0000ba54    00000014     rts430_eabi.lib : mult16_f5hw.obj (.text)
                  0000ba68    00000012     hal_buttons.obj (.text:HalButtonsInit)
                  0000ba7a    00000012     hal_buttons.obj (.text:HalButtonsPressedIFG)
                  0000ba8c    00000012     rts430_eabi.lib : copy_decompress_none.obj (.text:decompress:none:__TI_decompress_none)
                  0000ba9e    00000012     nwk_freq.obj (.text:handle_freq_cmd)
                  0000bab0    00000012     rts430_eabi.lib : memcpy.obj (.text:memcpy)
                  0000bac2    00000012     nwk_join.obj (.text:nwk_getJoinToken)
                  0000bad4    00000012     nwk_link.obj (.text:nwk_getLinkToken)
                  0000bae6    00000012     nwk_globals.obj (.text:nwk_getMyAddress)
                  0000baf8    00000012     nwk_join.obj (.text:nwk_setJoinToken)
                  0000bb0a    00000012     nwk_link.obj (.text:nwk_setLinkToken)
                  0000bb1c    00000010     hal_buttons.obj (.text:HalButtonsStartWDT)
                  0000bb2c    00000010     rts430_eabi.lib : asr32.obj (.text:l_asr)
                  0000bb3c    00000010     nwk_QMgmt.obj (.text:nwk_getQ)
                  0000bb4c    00000010     rts430_eabi.lib : epilog.obj (.text)
                  0000bb5c    0000000e     hal_buttons.obj (.text:HalButtonsInterruptEnable)
                  0000bb6a    0000000e     hal_lcd.obj (.text:HalLcdPrintStopScrolling)
                  0000bb78    0000000e     mrfi.obj (.text:MRFI_Receive)
                  0000bb86    0000000e     nwk.obj (.text:nwk_getNumObjectFromMsg)
                  0000bb94    0000000e     nwk_join.obj (.text:nwk_setJoinContext)
                  0000bba2    0000000e     nwk_link.obj (.text:nwk_setListenContext)
                  0000bbb0    0000000c     mrfi.obj (.text:MRFI_PostKillSem)
                  0000bbbc    0000000c     nwk_ping.obj (.text:handlePingRequest)
                  0000bbc8    0000000c     main.obj (.text:main)
                  0000bbd4    0000000c     nwk_mgmt.obj (.text:smpl_send_mgmt_reply)
                  0000bbe0    0000000a     bsp.obj (.text:Bsp_SetVCore)
                  0000bbea    0000000a     hal_adc.obj (.text:HalAdcGetLightSensor)
                  0000bbf4    0000000a     hal_adc.obj (.text:HalAdcGetVcc)
                  0000bbfe    0000000a     hal_adc.obj (.text:HalAdcJustUpdated)
                  0000bc08    0000000a     nwk_join.obj (.text:generateLinkToken)
                  0000bc12    0000000a     nwk_ping.obj (.text:nwk_pingInit)
                  0000bc1c    00000008     nwk_freq.obj (.text:nwk_getChannel)
                  0000bc24    00000008     nwk_mgmt.obj (.text:nwk_resetSFMarker)
                  0000bc2c    00000006     hal_adc.obj (.text:HalAdcGetTempDegF)
                  0000bc32    00000006     hal_adc.obj (.text:HalAdcSetQuitFromISR)
                  0000bc38    00000006     hal_lcd.obj (.text:HalLcdIsScrolling)
                  0000bc3e    00000006     mrfi.obj (.text:MRFI_GetRadioState)
                  0000bc44    00000006     rts430_eabi.lib : copy_decompress_rle.obj (.text:decompress:rle24:__TI_decompress_rle24)
                  0000bc4a    00000006     nwk.obj (.text:nwk_freeConnection)
                  0000bc50    00000006     nwk_globals.obj (.text:nwk_getBCastAddress)
                  0000bc56    00000006     nwk_globals.obj (.text:nwk_getFWVersion)
                  0000bc5c    00000006     nwk_frame.obj (.text:nwk_getMyRxType)
                  0000bc62    00000006     nwk_globals.obj (.text:nwk_getProtocolVersion)
                  0000bc68    00000006     nwk.obj (.text:nwk_getSFInfoPtr)
                  0000bc6e    00000004     rts430_eabi.lib : pre_init.obj (.text:_system_pre_init)
                  0000bc72    00000004                     : exit.obj (.text:abort)
                  0000bc76    00000004     nwk.obj (.text:nwk_NVObj)
                  0000bc7a    00000004     nwk_join.obj (.text:nwk_join)
                  0000bc7e    00000004     nwk_security.obj (.text:nwk_processSecurity)
                  0000bc82    00000002     nwk_security.obj (.text:nwk_securityInit)

.const     0    0000bc84    00000111     
                  0000bc84    00000080     hal_lcd.obj (.const:.string:FontSevenSegment)
                  0000bd04    00000040     mrfi.obj (.const:mrfiRadioCfg)
                  0000bd44    00000028     MspExp430F6137RxUserExperience.obj (.const:.string)
                  0000bd6c    0000000c     nwk_frame.obj (.const:func)
                  0000bd78    00000009     nwk_globals.obj (.const)
                  0000bd81    00000001     --HOLE-- [fill = 0]
                  0000bd82    00000007     MspExp430F6137RxUserExperience.obj (.const:.string:$P$T0$4)
                  0000bd89    00000001     --HOLE-- [fill = 0]
                  0000bd8a    00000004     mrfi.obj (.const:.string:mrfiBroadcastAddr)
                  0000bd8e    00000004     mrfi.obj (.const:.string:mrfiLogicalChanTable)
                  0000bd92    00000003     mrfi.obj (.const:.string:mrfiRFPowerTable)

.cinit     0    0000bd96    000000a4     
                  0000bd96    0000008a     (.cinit..data.load) [load image, compression = rle]
                  0000be20    00000006     (__TI_handler_table)
                  0000be26    00000004     (.cinit..bss.load) [load image, compression = zero_init]
                  0000be2a    00000004     (.cinit..infoB.load) [load image, compression = zero_init]
                  0000be2e    0000000c     (__TI_cinit_table)

RTC        0    0000ffdc    00000002     
                  0000ffdc    00000002     MspExp430F6137RxUserExperience.obj (.int46)

PORT2      0    0000ffe0    00000002     
                  0000ffe0    00000002     hal_buttons.obj (.int48)

CC1101     0    0000ffea    00000002     
                  0000ffea    00000002     mrfi.obj (.int53)

ADC12      0    0000fff0    00000002     
                  0000fff0    00000002     hal_adc.obj (.int56)

USCI_A0    0    0000fff4    00000002     
                  0000fff4    00000002     hal_uart.obj (.int58)

WDT        0    0000fff6    00000002     
                  0000fff6    00000002     hal_buttons.obj (.int59)

.reset     0    0000fffe    00000002     
                  0000fffe    00000002     rts430_eabi.lib : boot.obj (.reset)


LINKER GENERATED COPY TABLES

__TI_cinit_table @ 0000be2e records: 3, size/record: 4, table size: 12
	.data: load addr=0000bd96, load size=0000008a bytes, run addr=00001c00, run size=00000189 bytes, compression=rle
	.bss: load addr=0000be26, load size=00000004 bytes, run addr=00001d8a, run size=00000151 bytes, compression=zero_init
	.infoB: load addr=0000be2a, load size=00000004 bytes, run addr=00001900, run size=00000002 bytes, compression=zero_init


LINKER GENERATED HANDLER TABLE

__TI_handler_table @ 0000be20 records: 3, size/record: 2, table size: 6
	index: 0, handler: __TI_zero_init
	index: 1, handler: __TI_decompress_rle24
	index: 2, handler: __TI_decompress_none


GLOBAL SYMBOLS: SORTED ALPHABETICALLY BY Name 

address    name
--------   ----
00000700   ADC12CTL0
00000701   ADC12CTL0_H
00000700   ADC12CTL0_L
00000702   ADC12CTL1
00000703   ADC12CTL1_H
00000702   ADC12CTL1_L
00000704   ADC12CTL2
00000705   ADC12CTL2_H
00000704   ADC12CTL2_L
0000070c   ADC12IE
0000070d   ADC12IE_H
0000070c   ADC12IE_L
0000070a   ADC12IFG
0000070b   ADC12IFG_H
0000070a   ADC12IFG_L
0000070e   ADC12IV
0000070f   ADC12IV_H
0000070e   ADC12IV_L
00000710   ADC12MCTL0
00000711   ADC12MCTL1
0000071a   ADC12MCTL10
0000071b   ADC12MCTL11
0000071c   ADC12MCTL12
0000071d   ADC12MCTL13
0000071e   ADC12MCTL14
0000071f   ADC12MCTL15
00000712   ADC12MCTL2
00000713   ADC12MCTL3
00000714   ADC12MCTL4
00000715   ADC12MCTL5
00000716   ADC12MCTL6
00000717   ADC12MCTL7
00000718   ADC12MCTL8
00000719   ADC12MCTL9
00000720   ADC12MEM0
00000721   ADC12MEM0_H
00000720   ADC12MEM0_L
00000722   ADC12MEM1
00000734   ADC12MEM10
00000735   ADC12MEM10_H
00000734   ADC12MEM10_L
00000736   ADC12MEM11
00000737   ADC12MEM11_H
00000736   ADC12MEM11_L
00000738   ADC12MEM12
00000739   ADC12MEM12_H
00000738   ADC12MEM12_L
0000073a   ADC12MEM13
0000073b   ADC12MEM13_H
0000073a   ADC12MEM13_L
0000073c   ADC12MEM14
0000073d   ADC12MEM14_H
0000073c   ADC12MEM14_L
0000073e   ADC12MEM15
0000073f   ADC12MEM15_H
0000073e   ADC12MEM15_L
00000723   ADC12MEM1_H
00000722   ADC12MEM1_L
00000724   ADC12MEM2
00000725   ADC12MEM2_H
00000724   ADC12MEM2_L
00000726   ADC12MEM3
00000727   ADC12MEM3_H
00000726   ADC12MEM3_L
00000728   ADC12MEM4
00000729   ADC12MEM4_H
00000728   ADC12MEM4_L
0000072a   ADC12MEM5
0000072b   ADC12MEM5_H
0000072a   ADC12MEM5_L
0000072c   ADC12MEM6
0000072d   ADC12MEM6_H
0000072c   ADC12MEM6_L
0000072e   ADC12MEM7
0000072f   ADC12MEM7_H
0000072e   ADC12MEM7_L
00000730   ADC12MEM8
00000731   ADC12MEM8_H
00000730   ADC12MEM8_L
00000732   ADC12MEM9
00000733   ADC12MEM9_H
00000732   ADC12MEM9_L
0000b154   ADC12_ISR
000009c0   AESACTL0
000009c1   AESACTL0_H
000009c0   AESACTL0_L
000009c8   AESADIN
000009c9   AESADIN_H
000009c8   AESADIN_L
000009ca   AESADOUT
000009cb   AESADOUT_H
000009ca   AESADOUT_L
000009c6   AESAKEY
000009c7   AESAKEY_H
000009c6   AESAKEY_L
000009c4   AESASTAT
000009c5   AESASTAT_H
000009c4   AESASTAT_L
0000b5c6   BSP_Delay
0000b87c   BSP_Init
0000b6f6   BSP_InitBoard
0000861c   Base
0000bc72   C$$EXIT
00001ec6   CAL_ADC_20T30
00001ec8   CAL_ADC_20T85
000008c0   CBCTL0
000008c1   CBCTL0_H
000008c0   CBCTL0_L
000008c2   CBCTL1
000008c3   CBCTL1_H
000008c2   CBCTL1_L
000008c4   CBCTL2
000008c5   CBCTL2_H
000008c4   CBCTL2_L
000008c6   CBCTL3
000008c7   CBCTL3_H
000008c6   CBCTL3_L
000008cc   CBINT
000008cd   CBINT_H
000008cc   CBINT_L
000008ce   CBIV
00000150   CRCDI
00000151   CRCDI_H
00000150   CRCDI_L
00000154   CRCINIRES
00000155   CRCINIRES_H
00000154   CRCINIRES_L
0000b718   ConvertVccToLevel
00000510   DMA0CTL
00000511   DMA0CTL_H
00000510   DMA0CTL_L
00000516   DMA0DA
00000516   DMA0DAL
00000512   DMA0SA
00000512   DMA0SAL
0000051a   DMA0SZ
00000520   DMA1CTL
00000521   DMA1CTL_H
00000520   DMA1CTL_L
00000526   DMA1DA
00000526   DMA1DAL
00000522   DMA1SA
00000522   DMA1SAL
0000052a   DMA1SZ
00000530   DMA2CTL
00000531   DMA2CTL_H
00000530   DMA2CTL_L
00000536   DMA2DA
00000536   DMA2DAL
00000532   DMA2SA
00000532   DMA2SAL
0000053a   DMA2SZ
00000500   DMACTL0
00000501   DMACTL0_H
00000500   DMACTL0_L
00000502   DMACTL1
00000503   DMACTL1_H
00000502   DMACTL1_L
00000504   DMACTL2
00000505   DMACTL2_H
00000504   DMACTL2_L
00000506   DMACTL3
00000507   DMACTL3_H
00000506   DMACTL3_L
00000508   DMACTL4
00000509   DMACTL4_H
00000508   DMACTL4_L
0000050e   DMAIV
0000050f   DMAIV_H
0000050e   DMAIV_L
00000140   FCTL1
00000141   FCTL1_H
00000140   FCTL1_L
00000144   FCTL3
00000145   FCTL3_H
00000144   FCTL3_L
00000146   FCTL4
00000147   FCTL4_H
00000146   FCTL4_L
0000bc84   FontSevenSegment
00009dbe   HalAdcConvertTempVcc
0000bbea   HalAdcGetLightSensor
0000bc2c   HalAdcGetTempDegF
0000bbf4   HalAdcGetVcc
0000978e   HalAdcInit
0000bbfe   HalAdcJustUpdated
0000bc32   HalAdcSetQuitFromISR
0000b7a0   HalAdcStartRead
0000ba68   HalButtonsInit
0000bb5c   HalButtonsInterruptEnable
0000ba7a   HalButtonsPressedIFG
0000bb1c   HalButtonsStartWDT
0000a992   HalLcdBar
0000a896   HalLcdInit
0000bc38   HalLcdIsScrolling
0000a6d8   HalLcdPrint7Seg
0000a426   HalLcdPrint7SegScroll
0000b980   HalLcdPrint7SegScrollUpdate
0000bb6a   HalLcdPrintStopScrolling
0000ae1c   HalLcdSetPeriod
0000b3de   HalLcdUpdateScrolling
0000b40c   HalUartInit
0000b898   HalUartTxString
0000941e   Init_FLL
0000af4e   Init_FLL_Settle
00001ebe   IntDegC
00001ec0   IntDegF
00000a04   LCDBBLKCTL
00000a05   LCDBBLKCTL_H
00000a04   LCDBBLKCTL_L
00000a12   LCDBCPCTL
00000a13   LCDBCPCTL_H
00000a12   LCDBCPCTL_L
00000a00   LCDBCTL0
00000a01   LCDBCTL0_H
00000a00   LCDBCTL0_L
00000a02   LCDBCTL1
00000a03   LCDBCTL1_H
00000a02   LCDBCTL1_L
00000a1e   LCDBIV
00000a40   LCDBM1
00000a49   LCDBM10
00000a4a   LCDBM11
00000a4b   LCDBM12
00000a4c   LCDBM13
00000a4d   LCDBM14
00000a4e   LCDBM15
00000a4f   LCDBM16
00000a50   LCDBM17
00000a51   LCDBM18
00000a52   LCDBM19
00000a41   LCDBM2
00000a53   LCDBM20
00000a54   LCDBM21
00000a55   LCDBM22
00000a56   LCDBM23
00000a57   LCDBM24
00000a42   LCDBM3
00000a43   LCDBM4
00000a44   LCDBM5
00000a45   LCDBM6
00000a46   LCDBM7
00000a47   LCDBM8
00000a48   LCDBM9
00000a06   LCDBMEMCTL
00000a07   LCDBMEMCTL_H
00000a06   LCDBMEMCTL_L
00000a0a   LCDBPCTL0
00000a0b   LCDBPCTL0_H
00000a0a   LCDBPCTL0_L
00000a0c   LCDBPCTL1
00000a0d   LCDBPCTL1_H
00000a0c   LCDBPCTL1_L
00000a0e   LCDBPCTL2
00000a0f   LCDBPCTL2_H
00000a0e   LCDBPCTL2_L
00000a10   LCDBPCTL3
00000a11   LCDBPCTL3_H
00000a10   LCDBPCTL3_L
00000a08   LCDBVCTL
00000a09   LCDBVCTL_H
00000a08   LCDBVCTL_L
00000a20   LCDM1
00000a29   LCDM10
00000a2a   LCDM11
00000a2b   LCDM12
00000a2c   LCDM13
00000a2d   LCDM14
00000a2e   LCDM15
00000a2f   LCDM16
00000a30   LCDM17
00000a31   LCDM18
00000a32   LCDM19
00000a21   LCDM2
00000a33   LCDM20
00000a34   LCDM21
00000a35   LCDM22
00000a36   LCDM23
00000a37   LCDM24
00000a22   LCDM3
00000a23   LCDM4
00000a24   LCDM5
00000a25   LCDM6
00000a26   LCDM7
00000a27   LCDM8
00000a28   LCDM9
000004c4   MAC
000004da   MAC32H
000004db   MAC32H_H
000004da   MAC32H_L
000004d8   MAC32L
000004d9   MAC32L_H
000004d8   MAC32L_L
000004c6   MACS
000004de   MACS32H
000004df   MACS32H_H
000004de   MACS32H_L
000004dc   MACS32L
000004dd   MACS32L_H
000004dc   MACS32L_L
000004c7   MACS_H
000004c6   MACS_L
000004c5   MAC_H
000004c4   MAC_L
000004c0   MPY
000004ec   MPY32CTL0
000004ed   MPY32CTL0_H
000004ec   MPY32CTL0_L
000004d2   MPY32H
000004d3   MPY32H_H
000004d2   MPY32H_L
000004d0   MPY32L
000004d1   MPY32L_H
000004d0   MPY32L_L
000004c2   MPYS
000004d6   MPYS32H
000004d7   MPYS32H_H
000004d6   MPYS32H_L
000004d4   MPYS32L
000004d5   MPYS32L_H
000004d4   MPYS32L_L
000004c3   MPYS_H
000004c2   MPYS_L
000004c1   MPY_H
000004c0   MPY_L
0000b920   MRFI_DelayMs
0000bc3e   MRFI_GetRadioState
0000885a   MRFI_Init
0000bbb0   MRFI_PostKillSem
0000a2ca   MRFI_RadioIsr
0000b996   MRFI_RandomByte
0000bb78   MRFI_Receive
0000aed6   MRFI_ReplyDelay
0000b6ae   MRFI_Rssi
0000b7c0   MRFI_RxCompleteISR
0000b7e0   MRFI_RxIdle
0000b73a   MRFI_RxOn
0000b258   MRFI_SetLogicalChannel
0000b840   MRFI_SetRFPwr
0000b6d2   MRFI_Sleep
0000985e   MRFI_Transmit
0000b75c   MRFI_WakeUp
000004c8   OP2
000004e2   OP2H
000004e3   OP2H_H
000004e2   OP2H_L
000004e0   OP2L
000004e1   OP2L_H
000004e0   OP2L_L
000004c9   OP2_H
000004c8   OP2_L
0000020e   P1IV
000001c8   P1MAP01
000001c9   P1MAP01_H
000001c8   P1MAP01_L
000001ca   P1MAP23
000001cb   P1MAP23_H
000001ca   P1MAP23_L
000001cc   P1MAP45
000001cd   P1MAP45_H
000001cc   P1MAP45_L
000001ce   P1MAP67
000001cf   P1MAP67_H
000001ce   P1MAP67_L
0000021e   P2IV
000001d0   P2MAP01
000001d1   P2MAP01_H
000001d0   P2MAP01_L
000001d2   P2MAP23
000001d3   P2MAP23_H
000001d2   P2MAP23_L
000001d4   P2MAP45
000001d5   P2MAP45_H
000001d4   P2MAP45_L
000001d6   P2MAP67
000001d7   P2MAP67_H
000001d6   P2MAP67_L
000001d8   P3MAP01
000001d9   P3MAP01_H
000001d8   P3MAP01_L
000001da   P3MAP23
000001db   P3MAP23_H
000001da   P3MAP23_L
000001dc   P3MAP45
000001dd   P3MAP45_H
000001dc   P3MAP45_L
000001de   P3MAP67
000001df   P3MAP67_H
000001de   P3MAP67_L
00000204   PADIR
00000205   PADIR_H
00000204   PADIR_L
00000208   PADS
00000209   PADS_H
00000208   PADS_L
0000021a   PAIE
00000218   PAIES
00000219   PAIES_H
00000218   PAIES_L
0000021b   PAIE_H
0000021a   PAIE_L
0000021c   PAIFG
0000021d   PAIFG_H
0000021c   PAIFG_L
00000200   PAIN
00000201   PAIN_H
00000200   PAIN_L
00000202   PAOUT
00000203   PAOUT_H
00000202   PAOUT_L
00000206   PAREN
00000207   PAREN_H
00000206   PAREN_L
0000020a   PASEL
0000020b   PASEL_H
0000020a   PASEL_L
00000224   PBDIR
00000225   PBDIR_H
00000224   PBDIR_L
00000228   PBDS
00000229   PBDS_H
00000228   PBDS_L
00000220   PBIN
00000221   PBIN_H
00000220   PBIN_L
00000222   PBOUT
00000223   PBOUT_H
00000222   PBOUT_L
00000226   PBREN
00000227   PBREN_H
00000226   PBREN_L
0000022a   PBSEL
0000022b   PBSEL_H
0000022a   PBSEL_L
00000244   PCDIR
00000245   PCDIR_H
00000244   PCDIR_L
00000248   PCDS
00000249   PCDS_H
00000248   PCDS_L
00000240   PCIN
00000241   PCIN_H
00000240   PCIN_L
00000242   PCOUT
00000243   PCOUT_H
00000242   PCOUT_L
00000246   PCREN
00000247   PCREN_H
00000246   PCREN_L
0000024a   PCSEL
0000024b   PCSEL_H
0000024a   PCSEL_L
00000324   PJDIR
00000325   PJDIR_H
00000324   PJDIR_L
00000328   PJDS
00000329   PJDS_H
00000328   PJDS_L
00000320   PJIN
00000321   PJIN_H
00000320   PJIN_L
00000322   PJOUT
00000323   PJOUT_H
00000322   PJOUT_L
00000326   PJREN
00000327   PJREN_H
00000326   PJREN_L
000001c2   PMAPCTL
000001c3   PMAPCTL_H
000001c2   PMAPCTL_L
000001c0   PMAPKEYID
000001c1   PMAPKEYID_H
000001c0   PMAPKEYID_L
00000120   PMMCTL0
00000121   PMMCTL0_H
00000120   PMMCTL0_L
00000122   PMMCTL1
00000123   PMMCTL1_H
00000122   PMMCTL1_L
0000012c   PMMIFG
0000012d   PMMIFG_H
0000012c   PMMIFG_L
0000012e   PMMRIE
0000012f   PMMRIE_H
0000012e   PMMRIE_L
0000a8ea   Port2_ISR
00000158   RCCTL0
00000159   RCCTL0_H
00000158   RCCTL0_L
000001b0   REFCTL0
000001b1   REFCTL0_H
000001b0   REFCTL0_L
000004e4   RES0
000004e5   RES0_H
000004e4   RES0_L
000004e6   RES1
000004e7   RES1_H
000004e6   RES1_L
000004e8   RES2
000004e9   RES2_H
000004e8   RES2_L
000004ea   RES3
000004eb   RES3_H
000004ea   RES3_L
000004cc   RESHI
000004cd   RESHI_H
000004cc   RESHI_L
000004ca   RESLO
000004cb   RESLO_H
000004ca   RESLO_L
00000f16   RF1ADINW
00000f17   RF1ADINW_H
00000f16   RF1ADINW_L
00000f28   RF1ADOUT0W
00000f29   RF1ADOUT0W_H
00000f28   RF1ADOUT0W_L
00000f2a   RF1ADOUT1W
00000f2b   RF1ADOUT1W_H
00000f2a   RF1ADOUT1W_L
00000f2c   RF1ADOUT2W
00000f2d   RF1ADOUT2W_H
00000f2c   RF1ADOUT2W_L
00000f36   RF1AIE
00000f34   RF1AIES
00000f35   RF1AIES_H
00000f34   RF1AIES_L
00000f37   RF1AIE_H
00000f36   RF1AIE_L
00000f00   RF1AIFCTL0
00000f01   RF1AIFCTL0_H
00000f00   RF1AIFCTL0_L
00000f02   RF1AIFCTL1
00000f03   RF1AIFCTL1_H
00000f02   RF1AIFCTL1_L
00000f04   RF1AIFCTL2
00000f05   RF1AIFCTL2_H
00000f04   RF1AIFCTL2_L
00000f06   RF1AIFERR
00000f0c   RF1AIFERRV
00000f0d   RF1AIFERRV_H
00000f0c   RF1AIFERRV_L
00000f07   RF1AIFERR_H
00000f06   RF1AIFERR_L
00000f32   RF1AIFG
00000f33   RF1AIFG_H
00000f32   RF1AIFG_L
00000f0e   RF1AIFIV
00000f0f   RF1AIFIV_H
00000f0e   RF1AIFIV_L
00000f30   RF1AIN
00000f12   RF1AINSTR1W
00000f13   RF1AINSTR1W_H
00000f12   RF1AINSTR1W_L
00000f14   RF1AINSTR2W
00000f15   RF1AINSTR2W_H
00000f14   RF1AINSTR2W_L
00000f10   RF1AINSTRW
00000f11   RF1AINSTRW_H
00000f10   RF1AINSTRW_L
00000f31   RF1AIN_H
00000f30   RF1AIN_L
00000f38   RF1AIV
00000f39   RF1AIV_H
00000f38   RF1AIV_L
00000f3c   RF1ARXFIFO
00000f3d   RF1ARXFIFO_H
00000f3c   RF1ARXFIFO_L
00000f20   RF1ASTAT0W
00000f21   RF1ASTAT0W_H
00000f20   RF1ASTAT0W_L
00000f22   RF1ASTAT1W
00000f23   RF1ASTAT1W_H
00000f22   RF1ASTAT1W_L
00000f24   RF1ASTAT2W
00000f25   RF1ASTAT2W_H
00000f24   RF1ASTAT2W_L
00000f3e   RF1ATXFIFO
00000f3f   RF1ATXFIFO_H
00000f3e   RF1ATXFIFO_L
000004ba   RTCADOWDAY
000004bb   RTCADOWDAY_H
000004ba   RTCADOWDAY_L
000004b8   RTCAMINHR
000004b9   RTCAMINHR_H
000004b8   RTCAMINHR_L
000004a0   RTCCTL01
000004a1   RTCCTL01_H
000004a0   RTCCTL01_L
000004a2   RTCCTL23
000004a3   RTCCTL23_H
000004a2   RTCCTL23_L
000004b4   RTCDATE
000004b5   RTCDATE_H
000004b4   RTCDATE_L
000004ae   RTCIV
000004ac   RTCPS
000004a8   RTCPS0CTL
000004a9   RTCPS0CTL_H
000004a8   RTCPS0CTL_L
000004aa   RTCPS1CTL
000004ab   RTCPS1CTL_H
000004aa   RTCPS1CTL_L
000004ad   RTCPS_H
000004ac   RTCPS_L
000004b0   RTCTIM0
000004b1   RTCTIM0_H
000004b0   RTCTIM0_L
000004b2   RTCTIM1
000004b3   RTCTIM1_H
000004b2   RTCTIM1_L
000004b6   RTCYEAR
000004b7   RTCYEAR_H
000004b6   RTCYEAR_L
0000ab66   RTC_ISR
00000100   SFRIE1
00000101   SFRIE1_H
00000100   SFRIE1_L
00000102   SFRIFG1
00000103   SFRIFG1_H
00000102   SFRIFG1_L
00000104   SFRRPCR
00000105   SFRRPCR_H
00000104   SFRRPCR_L
0000af88   SMPL_Init
00008e9a   SMPL_Ioctl
0000a342   SMPL_LinkListen
0000aa82   SMPL_Receive
000004ce   SUMEXT
000004cf   SUMEXT_H
000004ce   SUMEXT_L
00000124   SVSMHCTL
00000125   SVSMHCTL_H
00000124   SVSMHCTL_L
00000128   SVSMIO
00000129   SVSMIO_H
00000128   SVSMIO_L
00000126   SVSMLCTL
00000127   SVSMLCTL_H
00000126   SVSMLCTL_L
00000198   SYSBERRIV
00000199   SYSBERRIV_H
00000198   SYSBERRIV_L
00000182   SYSBSLC
00000183   SYSBSLC_H
00000182   SYSBSLC_L
00000180   SYSCTL
00000181   SYSCTL_H
00000180   SYSCTL_L
00000186   SYSJMBC
00000187   SYSJMBC_H
00000186   SYSJMBC_L
00000188   SYSJMBI0
00000189   SYSJMBI0_H
00000188   SYSJMBI0_L
0000018a   SYSJMBI1
0000018b   SYSJMBI1_H
0000018a   SYSJMBI1_L
0000018c   SYSJMBO0
0000018d   SYSJMBO0_H
0000018c   SYSJMBO0_L
0000018e   SYSJMBO1
0000018f   SYSJMBO1_H
0000018e   SYSJMBO1_L
0000019e   SYSRSTIV
0000019f   SYSRSTIV_H
0000019e   SYSRSTIV_L
0000019c   SYSSNIV
0000019d   SYSSNIV_H
0000019c   SYSSNIV_L
0000019a   SYSUNIV
0000019b   SYSUNIV_H
0000019a   SYSUNIV_L
00001d1a   SavedADC12MEM0
00001d1e   SavedADC12MEM1
00001d20   SavedADC12MEM2
0000ad5a   SetVCore
0000b938   SetupRtc
00000352   TA0CCR0
00000354   TA0CCR1
00000356   TA0CCR2
00000358   TA0CCR3
0000035a   TA0CCR4
00000342   TA0CCTL0
00000344   TA0CCTL1
00000346   TA0CCTL2
00000348   TA0CCTL3
0000034a   TA0CCTL4
00000340   TA0CTL
00000360   TA0EX0
0000036e   TA0IV
00000350   TA0R
00000392   TA1CCR0
00000394   TA1CCR1
00000396   TA1CCR2
00000382   TA1CCTL0
00000384   TA1CCTL1
00000386   TA1CCTL2
00000380   TA1CTL
000003a0   TA1EX0
000003ae   TA1IV
00000390   TA1R
00008000   TransmitUartData
000005d0   UCA0ABCTL
000005c6   UCA0BRW
000005c7   UCA0BRW_H
000005c6   UCA0BRW_L
000005c0   UCA0CTLW0
000005c1   UCA0CTLW0_H
000005c0   UCA0CTLW0_L
000005dc   UCA0ICTL
000005dd   UCA0ICTL_H
000005dc   UCA0ICTL_L
000005d2   UCA0IRCTL
000005d3   UCA0IRCTL_H
000005d2   UCA0IRCTL_L
000005de   UCA0IV
000005c8   UCA0MCTL
000005cc   UCA0RXBUF
000005ca   UCA0STAT
000005ce   UCA0TXBUF
000005e6   UCB0BRW
000005e7   UCB0BRW_H
000005e6   UCB0BRW_L
000005e0   UCB0CTLW0
000005e1   UCB0CTLW0_H
000005e0   UCB0CTLW0_L
000005f0   UCB0I2COA
000005f1   UCB0I2COA_H
000005f0   UCB0I2COA_L
000005f2   UCB0I2CSA
000005f3   UCB0I2CSA_H
000005f2   UCB0I2CSA_L
000005fc   UCB0ICTL
000005fd   UCB0ICTL_H
000005fc   UCB0ICTL_L
000005fe   UCB0IV
000005ec   UCB0RXBUF
000005ea   UCB0STAT
000005ee   UCB0TXBUF
00000160   UCSCTL0
00000161   UCSCTL0_H
00000160   UCSCTL0_L
00000162   UCSCTL1
00000163   UCSCTL1_H
00000162   UCSCTL1_L
00000164   UCSCTL2
00000165   UCSCTL2_H
00000164   UCSCTL2_L
00000166   UCSCTL3
00000167   UCSCTL3_H
00000166   UCSCTL3_L
00000168   UCSCTL4
00000169   UCSCTL4_H
00000168   UCSCTL4_L
0000016a   UCSCTL5
0000016b   UCSCTL5_H
0000016a   UCSCTL5_L
0000016c   UCSCTL6
0000016d   UCSCTL6_H
0000016c   UCSCTL6_L
0000016e   UCSCTL7
0000016f   UCSCTL7_H
0000016e   UCSCTL7_L
00000170   UCSCTL8
00000171   UCSCTL8_H
00000170   UCSCTL8_L
0000a790   USCI_A0_ISR
00008314   UpdateNodeInfoOnLcd
00001d24   Vcc
0000015c   WDTCTL
0000015d   WDTCTL_H
0000015c   WDTCTL_L
0000b8ec   WDT_ISR
00002bfc   __STACK_END
00000050   __STACK_SIZE
0000be2e   __TI_CINIT_Base
0000be3a   __TI_CINIT_Limit
0000be20   __TI_Handler_Table_Base
0000be26   __TI_Handler_Table_Limit
UNDEFED    __TI_INITARRAY_Base
UNDEFED    __TI_INITARRAY_Limit
00000001   __TI_args_main
0000ba8c   __TI_decompress_none
0000bc44   __TI_decompress_rle24
00000001   __TI_exit
0000ba04   __TI_zero_init
ffffffff   __binit__
ffffffff   __c_args__
00008fe4   __mspabi_addf
00009f8c   __mspabi_divf
0000b51a   __mspabi_divi
0000b9d8   __mspabi_divu
0000a7e8   __mspabi_divul
0000a48e   __mspabi_fixfi
0000b11e   __mspabi_fltif
0000bb58   __mspabi_func_epilog_1
0000bb56   __mspabi_func_epilog_2
0000bb54   __mspabi_func_epilog_3
0000bb52   __mspabi_func_epilog_4
0000bb50   __mspabi_func_epilog_5
0000bb4e   __mspabi_func_epilog_6
0000bb4c   __mspabi_func_epilog_7
00009928   __mspabi_mpyf
0000ba54   __mspabi_mpyi_f5hw
0000b820   __mspabi_mpyl_f5hw
0000b51a   __mspabi_remi
0000b9d8   __mspabi_remu
0000a7e8   __mspabi_remul
0000b546   __mspabi_slli
0000b56e   __mspabi_slli_1
0000b55c   __mspabi_slli_10
0000b55a   __mspabi_slli_11
0000b558   __mspabi_slli_12
0000b556   __mspabi_slli_13
0000b554   __mspabi_slli_14
0000b552   __mspabi_slli_15
0000b56c   __mspabi_slli_2
0000b56a   __mspabi_slli_3
0000b568   __mspabi_slli_4
0000b566   __mspabi_slli_5
0000b564   __mspabi_slli_6
0000b562   __mspabi_slli_7
0000b560   __mspabi_slli_8
0000b55e   __mspabi_slli_9
0000b4ee   __mspabi_srai
0000b516   __mspabi_srai_1
0000b504   __mspabi_srai_10
0000b502   __mspabi_srai_11
0000b500   __mspabi_srai_12
0000b4fe   __mspabi_srai_13
0000b4fc   __mspabi_srai_14
0000b4fa   __mspabi_srai_15
0000b514   __mspabi_srai_2
0000b512   __mspabi_srai_3
0000b510   __mspabi_srai_4
0000b50e   __mspabi_srai_5
0000b50c   __mspabi_srai_6
0000b50a   __mspabi_srai_7
0000b508   __mspabi_srai_8
0000b506   __mspabi_srai_9
0000bb2c   __mspabi_sral
0000ab1a   __mspabi_srli
0000ab60   __mspabi_srli_1
0000ab3c   __mspabi_srli_10
0000ab38   __mspabi_srli_11
0000ab34   __mspabi_srli_12
0000ab30   __mspabi_srli_13
0000ab2c   __mspabi_srli_14
0000ab28   __mspabi_srli_15
0000ab5c   __mspabi_srli_2
0000ab58   __mspabi_srli_3
0000ab54   __mspabi_srli_4
0000ab50   __mspabi_srli_5
0000ab4c   __mspabi_srli_6
0000ab48   __mspabi_srli_7
0000ab44   __mspabi_srli_8
0000ab40   __mspabi_srli_9
0000a788   __mspabi_srll_1
0000a752   __mspabi_srll_10
0000a74c   __mspabi_srll_11
0000a746   __mspabi_srll_12
0000a740   __mspabi_srll_13
0000a73a   __mspabi_srll_14
0000a734   __mspabi_srll_15
0000a782   __mspabi_srll_2
0000a77c   __mspabi_srll_3
0000a776   __mspabi_srll_4
0000a770   __mspabi_srll_5
0000a76a   __mspabi_srll_6
0000a764   __mspabi_srll_7
0000a75e   __mspabi_srll_8
0000a758   __mspabi_srll_9
00008fde   __mspabi_subf
0000a61c   _auto_init
0000b906   _c_int00
0000b906   _c_int00_noexit
0000fffe   _reset_vector
00002bac   _stack
0000bc6e   _system_pre_init
0000bc72   abort
00001900   adcTemp25Calibration
00001d32   adcValuesJustUpdated
ffffffff   binit
00001d55   broadcastAlert
00001d87   buttonDebounce
00001d88   buttonsPressed
00001d2e   c
00001d28   exit_active_from_ADC12
00009be4   isDupSandFFrame
00001d4f   lastMessage
00001d56   lcdClearSymbol
00001d7b   lcdScrollActive
00001d7c   lcdScrollJustStop
00001d7d   lcdScrollPosition
00001d7e   lcdScrollRepeat
00001d7a   lcdTextLength
00001cc2   lcdTextString
00001ec2   lightSensor
00001d2a   m
0000bbc8   main
0000b77e   memcmp
0000bab0   memcpy
0000b800   memmove
0000ba2c   memset
00001d4a   method
0000bd8a   mrfiBroadcastAddr
0000bd04   mrfiRadioCfg
0000a026   mrfiRadioInterfaceCmdStrobe
0000acce   mrfiRadioInterfaceReadReg
0000a55e   mrfiRadioInterfaceReadRxFifo
0000b188   mrfiRadioInterfaceWriteReg
0000b1bc   mrfiRadioInterfaceWriteTxFifo
00001d53   nodeCurrent
00001d54   nodeInfoDisplayMode
00001e62   nodeInfos
00001d52   nodeNum
0000bc76   nwk_NVObj
0000b85e   nwk_QInit
0000b1f0   nwk_QadjustOrder
00008bde   nwk_QfindOldest
0000a142   nwk_QfindSlot
00009b42   nwk_SendEmptyPollRspFrame
00009506   nwk_allocateLocalRxPort
00009c84   nwk_buildFrame
0000b4c2   nwk_checkAppMsgTID
0000b59c   nwk_checkConnInfo
0000b63c   nwk_connectionControl
0000b224   nwk_deviceAddress
0000abb0   nwk_findAlreadyJoined
0000aace   nwk_findPeer
0000b662   nwk_frameInit
0000bc4a   nwk_freeConnection
0000ad9c   nwk_freqControl
0000b9c2   nwk_freqInit
0000b5ee   nwk_getAPAddress
0000bc50   nwk_getBCastAddress
0000bc1c   nwk_getChannel
0000b28a   nwk_getConnInfo
0000bc56   nwk_getFWVersion
0000bac2   nwk_getJoinToken
0000bad4   nwk_getLinkToken
0000affc   nwk_getLocalLinkID
0000bae6   nwk_getMyAddress
0000bc5c   nwk_getMyRxType
0000a9e4   nwk_getNextConnection
0000bb86   nwk_getNumObjectFromMsg
0000bc62   nwk_getProtocolVersion
0000bb3c   nwk_getQ
0000bc68   nwk_getSFInfoPtr
0000a24e   nwk_getSandFFrame
0000b688   nwk_globalsInit
00009ef2   nwk_isConnectionValid
0000abf8   nwk_isLinkDuplicate
0000addc   nwk_isSandFClient
0000b036   nwk_isValidReply
0000bc7a   nwk_join
0000ba40   nwk_joinContext
0000b070   nwk_joinInit
0000b2bc   nwk_linkInit
0000b968   nwk_mgmtInit
0000a1c8   nwk_nwkInit
0000bc12   nwk_pingInit
0000b0aa   nwk_processFreq
0000ae98   nwk_processJoin
0000b468   nwk_processLink
0000ac40   nwk_processMgmt
0000b34e   nwk_processPing
0000bc7e   nwk_processSecurity
0000af12   nwk_putNumObjectIntoMsg
00009a9c   nwk_radioControl
0000b37e   nwk_rawReceive
0000a93e   nwk_rawSend
0000b0e4   nwk_replayFrame
0000bc24   nwk_resetSFMarker
000099ea   nwk_retrieveFrame
0000a3b8   nwk_saveJoinedDevice
0000910e   nwk_scanForChannels
0000bc82   nwk_securityInit
00009d22   nwk_sendAckReply
0000b3ae   nwk_sendFrame
0000b8b4   nwk_setChannel
0000bb94   nwk_setJoinContext
0000baf8   nwk_setJoinToken
0000bb0a   nwk_setLinkToken
0000bba2   nwk_setListenContext
0000b8d0   nwk_setMyAddress
00001d74   string
00001d50   temperatureMode
00001eaa   uartBuffer
00001d51   uartMode


GLOBAL SYMBOLS: SORTED BY Symbol Address 

address    name
--------   ----
00000001   __TI_args_main
00000001   __TI_exit
00000050   __STACK_SIZE
00000100   SFRIE1
00000100   SFRIE1_L
00000101   SFRIE1_H
00000102   SFRIFG1
00000102   SFRIFG1_L
00000103   SFRIFG1_H
00000104   SFRRPCR
00000104   SFRRPCR_L
00000105   SFRRPCR_H
00000120   PMMCTL0
00000120   PMMCTL0_L
00000121   PMMCTL0_H
00000122   PMMCTL1
00000122   PMMCTL1_L
00000123   PMMCTL1_H
00000124   SVSMHCTL
00000124   SVSMHCTL_L
00000125   SVSMHCTL_H
00000126   SVSMLCTL
00000126   SVSMLCTL_L
00000127   SVSMLCTL_H
00000128   SVSMIO
00000128   SVSMIO_L
00000129   SVSMIO_H
0000012c   PMMIFG
0000012c   PMMIFG_L
0000012d   PMMIFG_H
0000012e   PMMRIE
0000012e   PMMRIE_L
0000012f   PMMRIE_H
00000140   FCTL1
00000140   FCTL1_L
00000141   FCTL1_H
00000144   FCTL3
00000144   FCTL3_L
00000145   FCTL3_H
00000146   FCTL4
00000146   FCTL4_L
00000147   FCTL4_H
00000150   CRCDI
00000150   CRCDI_L
00000151   CRCDI_H
00000154   CRCINIRES
00000154   CRCINIRES_L
00000155   CRCINIRES_H
00000158   RCCTL0
00000158   RCCTL0_L
00000159   RCCTL0_H
0000015c   WDTCTL
0000015c   WDTCTL_L
0000015d   WDTCTL_H
00000160   UCSCTL0
00000160   UCSCTL0_L
00000161   UCSCTL0_H
00000162   UCSCTL1
00000162   UCSCTL1_L
00000163   UCSCTL1_H
00000164   UCSCTL2
00000164   UCSCTL2_L
00000165   UCSCTL2_H
00000166   UCSCTL3
00000166   UCSCTL3_L
00000167   UCSCTL3_H
00000168   UCSCTL4
00000168   UCSCTL4_L
00000169   UCSCTL4_H
0000016a   UCSCTL5
0000016a   UCSCTL5_L
0000016b   UCSCTL5_H
0000016c   UCSCTL6
0000016c   UCSCTL6_L
0000016d   UCSCTL6_H
0000016e   UCSCTL7
0000016e   UCSCTL7_L
0000016f   UCSCTL7_H
00000170   UCSCTL8
00000170   UCSCTL8_L
00000171   UCSCTL8_H
00000180   SYSCTL
00000180   SYSCTL_L
00000181   SYSCTL_H
00000182   SYSBSLC
00000182   SYSBSLC_L
00000183   SYSBSLC_H
00000186   SYSJMBC
00000186   SYSJMBC_L
00000187   SYSJMBC_H
00000188   SYSJMBI0
00000188   SYSJMBI0_L
00000189   SYSJMBI0_H
0000018a   SYSJMBI1
0000018a   SYSJMBI1_L
0000018b   SYSJMBI1_H
0000018c   SYSJMBO0
0000018c   SYSJMBO0_L
0000018d   SYSJMBO0_H
0000018e   SYSJMBO1
0000018e   SYSJMBO1_L
0000018f   SYSJMBO1_H
00000198   SYSBERRIV
00000198   SYSBERRIV_L
00000199   SYSBERRIV_H
0000019a   SYSUNIV
0000019a   SYSUNIV_L
0000019b   SYSUNIV_H
0000019c   SYSSNIV
0000019c   SYSSNIV_L
0000019d   SYSSNIV_H
0000019e   SYSRSTIV
0000019e   SYSRSTIV_L
0000019f   SYSRSTIV_H
000001b0   REFCTL0
000001b0   REFCTL0_L
000001b1   REFCTL0_H
000001c0   PMAPKEYID
000001c0   PMAPKEYID_L
000001c1   PMAPKEYID_H
000001c2   PMAPCTL
000001c2   PMAPCTL_L
000001c3   PMAPCTL_H
000001c8   P1MAP01
000001c8   P1MAP01_L
000001c9   P1MAP01_H
000001ca   P1MAP23
000001ca   P1MAP23_L
000001cb   P1MAP23_H
000001cc   P1MAP45
000001cc   P1MAP45_L
000001cd   P1MAP45_H
000001ce   P1MAP67
000001ce   P1MAP67_L
000001cf   P1MAP67_H
000001d0   P2MAP01
000001d0   P2MAP01_L
000001d1   P2MAP01_H
000001d2   P2MAP23
000001d2   P2MAP23_L
000001d3   P2MAP23_H
000001d4   P2MAP45
000001d4   P2MAP45_L
000001d5   P2MAP45_H
000001d6   P2MAP67
000001d6   P2MAP67_L
000001d7   P2MAP67_H
000001d8   P3MAP01
000001d8   P3MAP01_L
000001d9   P3MAP01_H
000001da   P3MAP23
000001da   P3MAP23_L
000001db   P3MAP23_H
000001dc   P3MAP45
000001dc   P3MAP45_L
000001dd   P3MAP45_H
000001de   P3MAP67
000001de   P3MAP67_L
000001df   P3MAP67_H
00000200   PAIN
00000200   PAIN_L
00000201   PAIN_H
00000202   PAOUT
00000202   PAOUT_L
00000203   PAOUT_H
00000204   PADIR
00000204   PADIR_L
00000205   PADIR_H
00000206   PAREN
00000206   PAREN_L
00000207   PAREN_H
00000208   PADS
00000208   PADS_L
00000209   PADS_H
0000020a   PASEL
0000020a   PASEL_L
0000020b   PASEL_H
0000020e   P1IV
00000218   PAIES
00000218   PAIES_L
00000219   PAIES_H
0000021a   PAIE
0000021a   PAIE_L
0000021b   PAIE_H
0000021c   PAIFG
0000021c   PAIFG_L
0000021d   PAIFG_H
0000021e   P2IV
00000220   PBIN
00000220   PBIN_L
00000221   PBIN_H
00000222   PBOUT
00000222   PBOUT_L
00000223   PBOUT_H
00000224   PBDIR
00000224   PBDIR_L
00000225   PBDIR_H
00000226   PBREN
00000226   PBREN_L
00000227   PBREN_H
00000228   PBDS
00000228   PBDS_L
00000229   PBDS_H
0000022a   PBSEL
0000022a   PBSEL_L
0000022b   PBSEL_H
00000240   PCIN
00000240   PCIN_L
00000241   PCIN_H
00000242   PCOUT
00000242   PCOUT_L
00000243   PCOUT_H
00000244   PCDIR
00000244   PCDIR_L
00000245   PCDIR_H
00000246   PCREN
00000246   PCREN_L
00000247   PCREN_H
00000248   PCDS
00000248   PCDS_L
00000249   PCDS_H
0000024a   PCSEL
0000024a   PCSEL_L
0000024b   PCSEL_H
00000320   PJIN
00000320   PJIN_L
00000321   PJIN_H
00000322   PJOUT
00000322   PJOUT_L
00000323   PJOUT_H
00000324   PJDIR
00000324   PJDIR_L
00000325   PJDIR_H
00000326   PJREN
00000326   PJREN_L
00000327   PJREN_H
00000328   PJDS
00000328   PJDS_L
00000329   PJDS_H
00000340   TA0CTL
00000342   TA0CCTL0
00000344   TA0CCTL1
00000346   TA0CCTL2
00000348   TA0CCTL3
0000034a   TA0CCTL4
00000350   TA0R
00000352   TA0CCR0
00000354   TA0CCR1
00000356   TA0CCR2
00000358   TA0CCR3
0000035a   TA0CCR4
00000360   TA0EX0
0000036e   TA0IV
00000380   TA1CTL
00000382   TA1CCTL0
00000384   TA1CCTL1
00000386   TA1CCTL2
00000390   TA1R
00000392   TA1CCR0
00000394   TA1CCR1
00000396   TA1CCR2
000003a0   TA1EX0
000003ae   TA1IV
000004a0   RTCCTL01
000004a0   RTCCTL01_L
000004a1   RTCCTL01_H
000004a2   RTCCTL23
000004a2   RTCCTL23_L
000004a3   RTCCTL23_H
000004a8   RTCPS0CTL
000004a8   RTCPS0CTL_L
000004a9   RTCPS0CTL_H
000004aa   RTCPS1CTL
000004aa   RTCPS1CTL_L
000004ab   RTCPS1CTL_H
000004ac   RTCPS
000004ac   RTCPS_L
000004ad   RTCPS_H
000004ae   RTCIV
000004b0   RTCTIM0
000004b0   RTCTIM0_L
000004b1   RTCTIM0_H
000004b2   RTCTIM1
000004b2   RTCTIM1_L
000004b3   RTCTIM1_H
000004b4   RTCDATE
000004b4   RTCDATE_L
000004b5   RTCDATE_H
000004b6   RTCYEAR
000004b6   RTCYEAR_L
000004b7   RTCYEAR_H
000004b8   RTCAMINHR
000004b8   RTCAMINHR_L
000004b9   RTCAMINHR_H
000004ba   RTCADOWDAY
000004ba   RTCADOWDAY_L
000004bb   RTCADOWDAY_H
000004c0   MPY
000004c0   MPY_L
000004c1   MPY_H
000004c2   MPYS
000004c2   MPYS_L
000004c3   MPYS_H
000004c4   MAC
000004c4   MAC_L
000004c5   MAC_H
000004c6   MACS
000004c6   MACS_L
000004c7   MACS_H
000004c8   OP2
000004c8   OP2_L
000004c9   OP2_H
000004ca   RESLO
000004ca   RESLO_L
000004cb   RESLO_H
000004cc   RESHI
000004cc   RESHI_L
000004cd   RESHI_H
000004ce   SUMEXT
000004ce   SUMEXT_L
000004cf   SUMEXT_H
000004d0   MPY32L
000004d0   MPY32L_L
000004d1   MPY32L_H
000004d2   MPY32H
000004d2   MPY32H_L
000004d3   MPY32H_H
000004d4   MPYS32L
000004d4   MPYS32L_L
000004d5   MPYS32L_H
000004d6   MPYS32H
000004d6   MPYS32H_L
000004d7   MPYS32H_H
000004d8   MAC32L
000004d8   MAC32L_L
000004d9   MAC32L_H
000004da   MAC32H
000004da   MAC32H_L
000004db   MAC32H_H
000004dc   MACS32L
000004dc   MACS32L_L
000004dd   MACS32L_H
000004de   MACS32H
000004de   MACS32H_L
000004df   MACS32H_H
000004e0   OP2L
000004e0   OP2L_L
000004e1   OP2L_H
000004e2   OP2H
000004e2   OP2H_L
000004e3   OP2H_H
000004e4   RES0
000004e4   RES0_L
000004e5   RES0_H
000004e6   RES1
000004e6   RES1_L
000004e7   RES1_H
000004e8   RES2
000004e8   RES2_L
000004e9   RES2_H
000004ea   RES3
000004ea   RES3_L
000004eb   RES3_H
000004ec   MPY32CTL0
000004ec   MPY32CTL0_L
000004ed   MPY32CTL0_H
00000500   DMACTL0
00000500   DMACTL0_L
00000501   DMACTL0_H
00000502   DMACTL1
00000502   DMACTL1_L
00000503   DMACTL1_H
00000504   DMACTL2
00000504   DMACTL2_L
00000505   DMACTL2_H
00000506   DMACTL3
00000506   DMACTL3_L
00000507   DMACTL3_H
00000508   DMACTL4
00000508   DMACTL4_L
00000509   DMACTL4_H
0000050e   DMAIV
0000050e   DMAIV_L
0000050f   DMAIV_H
00000510   DMA0CTL
00000510   DMA0CTL_L
00000511   DMA0CTL_H
00000512   DMA0SA
00000512   DMA0SAL
00000516   DMA0DA
00000516   DMA0DAL
0000051a   DMA0SZ
00000520   DMA1CTL
00000520   DMA1CTL_L
00000521   DMA1CTL_H
00000522   DMA1SA
00000522   DMA1SAL
00000526   DMA1DA
00000526   DMA1DAL
0000052a   DMA1SZ
00000530   DMA2CTL
00000530   DMA2CTL_L
00000531   DMA2CTL_H
00000532   DMA2SA
00000532   DMA2SAL
00000536   DMA2DA
00000536   DMA2DAL
0000053a   DMA2SZ
000005c0   UCA0CTLW0
000005c0   UCA0CTLW0_L
000005c1   UCA0CTLW0_H
000005c6   UCA0BRW
000005c6   UCA0BRW_L
000005c7   UCA0BRW_H
000005c8   UCA0MCTL
000005ca   UCA0STAT
000005cc   UCA0RXBUF
000005ce   UCA0TXBUF
000005d0   UCA0ABCTL
000005d2   UCA0IRCTL
000005d2   UCA0IRCTL_L
000005d3   UCA0IRCTL_H
000005dc   UCA0ICTL
000005dc   UCA0ICTL_L
000005dd   UCA0ICTL_H
000005de   UCA0IV
000005e0   UCB0CTLW0
000005e0   UCB0CTLW0_L
000005e1   UCB0CTLW0_H
000005e6   UCB0BRW
000005e6   UCB0BRW_L
000005e7   UCB0BRW_H
000005ea   UCB0STAT
000005ec   UCB0RXBUF
000005ee   UCB0TXBUF
000005f0   UCB0I2COA
000005f0   UCB0I2COA_L
000005f1   UCB0I2COA_H
000005f2   UCB0I2CSA
000005f2   UCB0I2CSA_L
000005f3   UCB0I2CSA_H
000005fc   UCB0ICTL
000005fc   UCB0ICTL_L
000005fd   UCB0ICTL_H
000005fe   UCB0IV
00000700   ADC12CTL0
00000700   ADC12CTL0_L
00000701   ADC12CTL0_H
00000702   ADC12CTL1
00000702   ADC12CTL1_L
00000703   ADC12CTL1_H
00000704   ADC12CTL2
00000704   ADC12CTL2_L
00000705   ADC12CTL2_H
0000070a   ADC12IFG
0000070a   ADC12IFG_L
0000070b   ADC12IFG_H
0000070c   ADC12IE
0000070c   ADC12IE_L
0000070d   ADC12IE_H
0000070e   ADC12IV
0000070e   ADC12IV_L
0000070f   ADC12IV_H
00000710   ADC12MCTL0
00000711   ADC12MCTL1
00000712   ADC12MCTL2
00000713   ADC12MCTL3
00000714   ADC12MCTL4
00000715   ADC12MCTL5
00000716   ADC12MCTL6
00000717   ADC12MCTL7
00000718   ADC12MCTL8
00000719   ADC12MCTL9
0000071a   ADC12MCTL10
0000071b   ADC12MCTL11
0000071c   ADC12MCTL12
0000071d   ADC12MCTL13
0000071e   ADC12MCTL14
0000071f   ADC12MCTL15
00000720   ADC12MEM0
00000720   ADC12MEM0_L
00000721   ADC12MEM0_H
00000722   ADC12MEM1
00000722   ADC12MEM1_L
00000723   ADC12MEM1_H
00000724   ADC12MEM2
00000724   ADC12MEM2_L
00000725   ADC12MEM2_H
00000726   ADC12MEM3
00000726   ADC12MEM3_L
00000727   ADC12MEM3_H
00000728   ADC12MEM4
00000728   ADC12MEM4_L
00000729   ADC12MEM4_H
0000072a   ADC12MEM5
0000072a   ADC12MEM5_L
0000072b   ADC12MEM5_H
0000072c   ADC12MEM6
0000072c   ADC12MEM6_L
0000072d   ADC12MEM6_H
0000072e   ADC12MEM7
0000072e   ADC12MEM7_L
0000072f   ADC12MEM7_H
00000730   ADC12MEM8
00000730   ADC12MEM8_L
00000731   ADC12MEM8_H
00000732   ADC12MEM9
00000732   ADC12MEM9_L
00000733   ADC12MEM9_H
00000734   ADC12MEM10
00000734   ADC12MEM10_L
00000735   ADC12MEM10_H
00000736   ADC12MEM11
00000736   ADC12MEM11_L
00000737   ADC12MEM11_H
00000738   ADC12MEM12
00000738   ADC12MEM12_L
00000739   ADC12MEM12_H
0000073a   ADC12MEM13
0000073a   ADC12MEM13_L
0000073b   ADC12MEM13_H
0000073c   ADC12MEM14
0000073c   ADC12MEM14_L
0000073d   ADC12MEM14_H
0000073e   ADC12MEM15
0000073e   ADC12MEM15_L
0000073f   ADC12MEM15_H
000008c0   CBCTL0
000008c0   CBCTL0_L
000008c1   CBCTL0_H
000008c2   CBCTL1
000008c2   CBCTL1_L
000008c3   CBCTL1_H
000008c4   CBCTL2
000008c4   CBCTL2_L
000008c5   CBCTL2_H
000008c6   CBCTL3
000008c6   CBCTL3_L
000008c7   CBCTL3_H
000008cc   CBINT
000008cc   CBINT_L
000008cd   CBINT_H
000008ce   CBIV
000009c0   AESACTL0
000009c0   AESACTL0_L
000009c1   AESACTL0_H
000009c4   AESASTAT
000009c4   AESASTAT_L
000009c5   AESASTAT_H
000009c6   AESAKEY
000009c6   AESAKEY_L
000009c7   AESAKEY_H
000009c8   AESADIN
000009c8   AESADIN_L
000009c9   AESADIN_H
000009ca   AESADOUT
000009ca   AESADOUT_L
000009cb   AESADOUT_H
00000a00   LCDBCTL0
00000a00   LCDBCTL0_L
00000a01   LCDBCTL0_H
00000a02   LCDBCTL1
00000a02   LCDBCTL1_L
00000a03   LCDBCTL1_H
00000a04   LCDBBLKCTL
00000a04   LCDBBLKCTL_L
00000a05   LCDBBLKCTL_H
00000a06   LCDBMEMCTL
00000a06   LCDBMEMCTL_L
00000a07   LCDBMEMCTL_H
00000a08   LCDBVCTL
00000a08   LCDBVCTL_L
00000a09   LCDBVCTL_H
00000a0a   LCDBPCTL0
00000a0a   LCDBPCTL0_L
00000a0b   LCDBPCTL0_H
00000a0c   LCDBPCTL1
00000a0c   LCDBPCTL1_L
00000a0d   LCDBPCTL1_H
00000a0e   LCDBPCTL2
00000a0e   LCDBPCTL2_L
00000a0f   LCDBPCTL2_H
00000a10   LCDBPCTL3
00000a10   LCDBPCTL3_L
00000a11   LCDBPCTL3_H
00000a12   LCDBCPCTL
00000a12   LCDBCPCTL_L
00000a13   LCDBCPCTL_H
00000a1e   LCDBIV
00000a20   LCDM1
00000a21   LCDM2
00000a22   LCDM3
00000a23   LCDM4
00000a24   LCDM5
00000a25   LCDM6
00000a26   LCDM7
00000a27   LCDM8
00000a28   LCDM9
00000a29   LCDM10
00000a2a   LCDM11
00000a2b   LCDM12
00000a2c   LCDM13
00000a2d   LCDM14
00000a2e   LCDM15
00000a2f   LCDM16
00000a30   LCDM17
00000a31   LCDM18
00000a32   LCDM19
00000a33   LCDM20
00000a34   LCDM21
00000a35   LCDM22
00000a36   LCDM23
00000a37   LCDM24
00000a40   LCDBM1
00000a41   LCDBM2
00000a42   LCDBM3
00000a43   LCDBM4
00000a44   LCDBM5
00000a45   LCDBM6
00000a46   LCDBM7
00000a47   LCDBM8
00000a48   LCDBM9
00000a49   LCDBM10
00000a4a   LCDBM11
00000a4b   LCDBM12
00000a4c   LCDBM13
00000a4d   LCDBM14
00000a4e   LCDBM15
00000a4f   LCDBM16
00000a50   LCDBM17
00000a51   LCDBM18
00000a52   LCDBM19
00000a53   LCDBM20
00000a54   LCDBM21
00000a55   LCDBM22
00000a56   LCDBM23
00000a57   LCDBM24
00000f00   RF1AIFCTL0
00000f00   RF1AIFCTL0_L
00000f01   RF1AIFCTL0_H
00000f02   RF1AIFCTL1
00000f02   RF1AIFCTL1_L
00000f03   RF1AIFCTL1_H
00000f04   RF1AIFCTL2
00000f04   RF1AIFCTL2_L
00000f05   RF1AIFCTL2_H
00000f06   RF1AIFERR
00000f06   RF1AIFERR_L
00000f07   RF1AIFERR_H
00000f0c   RF1AIFERRV
00000f0c   RF1AIFERRV_L
00000f0d   RF1AIFERRV_H
00000f0e   RF1AIFIV
00000f0e   RF1AIFIV_L
00000f0f   RF1AIFIV_H
00000f10   RF1AINSTRW
00000f10   RF1AINSTRW_L
00000f11   RF1AINSTRW_H
00000f12   RF1AINSTR1W
00000f12   RF1AINSTR1W_L
00000f13   RF1AINSTR1W_H
00000f14   RF1AINSTR2W
00000f14   RF1AINSTR2W_L
00000f15   RF1AINSTR2W_H
00000f16   RF1ADINW
00000f16   RF1ADINW_L
00000f17   RF1ADINW_H
00000f20   RF1ASTAT0W
00000f20   RF1ASTAT0W_L
00000f21   RF1ASTAT0W_H
00000f22   RF1ASTAT1W
00000f22   RF1ASTAT1W_L
00000f23   RF1ASTAT1W_H
00000f24   RF1ASTAT2W
00000f24   RF1ASTAT2W_L
00000f25   RF1ASTAT2W_H
00000f28   RF1ADOUT0W
00000f28   RF1ADOUT0W_L
00000f29   RF1ADOUT0W_H
00000f2a   RF1ADOUT1W
00000f2a   RF1ADOUT1W_L
00000f2b   RF1ADOUT1W_H
00000f2c   RF1ADOUT2W
00000f2c   RF1ADOUT2W_L
00000f2d   RF1ADOUT2W_H
00000f30   RF1AIN
00000f30   RF1AIN_L
00000f31   RF1AIN_H
00000f32   RF1AIFG
00000f32   RF1AIFG_L
00000f33   RF1AIFG_H
00000f34   RF1AIES
00000f34   RF1AIES_L
00000f35   RF1AIES_H
00000f36   RF1AIE
00000f36   RF1AIE_L
00000f37   RF1AIE_H
00000f38   RF1AIV
00000f38   RF1AIV_L
00000f39   RF1AIV_H
00000f3c   RF1ARXFIFO
00000f3c   RF1ARXFIFO_L
00000f3d   RF1ARXFIFO_H
00000f3e   RF1ATXFIFO
00000f3e   RF1ATXFIFO_L
00000f3f   RF1ATXFIFO_H
00001900   adcTemp25Calibration
00001cc2   lcdTextString
00001d1a   SavedADC12MEM0
00001d1e   SavedADC12MEM1
00001d20   SavedADC12MEM2
00001d24   Vcc
00001d28   exit_active_from_ADC12
00001d2a   m
00001d2e   c
00001d32   adcValuesJustUpdated
00001d4a   method
00001d4f   lastMessage
00001d50   temperatureMode
00001d51   uartMode
00001d52   nodeNum
00001d53   nodeCurrent
00001d54   nodeInfoDisplayMode
00001d55   broadcastAlert
00001d56   lcdClearSymbol
00001d74   string
00001d7a   lcdTextLength
00001d7b   lcdScrollActive
00001d7c   lcdScrollJustStop
00001d7d   lcdScrollPosition
00001d7e   lcdScrollRepeat
00001d87   buttonDebounce
00001d88   buttonsPressed
00001e62   nodeInfos
00001eaa   uartBuffer
00001ebe   IntDegC
00001ec0   IntDegF
00001ec2   lightSensor
00001ec6   CAL_ADC_20T30
00001ec8   CAL_ADC_20T85
00002bac   _stack
00002bfc   __STACK_END
00008000   TransmitUartData
00008314   UpdateNodeInfoOnLcd
0000861c   Base
0000885a   MRFI_Init
00008bde   nwk_QfindOldest
00008e9a   SMPL_Ioctl
00008fde   __mspabi_subf
00008fe4   __mspabi_addf
0000910e   nwk_scanForChannels
0000941e   Init_FLL
00009506   nwk_allocateLocalRxPort
0000978e   HalAdcInit
0000985e   MRFI_Transmit
00009928   __mspabi_mpyf
000099ea   nwk_retrieveFrame
00009a9c   nwk_radioControl
00009b42   nwk_SendEmptyPollRspFrame
00009be4   isDupSandFFrame
00009c84   nwk_buildFrame
00009d22   nwk_sendAckReply
00009dbe   HalAdcConvertTempVcc
00009ef2   nwk_isConnectionValid
00009f8c   __mspabi_divf
0000a026   mrfiRadioInterfaceCmdStrobe
0000a142   nwk_QfindSlot
0000a1c8   nwk_nwkInit
0000a24e   nwk_getSandFFrame
0000a2ca   MRFI_RadioIsr
0000a342   SMPL_LinkListen
0000a3b8   nwk_saveJoinedDevice
0000a426   HalLcdPrint7SegScroll
0000a48e   __mspabi_fixfi
0000a55e   mrfiRadioInterfaceReadRxFifo
0000a61c   _auto_init
0000a6d8   HalLcdPrint7Seg
0000a734   __mspabi_srll_15
0000a73a   __mspabi_srll_14
0000a740   __mspabi_srll_13
0000a746   __mspabi_srll_12
0000a74c   __mspabi_srll_11
0000a752   __mspabi_srll_10
0000a758   __mspabi_srll_9
0000a75e   __mspabi_srll_8
0000a764   __mspabi_srll_7
0000a76a   __mspabi_srll_6
0000a770   __mspabi_srll_5
0000a776   __mspabi_srll_4
0000a77c   __mspabi_srll_3
0000a782   __mspabi_srll_2
0000a788   __mspabi_srll_1
0000a790   USCI_A0_ISR
0000a7e8   __mspabi_divul
0000a7e8   __mspabi_remul
0000a896   HalLcdInit
0000a8ea   Port2_ISR
0000a93e   nwk_rawSend
0000a992   HalLcdBar
0000a9e4   nwk_getNextConnection
0000aa82   SMPL_Receive
0000aace   nwk_findPeer
0000ab1a   __mspabi_srli
0000ab28   __mspabi_srli_15
0000ab2c   __mspabi_srli_14
0000ab30   __mspabi_srli_13
0000ab34   __mspabi_srli_12
0000ab38   __mspabi_srli_11
0000ab3c   __mspabi_srli_10
0000ab40   __mspabi_srli_9
0000ab44   __mspabi_srli_8
0000ab48   __mspabi_srli_7
0000ab4c   __mspabi_srli_6
0000ab50   __mspabi_srli_5
0000ab54   __mspabi_srli_4
0000ab58   __mspabi_srli_3
0000ab5c   __mspabi_srli_2
0000ab60   __mspabi_srli_1
0000ab66   RTC_ISR
0000abb0   nwk_findAlreadyJoined
0000abf8   nwk_isLinkDuplicate
0000ac40   nwk_processMgmt
0000acce   mrfiRadioInterfaceReadReg
0000ad5a   SetVCore
0000ad9c   nwk_freqControl
0000addc   nwk_isSandFClient
0000ae1c   HalLcdSetPeriod
0000ae98   nwk_processJoin
0000aed6   MRFI_ReplyDelay
0000af12   nwk_putNumObjectIntoMsg
0000af4e   Init_FLL_Settle
0000af88   SMPL_Init
0000affc   nwk_getLocalLinkID
0000b036   nwk_isValidReply
0000b070   nwk_joinInit
0000b0aa   nwk_processFreq
0000b0e4   nwk_replayFrame
0000b11e   __mspabi_fltif
0000b154   ADC12_ISR
0000b188   mrfiRadioInterfaceWriteReg
0000b1bc   mrfiRadioInterfaceWriteTxFifo
0000b1f0   nwk_QadjustOrder
0000b224   nwk_deviceAddress
0000b258   MRFI_SetLogicalChannel
0000b28a   nwk_getConnInfo
0000b2bc   nwk_linkInit
0000b34e   nwk_processPing
0000b37e   nwk_rawReceive
0000b3ae   nwk_sendFrame
0000b3de   HalLcdUpdateScrolling
0000b40c   HalUartInit
0000b468   nwk_processLink
0000b4c2   nwk_checkAppMsgTID
0000b4ee   __mspabi_srai
0000b4fa   __mspabi_srai_15
0000b4fc   __mspabi_srai_14
0000b4fe   __mspabi_srai_13
0000b500   __mspabi_srai_12
0000b502   __mspabi_srai_11
0000b504   __mspabi_srai_10
0000b506   __mspabi_srai_9
0000b508   __mspabi_srai_8
0000b50a   __mspabi_srai_7
0000b50c   __mspabi_srai_6
0000b50e   __mspabi_srai_5
0000b510   __mspabi_srai_4
0000b512   __mspabi_srai_3
0000b514   __mspabi_srai_2
0000b516   __mspabi_srai_1
0000b51a   __mspabi_divi
0000b51a   __mspabi_remi
0000b546   __mspabi_slli
0000b552   __mspabi_slli_15
0000b554   __mspabi_slli_14
0000b556   __mspabi_slli_13
0000b558   __mspabi_slli_12
0000b55a   __mspabi_slli_11
0000b55c   __mspabi_slli_10
0000b55e   __mspabi_slli_9
0000b560   __mspabi_slli_8
0000b562   __mspabi_slli_7
0000b564   __mspabi_slli_6
0000b566   __mspabi_slli_5
0000b568   __mspabi_slli_4
0000b56a   __mspabi_slli_3
0000b56c   __mspabi_slli_2
0000b56e   __mspabi_slli_1
0000b59c   nwk_checkConnInfo
0000b5c6   BSP_Delay
0000b5ee   nwk_getAPAddress
0000b63c   nwk_connectionControl
0000b662   nwk_frameInit
0000b688   nwk_globalsInit
0000b6ae   MRFI_Rssi
0000b6d2   MRFI_Sleep
0000b6f6   BSP_InitBoard
0000b718   ConvertVccToLevel
0000b73a   MRFI_RxOn
0000b75c   MRFI_WakeUp
0000b77e   memcmp
0000b7a0   HalAdcStartRead
0000b7c0   MRFI_RxCompleteISR
0000b7e0   MRFI_RxIdle
0000b800   memmove
0000b820   __mspabi_mpyl_f5hw
0000b840   MRFI_SetRFPwr
0000b85e   nwk_QInit
0000b87c   BSP_Init
0000b898   HalUartTxString
0000b8b4   nwk_setChannel
0000b8d0   nwk_setMyAddress
0000b8ec   WDT_ISR
0000b906   _c_int00
0000b906   _c_int00_noexit
0000b920   MRFI_DelayMs
0000b938   SetupRtc
0000b968   nwk_mgmtInit
0000b980   HalLcdPrint7SegScrollUpdate
0000b996   MRFI_RandomByte
0000b9c2   nwk_freqInit
0000b9d8   __mspabi_divu
0000b9d8   __mspabi_remu
0000ba04   __TI_zero_init
0000ba2c   memset
0000ba40   nwk_joinContext
0000ba54   __mspabi_mpyi_f5hw
0000ba68   HalButtonsInit
0000ba7a   HalButtonsPressedIFG
0000ba8c   __TI_decompress_none
0000bab0   memcpy
0000bac2   nwk_getJoinToken
0000bad4   nwk_getLinkToken
0000bae6   nwk_getMyAddress
0000baf8   nwk_setJoinToken
0000bb0a   nwk_setLinkToken
0000bb1c   HalButtonsStartWDT
0000bb2c   __mspabi_sral
0000bb3c   nwk_getQ
0000bb4c   __mspabi_func_epilog_7
0000bb4e   __mspabi_func_epilog_6
0000bb50   __mspabi_func_epilog_5
0000bb52   __mspabi_func_epilog_4
0000bb54   __mspabi_func_epilog_3
0000bb56   __mspabi_func_epilog_2
0000bb58   __mspabi_func_epilog_1
0000bb5c   HalButtonsInterruptEnable
0000bb6a   HalLcdPrintStopScrolling
0000bb78   MRFI_Receive
0000bb86   nwk_getNumObjectFromMsg
0000bb94   nwk_setJoinContext
0000bba2   nwk_setListenContext
0000bbb0   MRFI_PostKillSem
0000bbc8   main
0000bbea   HalAdcGetLightSensor
0000bbf4   HalAdcGetVcc
0000bbfe   HalAdcJustUpdated
0000bc12   nwk_pingInit
0000bc1c   nwk_getChannel
0000bc24   nwk_resetSFMarker
0000bc2c   HalAdcGetTempDegF
0000bc32   HalAdcSetQuitFromISR
0000bc38   HalLcdIsScrolling
0000bc3e   MRFI_GetRadioState
0000bc44   __TI_decompress_rle24
0000bc4a   nwk_freeConnection
0000bc50   nwk_getBCastAddress
0000bc56   nwk_getFWVersion
0000bc5c   nwk_getMyRxType
0000bc62   nwk_getProtocolVersion
0000bc68   nwk_getSFInfoPtr
0000bc6e   _system_pre_init
0000bc72   C$$EXIT
0000bc72   abort
0000bc76   nwk_NVObj
0000bc7a   nwk_join
0000bc7e   nwk_processSecurity
0000bc82   nwk_securityInit
0000bc84   FontSevenSegment
0000bd04   mrfiRadioCfg
0000bd8a   mrfiBroadcastAddr
0000be20   __TI_Handler_Table_Base
0000be26   __TI_Handler_Table_Limit
0000be2e   __TI_CINIT_Base
0000be3a   __TI_CINIT_Limit
0000fffe   _reset_vector
ffffffff   __binit__
ffffffff   __c_args__
ffffffff   binit
UNDEFED    __TI_INITARRAY_Base
UNDEFED    __TI_INITARRAY_Limit

[990 symbols]
