******************************************************************************
                  MSP430 Linker PC v4.1.9                      
******************************************************************************
>> Linked Mon Nov 17 13:00:46 2014

OUTPUT FILE NAME:   <MSP-EXP430F5137RxUserExperience.out>
ENTRY POINT SYMBOL: "_c_int00"  address: 0000a72c


MEMORY CONFIGURATION

         name            origin    length      used     unused   attr    fill
----------------------  --------  ---------  --------  --------  ----  --------
  SFR                   00000000   00000010  00000000  00000010  RWIX
  PERIPHERALS_8BIT      00000010   000000f0  00000000  000000f0  RWIX
  PERIPHERALS_16BIT     00000100   00000100  00000000  00000100  RWIX
  INFOD                 00001800   00000080  00000000  00000080  RWIX
  INFOC                 00001880   00000080  00000000  00000080  RWIX
  INFOB                 00001900   00000080  00000002  0000007e  RWIX
  INFOA                 00001980   00000080  00000000  00000080  RWIX
  RAM                   00001c00   00000ffe  000001b1  00000e4d  RWIX
  FLASH                 00008000   00007f80  00002a61  0000551f  RWIX
  INT00                 0000ff80   00000002  00000000  00000002  RWIX
  INT01                 0000ff82   00000002  00000000  00000002  RWIX
  INT02                 0000ff84   00000002  00000000  00000002  RWIX
  INT03                 0000ff86   00000002  00000000  00000002  RWIX
  INT04                 0000ff88   00000002  00000000  00000002  RWIX
  INT05                 0000ff8a   00000002  00000000  00000002  RWIX
  INT06                 0000ff8c   00000002  00000000  00000002  RWIX
  INT07                 0000ff8e   00000002  00000000  00000002  RWIX
  INT08                 0000ff90   00000002  00000000  00000002  RWIX
  INT09                 0000ff92   00000002  00000000  00000002  RWIX
  INT10                 0000ff94   00000002  00000000  00000002  RWIX
  INT11                 0000ff96   00000002  00000000  00000002  RWIX
  INT12                 0000ff98   00000002  00000000  00000002  RWIX
  INT13                 0000ff9a   00000002  00000000  00000002  RWIX
  INT14                 0000ff9c   00000002  00000000  00000002  RWIX
  INT15                 0000ff9e   00000002  00000000  00000002  RWIX
  INT16                 0000ffa0   00000002  00000000  00000002  RWIX
  INT17                 0000ffa2   00000002  00000000  00000002  RWIX
  INT18                 0000ffa4   00000002  00000000  00000002  RWIX
  INT19                 0000ffa6   00000002  00000000  00000002  RWIX
  INT20                 0000ffa8   00000002  00000000  00000002  RWIX
  INT21                 0000ffaa   00000002  00000000  00000002  RWIX
  INT22                 0000ffac   00000002  00000000  00000002  RWIX
  INT23                 0000ffae   00000002  00000000  00000002  RWIX
  INT24                 0000ffb0   00000002  00000000  00000002  RWIX
  INT25                 0000ffb2   00000002  00000000  00000002  RWIX
  INT26                 0000ffb4   00000002  00000000  00000002  RWIX
  INT27                 0000ffb6   00000002  00000000  00000002  RWIX
  INT28                 0000ffb8   00000002  00000000  00000002  RWIX
  INT29                 0000ffba   00000002  00000000  00000002  RWIX
  INT30                 0000ffbc   00000002  00000000  00000002  RWIX
  INT31                 0000ffbe   00000002  00000000  00000002  RWIX
  INT32                 0000ffc0   00000002  00000000  00000002  RWIX
  INT33                 0000ffc2   00000002  00000000  00000002  RWIX
  INT34                 0000ffc4   00000002  00000000  00000002  RWIX
  INT35                 0000ffc6   00000002  00000000  00000002  RWIX
  INT36                 0000ffc8   00000002  00000000  00000002  RWIX
  INT37                 0000ffca   00000002  00000000  00000002  RWIX
  INT38                 0000ffcc   00000002  00000000  00000002  RWIX
  INT39                 0000ffce   00000002  00000000  00000002  RWIX
  INT40                 0000ffd0   00000002  00000000  00000002  RWIX
  INT41                 0000ffd2   00000002  00000000  00000002  RWIX
  INT42                 0000ffd4   00000002  00000000  00000002  RWIX
  INT43                 0000ffd6   00000002  00000000  00000002  RWIX
  INT44                 0000ffd8   00000002  00000000  00000002  RWIX
  INT45                 0000ffda   00000002  00000000  00000002  RWIX
  INT46                 0000ffdc   00000002  00000002  00000000  RWIX
  INT47                 0000ffde   00000002  00000000  00000002  RWIX
  INT48                 0000ffe0   00000002  00000000  00000002  RWIX
  INT49                 0000ffe2   00000002  00000002  00000000  RWIX
  INT50                 0000ffe4   00000002  00000000  00000002  RWIX
  INT51                 0000ffe6   00000002  00000000  00000002  RWIX
  INT52                 0000ffe8   00000002  00000000  00000002  RWIX
  INT53                 0000ffea   00000002  00000002  00000000  RWIX
  INT54                 0000ffec   00000002  00000000  00000002  RWIX
  INT55                 0000ffee   00000002  00000000  00000002  RWIX
  INT56                 0000fff0   00000002  00000002  00000000  RWIX
  INT57                 0000fff2   00000002  00000000  00000002  RWIX
  INT58                 0000fff4   00000002  00000000  00000002  RWIX
  INT59                 0000fff6   00000002  00000002  00000000  RWIX
  INT60                 0000fff8   00000002  00000000  00000002  RWIX
  INT61                 0000fffa   00000002  00000000  00000002  RWIX
  INT62                 0000fffc   00000002  00000000  00000002  RWIX
  RESET                 0000fffe   00000002  00000002  00000000  RWIX


SECTION ALLOCATION MAP

 output                                  attributes/
section   page    origin      length       input sections
--------  ----  ----------  ----------   ----------------
.init_array 
*          0    00008000    00000000     UNINITIALIZED

.infoB     0    00001900    00000002     UNINITIALIZED
                  00001900    00000002     hal_adc.obj (.infoB)

.data      0    00001c00    000000c9     
                  00001c00    00000071     nwk.obj (.data)
                  00001c71    00000001     bsp.obj (.data)
                  00001c72    00000017     mrfi.obj (.data)
                  00001c89    00000001     nwk_api.obj (.data)
                  00001c8a    00000014     hal_adc.obj (.data)
                  00001c9e    0000000a     nwk_frame.obj (.data)
                  00001ca8    00000009     nwk_join.obj (.data)
                  00001cb1    00000001     nwk_globals.obj (.data)
                  00001cb2    00000007     nwk_link.obj (.data)
                  00001cb9    00000001     nwk_ping.obj (.data)
                  00001cba    00000006     MspExp430F5137RxUserExperience.obj (.data)
                  00001cc0    00000004     mrfi.obj (.data:mrfiRxFilterAddr)
                  00001cc4    00000003     nwk_mgmt.obj (.data)
                  00001cc7    00000002     hal_buttons.obj (.data)

.TI.persistent 
*          0    00001c00    00000000     UNINITIALIZED

.bss       0    00001cca    00000098     UNINITIALIZED
                  00001cca    00000068     nwk_QMgmt.obj (.bss)
                  00001d32    00000018     mrfi.obj (.bss)
                  00001d4a    00000008     hal_adc.obj (.bss)
                  00001d52    00000008     nwk_globals.obj (.bss)
                  00001d5a    00000008     nwk_link.obj (.bss)

.TI.noinit 
*          0    00001cca    00000000     UNINITIALIZED

.stack     0    00002bac    00000050     UNINITIALIZED
                  00002bac    00000002     rts430x_lc_sd_eabi.lib : boot.obj (.stack)
                  00002bae    0000004e     --HOLE--

.text      0    00008000    000029ac     
                  00008000    0000017e     mrfi.obj (.text:MRFI_Init)
                  0000817e    0000015e     nwk_link.obj (.text:smpl_send_link_reply)
                  000082dc    00000154     nwk_link.obj (.text:nwk_link)
                  00008430    00000130     rts430x_lc_sd_eabi.lib : fs_add.obj (.text)
                  00008560    0000011e     nwk_api.obj (.text:SMPL_Ioctl)
                  0000867e    00000118     MspExp430F5137RxUserExperience.obj (.text:linkTo)
                  00008796    000000f8     mrfi.obj (.text:Mrfi_SyncPinRxIsr)
                  0000888e    000000f8     nwk_join.obj (.text:nwk_join)
                  00008986    000000f2     nwk_QMgmt.obj (.text:nwk_QfindOldest)
                  00008a78    000000f0     nwk_api.obj (.text:SMPL_SendOpt)
                  00008b68    000000e6     HAL_UCS.obj (.text:Init_FLL)
                  00008c4e    000000d8     nwk_link.obj (.text:nwk_unlink)
                  00008d26    000000d6     rts430x_lc_sd_eabi.lib : copy_decompress_rle.obj (.text:__TI_decompress_rle_core)
                  00008dfc    000000d6     nwk.obj (.text:nwk_allocateLocalRxPort)
                  00008ed2    000000ce     HAL_PMM.obj (.text:SetVCoreUp)
                  00008fa0    000000c8     hal_adc.obj (.text:HalAdcInit)
                  00009068    000000c6     mrfi.obj (.text:MRFI_Transmit)
                  0000912e    000000b6     rts430x_lc_sd_eabi.lib : fs_mpy.obj (.text)
                  000091e4    000000a2     nwk_frame.obj (.text:nwk_retrieveFrame)
                  00009286    0000009c     nwk_ioctl.obj (.text:nwk_radioControl)
                  00009322    00000092     mrfi.obj (.text:mrfiRadioInterfaceCmdStrobe)
                  000093b4    00000090     nwk_frame.obj (.text:nwk_buildFrame)
                  00009444    0000008e     MspExp430F5137RxUserExperience.obj (.text:Satellite)
                  000094d2    0000008e     nwk.obj (.text:nwk_isConnectionValid)
                  00009560    0000008e     rts430x_lc_sd_eabi.lib : fs_div.obj (.text)
                  000095ee    0000008c     HAL_PMM.obj (.text:SetVCoreDown)
                  0000967a    0000008c     nwk_frame.obj (.text:dispatchFrame)
                  00009706    00000086     nwk.obj (.text:nwk_nwkInit)
                  0000978c    00000080     nwk_frame.obj (.text:nwk_sendAckReply)
                  0000980c    0000007a     hal_adc.obj (.text:HalAdcConvertTempVcc)
                  00009886    00000076     nwk_QMgmt.obj (.text:nwk_QfindSlot)
                  000098fc    0000006e     rts430x_lc_sd_eabi.lib : autoinit.obj (.text:_auto_init)
                  0000996a    00000068     mrfi.obj (.text:_isr:MRFI_RadioIsr)
                  000099d2    00000068     mrfi.obj (.text:mrfiRadioInterfaceReadRxFifo)
                  00009a3a    00000068     rts430x_lc_sd_eabi.lib : fs_toi.obj (.text)
                  00009aa2    00000068     nwk_link.obj (.text:smpl_send_unlink_reply)
                  00009b0a    00000052     nwk_ioctl.obj (.text:nwk_rawSend)
                  00009b5c    0000004c     bsp.obj (.text:Bsp_SetClocks)
                  00009ba8    00000048     mrfi.obj (.text:mrfiRadioInterfaceReadReg)
                  00009bf0    00000044     hal_buttons.obj (.text:_isr:Port1_ISR)
                  00009c34    00000044     nwk_ping.obj (.text:smpl_send_ping_reply)
                  00009c78    00000040     mrfi.obj (.text:MRFI_ReplyDelay)
                  00009cb8    00000040     rts430x_lc_sd_eabi.lib : cpy_util.obj (.text:__memcpy_far)
                  00009cf8    00000040     nwk.obj (.text:nwk_getNextConnection)
                  00009d38    00000040     nwk.obj (.text:nwk_isValidReply)
                  00009d78    0000003e     rts430x_lc_sd_eabi.lib : lsr32.obj (.text:l_lsr_const)
                  00009db6    0000003e     nwk.obj (.text:nwk_findPeer)
                  00009df4    0000003c     HAL_PMM.obj (.text:SetVCore)
                  00009e30    0000003c     rts430x_lc_sd_eabi.lib : copy_decompress_none.obj (.text:decompress:none:__TI_decompress_none)
                  00009e6c    0000003c     nwk.obj (.text:nwk_isLinkDuplicate)
                  00009ea8    0000003a     mrfi.obj (.text:Mrfi_RxAddrIsFiltered)
                  00009ee2    0000003a     nwk_mgmt.obj (.text:nwk_processMgmt)
                  00009f1c    00000038     rts430x_lc_sd_eabi.lib : copy_zero_init.obj (.text:decompress:ZI:__TI_zero_init)
                  00009f54    00000038     nwk.obj (.text:initializeConnection)
                  00009f8c    00000036     mrfi.obj (.text:mrfiRadioInterfaceWriteReg)
                  00009fc2    00000036     mrfi.obj (.text:mrfiRadioInterfaceWriteTxFifo)
                  00009ff8    00000036     nwk.obj (.text:nwk_putNumObjectIntoMsg)
                  0000a02e    00000036     rts430x_lc_sd_eabi.lib : fs_itof.obj (.text)
                  0000a064    00000034     nwk_api.obj (.text:SMPL_Init)
                  0000a098    00000032     HAL_UCS.obj (.text:Init_FLL_Settle)
                  0000a0ca    00000032     mrfi.obj (.text:MRFI_SetLogicalChannel)
                  0000a0fc    00000032     nwk_ioctl.obj (.text:nwk_deviceAddress)
                  0000a12e    00000030     nwk_link.obj (.text:nwk_linkInit)
                  0000a15e    00000030     nwk_ioctl.obj (.text:nwk_rawReceive)
                  0000a18e    00000030     nwk_frame.obj (.text:nwk_sendFrame)
                  0000a1be    0000002e     mrfi.obj (.text:Mrfi_CalculateRssi)
                  0000a1ec    0000002e     nwk_QMgmt.obj (.text:nwk_QadjustOrder)
                  0000a21a    0000002c     mrfi.obj (.text:Mrfi_DelayUsecSem)
                  0000a246    0000002c     mrfi.obj (.text:Mrfi_RxModeOff)
                  0000a272    0000002c     rts430x_lc_sd_eabi.lib : div16s.obj (.text)
                  0000a29e    0000002a     mrfi.obj (.text:MRFI_SetRxAddrFilter)
                  0000a2c8    0000002a     nwk.obj (.text:map_lid2idx)
                  0000a2f2    00000028     hal_adc.obj (.text:_isr:ADC12_ISR)
                  0000a31a    00000028     nwk.obj (.text:nwk_getConnInfo)
                  0000a342    00000028     nwk_ping.obj (.text:nwk_processPing)
                  0000a36a    00000026     mrfi.obj (.text:MRFI_Sleep)
                  0000a390    00000026     mrfi.obj (.text:Mrfi_DelayUsec)
                  0000a3b6    00000026     nwk_link.obj (.text:handleLinkRequest)
                  0000a3dc    00000026     nwk.obj (.text:nwk_checkConnInfo)
                  0000a402    00000026     nwk_globals.obj (.text:nwk_globalsInit)
                  0000a428    00000026     nwk_join.obj (.text:nwk_joinInit)
                  0000a44e    00000026     nwk_link.obj (.text:nwk_processLink)
                  0000a474    00000024     bsp.obj (.text:BSP_Delay)
                  0000a498    00000022     bsp.obj (.text:BSP_InitBoard)
                  0000a4ba    00000022     mrfi.obj (.text:MRFI_Rssi)
                  0000a4dc    00000022     mrfi.obj (.text:MRFI_WakeUp)
                  0000a4fe    00000022     rts430x_lc_sd_eabi.lib : memcmp.obj (.text:memcmp)
                  0000a520    00000022     nwk_frame.obj (.text:nwk_buildAckReqFrame)
                  0000a542    00000022     rts430x_lc_sd_eabi.lib : mult32_f5hw.obj (.text)
                  0000a564    00000020     bsp.obj (.text:BSP_Init)
                  0000a584    00000020     hal_adc.obj (.text:HalAdcStartRead)
                  0000a5a4    00000020     mrfi.obj (.text:MRFI_EnableRxAddrFilter)
                  0000a5c4    00000020     nwk_frame.obj (.text:MRFI_RxCompleteISR)
                  0000a5e4    00000020     mrfi.obj (.text:MRFI_RxIdle)
                  0000a604    00000020     mrfi.obj (.text:MRFI_RxOn)
                  0000a624    00000020     rts430x_lc_sd_eabi.lib : memmov.obj (.text:memmove)
                  0000a644    00000020     nwk_ioctl.obj (.text:nwk_connectionControl)
                  0000a664    0000001e     mrfi.obj (.text:Mrfi_RandomBackoffDelay)
                  0000a682    0000001e     nwk_frame.obj (.text:nwk_frameInit)
                  0000a6a0    0000001e     nwk_globals.obj (.text:nwk_setMyAddress)
                  0000a6be    0000001c     mrfi.obj (.text:MRFI_SetRFPwr)
                  0000a6da    0000001c     nwk_QMgmt.obj (.text:nwk_QInit)
                  0000a6f6    0000001c     nwk_join.obj (.text:nwk_processJoin)
                  0000a712    0000001a     hal_buttons.obj (.text:_isr:WDT_ISR)
                  0000a72c    0000001a     rts430x_lc_sd_eabi.lib : boot.obj (.text:_isr:_c_int00_noexit)
                  0000a746    00000018     mrfi.obj (.text:MRFI_DelayMs)
                  0000a75e    00000016     bsp.obj (.text:BSP_InitLeds)
                  0000a774    00000016     hal_buttons.obj (.text:HalButtonsInit)
                  0000a78a    00000016     mrfi.obj (.text:MRFI_RandomByte)
                  0000a7a0    00000016     mrfi.obj (.text:Mrfi_RxModeOn)
                  0000a7b6    00000016     rts430x_lc_sd_eabi.lib : div16u.obj (.text)
                  0000a7cc    00000016                            : mult16_f5hw.obj (.text)
                  0000a7e2    00000014     MspExp430F5137RxUserExperience.obj (.text:SetupRtc)
                  0000a7f6    00000014     nwk_api.obj (.text:ioctlPreInitAccessIsOK)
                  0000a80a    00000014     rts430x_lc_sd_eabi.lib : memset.obj (.text:memset)
                  0000a81e    00000012     hal_buttons.obj (.text:HalButtonsInterruptEnable)
                  0000a830    00000012     rts430x_lc_sd_eabi.lib : memcpy.obj (.text:memcpy)
                  0000a842    00000012     nwk_join.obj (.text:nwk_getJoinToken)
                  0000a854    00000012     nwk_link.obj (.text:nwk_getLinkToken)
                  0000a866    00000012     nwk_globals.obj (.text:nwk_getMyAddress)
                  0000a878    00000012     nwk_join.obj (.text:nwk_setJoinToken)
                  0000a88a    00000012     nwk_link.obj (.text:nwk_setLinkToken)
                  0000a89c    00000012     MspExp430F5137RxUserExperience.obj (.text:sCB)
                  0000a8ae    00000010     hal_buttons.obj (.text:HalButtonsStartWDT)
                  0000a8be    00000010     MspExp430F5137RxUserExperience.obj (.text:_isr:RTC_ISR)
                  0000a8ce    0000000e     bsp.obj (.text:BSP_InitButtons)
                  0000a8dc    0000000e     hal_adc.obj (.text:HalAdcGetTempDegF)
                  0000a8ea    0000000e     rts430x_lc_sd_eabi.lib : copy_decompress_rle.obj (.text:decompress:rle24:__TI_decompress_rle24)
                  0000a8f8    0000000c     mrfi.obj (.text:MRFI_PostKillSem)
                  0000a904    0000000c     mrfi.obj (.text:MRFI_Receive)
                  0000a910    0000000c     nwk_ping.obj (.text:handlePingRequest)
                  0000a91c    0000000c     nwk.obj (.text:nwk_getNumObjectFromMsg)
                  0000a928    0000000c     nwk_globals.obj (.text:nwk_setAPAddress)
                  0000a934    0000000a     hal_adc.obj (.text:HalAdcGetVcc)
                  0000a93e    0000000a     main.obj (.text:main)
                  0000a948    0000000a     nwk_mgmt.obj (.text:nwk_mgmtInit)
                  0000a952    0000000a     nwk_ping.obj (.text:nwk_pingInit)
                  0000a95c    00000008     bsp.obj (.text:BSP_InitDrivers)
                  0000a964    00000008     bsp.obj (.text:Bsp_SetVCore)
                  0000a96c    00000006     hal_adc.obj (.text:HalAdcSetQuitFromISR)
                  0000a972    00000006     mrfi.obj (.text:MRFI_GetRadioState)
                  0000a978    00000006     nwk.obj (.text:nwk_freeConnection)
                  0000a97e    00000006     nwk_globals.obj (.text:nwk_getBCastAddress)
                  0000a984    00000006     nwk_globals.obj (.text:nwk_getFWVersion)
                  0000a98a    00000006     nwk_frame.obj (.text:nwk_getMyRxType)
                  0000a990    00000004     rts430x_lc_sd_eabi.lib : pre_init.obj (.text:_system_pre_init)
                  0000a994    00000004                            : exit.obj (.text:abort)
                  0000a998    00000004     nwk.obj (.text:nwk_NVObj)
                  0000a99c    00000004     nwk_globals.obj (.text:nwk_getProtocolVersion)
                  0000a9a0    00000004     nwk_freq.obj (.text:nwk_processFreq)
                  0000a9a4    00000004     nwk_security.obj (.text:nwk_processSecurity)
                  0000a9a8    00000002     nwk_freq.obj (.text:nwk_freqInit)
                  0000a9aa    00000002     nwk_security.obj (.text:nwk_securityInit)

.const     0    0000a9ac    0000006d     
                  0000a9ac    00000040     mrfi.obj (.const:mrfiRadioCfg)
                  0000a9ec    00000018     nwk_frame.obj (.const:func)
                  0000aa04    00000009     nwk_globals.obj (.const)
                  0000aa0d    00000001     --HOLE-- [fill = 0]
                  0000aa0e    00000004     mrfi.obj (.const:.string:mrfiBroadcastAddr)
                  0000aa12    00000004     mrfi.obj (.const:.string:mrfiLogicalChanTable)
                  0000aa16    00000003     mrfi.obj (.const:.string:mrfiRFPowerTable)

.cinit     0    0000aa1a    00000048     
                  0000aa1a    00000018     (.cinit..data.load) [load image, compression = rle]
                  0000aa32    0000000c     (__TI_handler_table)
                  0000aa3e    00000006     (.cinit..bss.load) [load image, compression = zero_init]
                  0000aa44    00000006     (.cinit..infoB.load) [load image, compression = zero_init]
                  0000aa4a    00000018     (__TI_cinit_table)

RTC        0    0000ffdc    00000002     
                  0000ffdc    00000002     MspExp430F5137RxUserExperience.obj (.int46)

PORT1      0    0000ffe2    00000002     
                  0000ffe2    00000002     hal_buttons.obj (.int49)

CC1101     0    0000ffea    00000002     
                  0000ffea    00000002     mrfi.obj (.int53)

ADC12      0    0000fff0    00000002     
                  0000fff0    00000002     hal_adc.obj (.int56)

WDT        0    0000fff6    00000002     
                  0000fff6    00000002     hal_buttons.obj (.int59)

.reset     0    0000fffe    00000002     
                  0000fffe    00000002     rts430x_lc_sd_eabi.lib : boot.obj (.reset)


LINKER GENERATED COPY TABLES

__TI_cinit_table @ 0000aa4a records: 3, size/record: 8, table size: 24
	.data: load addr=0000aa1a, load size=00000018 bytes, run addr=00001c00, run size=000000c9 bytes, compression=rle
	.bss: load addr=0000aa3e, load size=00000006 bytes, run addr=00001cca, run size=00000098 bytes, compression=zero_init
	.infoB: load addr=0000aa44, load size=00000006 bytes, run addr=00001900, run size=00000002 bytes, compression=zero_init


LINKER GENERATED HANDLER TABLE

__TI_handler_table @ 0000aa32 records: 3, size/record: 4, table size: 12
	index: 0, handler: __TI_zero_init
	index: 1, handler: __TI_decompress_rle24
	index: 2, handler: __TI_decompress_none


GLOBAL SYMBOLS: SORTED ALPHABETICALLY BY Name 

address    name
--------   ----
00000700   ADC12CTL0
00000701   ADC12CTL0_H
00000700   ADC12CTL0_L
00000702   ADC12CTL1
00000703   ADC12CTL1_H
00000702   ADC12CTL1_L
00000704   ADC12CTL2
00000705   ADC12CTL2_H
00000704   ADC12CTL2_L
0000070c   ADC12IE
0000070d   ADC12IE_H
0000070c   ADC12IE_L
0000070a   ADC12IFG
0000070b   ADC12IFG_H
0000070a   ADC12IFG_L
0000070e   ADC12IV
0000070f   ADC12IV_H
0000070e   ADC12IV_L
00000710   ADC12MCTL0
00000711   ADC12MCTL1
0000071a   ADC12MCTL10
0000071b   ADC12MCTL11
0000071c   ADC12MCTL12
0000071d   ADC12MCTL13
0000071e   ADC12MCTL14
0000071f   ADC12MCTL15
00000712   ADC12MCTL2
00000713   ADC12MCTL3
00000714   ADC12MCTL4
00000715   ADC12MCTL5
00000716   ADC12MCTL6
00000717   ADC12MCTL7
00000718   ADC12MCTL8
00000719   ADC12MCTL9
00000720   ADC12MEM0
00000721   ADC12MEM0_H
00000720   ADC12MEM0_L
00000722   ADC12MEM1
00000734   ADC12MEM10
00000735   ADC12MEM10_H
00000734   ADC12MEM10_L
00000736   ADC12MEM11
00000737   ADC12MEM11_H
00000736   ADC12MEM11_L
00000738   ADC12MEM12
00000739   ADC12MEM12_H
00000738   ADC12MEM12_L
0000073a   ADC12MEM13
0000073b   ADC12MEM13_H
0000073a   ADC12MEM13_L
0000073c   ADC12MEM14
0000073d   ADC12MEM14_H
0000073c   ADC12MEM14_L
0000073e   ADC12MEM15
0000073f   ADC12MEM15_H
0000073e   ADC12MEM15_L
00000723   ADC12MEM1_H
00000722   ADC12MEM1_L
00000724   ADC12MEM2
00000725   ADC12MEM2_H
00000724   ADC12MEM2_L
00000726   ADC12MEM3
00000727   ADC12MEM3_H
00000726   ADC12MEM3_L
00000728   ADC12MEM4
00000729   ADC12MEM4_H
00000728   ADC12MEM4_L
0000072a   ADC12MEM5
0000072b   ADC12MEM5_H
0000072a   ADC12MEM5_L
0000072c   ADC12MEM6
0000072d   ADC12MEM6_H
0000072c   ADC12MEM6_L
0000072e   ADC12MEM7
0000072f   ADC12MEM7_H
0000072e   ADC12MEM7_L
00000730   ADC12MEM8
00000731   ADC12MEM8_H
00000730   ADC12MEM8_L
00000732   ADC12MEM9
00000733   ADC12MEM9_H
00000732   ADC12MEM9_L
0000a2f2   ADC12_ISR
000009c0   AESACTL0
000009c1   AESACTL0_H
000009c0   AESACTL0_L
000009c8   AESADIN
000009c9   AESADIN_H
000009c8   AESADIN_L
000009ca   AESADOUT
000009cb   AESADOUT_H
000009ca   AESADOUT_L
000009c6   AESAKEY
000009c7   AESAKEY_H
000009c6   AESAKEY_L
000009c4   AESASTAT
000009c5   AESASTAT_H
000009c4   AESASTAT_L
0000a474   BSP_Delay
0000a564   BSP_Init
0000a498   BSP_InitBoard
0000a8ce   BSP_InitButtons
0000a95c   BSP_InitDrivers
0000a75e   BSP_InitLeds
0000a994   C$$EXIT
00001d4e   CAL_ADC_20T30
00001d50   CAL_ADC_20T85
000008c0   CBCTL0
000008c1   CBCTL0_H
000008c0   CBCTL0_L
000008c2   CBCTL1
000008c3   CBCTL1_H
000008c2   CBCTL1_L
000008c4   CBCTL2
000008c5   CBCTL2_H
000008c4   CBCTL2_L
000008c6   CBCTL3
000008c7   CBCTL3_H
000008c6   CBCTL3_L
000008cc   CBINT
000008cd   CBINT_H
000008cc   CBINT_L
000008ce   CBIV
00000150   CRCDI
00000151   CRCDI_H
00000150   CRCDI_L
00000154   CRCINIRES
00000155   CRCINIRES_H
00000154   CRCINIRES_L
00000510   DMA0CTL
00000511   DMA0CTL_H
00000510   DMA0CTL_L
00000516   DMA0DA
00000516   DMA0DAL
00000512   DMA0SA
00000512   DMA0SAL
0000051a   DMA0SZ
00000520   DMA1CTL
00000521   DMA1CTL_H
00000520   DMA1CTL_L
00000526   DMA1DA
00000526   DMA1DAL
00000522   DMA1SA
00000522   DMA1SAL
0000052a   DMA1SZ
00000530   DMA2CTL
00000531   DMA2CTL_H
00000530   DMA2CTL_L
00000536   DMA2DA
00000536   DMA2DAL
00000532   DMA2SA
00000532   DMA2SAL
0000053a   DMA2SZ
00000500   DMACTL0
00000501   DMACTL0_H
00000500   DMACTL0_L
00000502   DMACTL1
00000503   DMACTL1_H
00000502   DMACTL1_L
00000504   DMACTL2
00000505   DMACTL2_H
00000504   DMACTL2_L
00000506   DMACTL3
00000507   DMACTL3_H
00000506   DMACTL3_L
00000508   DMACTL4
00000509   DMACTL4_H
00000508   DMACTL4_L
0000050e   DMAIV
0000050f   DMAIV_H
0000050e   DMAIV_L
00000140   FCTL1
00000141   FCTL1_H
00000140   FCTL1_L
00000144   FCTL3
00000145   FCTL3_H
00000144   FCTL3_L
00000146   FCTL4
00000147   FCTL4_H
00000146   FCTL4_L
00001cba   FIRMWARE_MODE
0000980c   HalAdcConvertTempVcc
0000a8dc   HalAdcGetTempDegF
0000a934   HalAdcGetVcc
00008fa0   HalAdcInit
0000a96c   HalAdcSetQuitFromISR
0000a584   HalAdcStartRead
0000a774   HalButtonsInit
0000a81e   HalButtonsInterruptEnable
0000a8ae   HalButtonsStartWDT
00008b68   Init_FLL
0000a098   Init_FLL_Settle
00001d4a   IntDegC
00001d4c   IntDegF
000004c4   MAC
000004da   MAC32H
000004db   MAC32H_H
000004da   MAC32H_L
000004d8   MAC32L
000004d9   MAC32L_H
000004d8   MAC32L_L
000004c6   MACS
000004de   MACS32H
000004df   MACS32H_H
000004de   MACS32H_L
000004dc   MACS32L
000004dd   MACS32L_H
000004dc   MACS32L_L
000004c7   MACS_H
000004c6   MACS_L
000004c5   MAC_H
000004c4   MAC_L
000004c0   MPY
000004ec   MPY32CTL0
000004ed   MPY32CTL0_H
000004ec   MPY32CTL0_L
000004d2   MPY32H
000004d3   MPY32H_H
000004d2   MPY32H_L
000004d0   MPY32L
000004d1   MPY32L_H
000004d0   MPY32L_L
000004c2   MPYS
000004d6   MPYS32H
000004d7   MPYS32H_H
000004d6   MPYS32H_L
000004d4   MPYS32L
000004d5   MPYS32L_H
000004d4   MPYS32L_L
000004c3   MPYS_H
000004c2   MPYS_L
000004c1   MPY_H
000004c0   MPY_L
0000a746   MRFI_DelayMs
0000a5a4   MRFI_EnableRxAddrFilter
0000a972   MRFI_GetRadioState
00008000   MRFI_Init
0000a8f8   MRFI_PostKillSem
0000996a   MRFI_RadioIsr
0000a78a   MRFI_RandomByte
0000a904   MRFI_Receive
00009c78   MRFI_ReplyDelay
0000a4ba   MRFI_Rssi
0000a5c4   MRFI_RxCompleteISR
0000a5e4   MRFI_RxIdle
0000a604   MRFI_RxOn
0000a0ca   MRFI_SetLogicalChannel
0000a6be   MRFI_SetRFPwr
0000a29e   MRFI_SetRxAddrFilter
0000a36a   MRFI_Sleep
00009068   MRFI_Transmit
0000a4dc   MRFI_WakeUp
000004c8   OP2
000004e2   OP2H
000004e3   OP2H_H
000004e2   OP2H_L
000004e0   OP2L
000004e1   OP2L_H
000004e0   OP2L_L
000004c9   OP2_H
000004c8   OP2_L
0000020e   P1IV
000001c8   P1MAP01
000001c9   P1MAP01_H
000001c8   P1MAP01_L
000001ca   P1MAP23
000001cb   P1MAP23_H
000001ca   P1MAP23_L
000001cc   P1MAP45
000001cd   P1MAP45_H
000001cc   P1MAP45_L
000001ce   P1MAP67
000001cf   P1MAP67_H
000001ce   P1MAP67_L
0000021e   P2IV
000001d0   P2MAP01
000001d1   P2MAP01_H
000001d0   P2MAP01_L
000001d2   P2MAP23
000001d3   P2MAP23_H
000001d2   P2MAP23_L
000001d4   P2MAP45
000001d5   P2MAP45_H
000001d4   P2MAP45_L
000001d6   P2MAP67
000001d7   P2MAP67_H
000001d6   P2MAP67_L
000001d8   P3MAP01
000001d9   P3MAP01_H
000001d8   P3MAP01_L
000001da   P3MAP23
000001db   P3MAP23_H
000001da   P3MAP23_L
000001dc   P3MAP45
000001dd   P3MAP45_H
000001dc   P3MAP45_L
000001de   P3MAP67
000001df   P3MAP67_H
000001de   P3MAP67_L
00000204   PADIR
00000205   PADIR_H
00000204   PADIR_L
00000208   PADS
00000209   PADS_H
00000208   PADS_L
0000021a   PAIE
00000218   PAIES
00000219   PAIES_H
00000218   PAIES_L
0000021b   PAIE_H
0000021a   PAIE_L
0000021c   PAIFG
0000021d   PAIFG_H
0000021c   PAIFG_L
00000200   PAIN
00000201   PAIN_H
00000200   PAIN_L
00000202   PAOUT
00000203   PAOUT_H
00000202   PAOUT_L
00000206   PAREN
00000207   PAREN_H
00000206   PAREN_L
0000020a   PASEL
0000020b   PASEL_H
0000020a   PASEL_L
00000224   PBDIR
00000225   PBDIR_H
00000224   PBDIR_L
00000228   PBDS
00000229   PBDS_H
00000228   PBDS_L
00000220   PBIN
00000221   PBIN_H
00000220   PBIN_L
00000222   PBOUT
00000223   PBOUT_H
00000222   PBOUT_L
00000226   PBREN
00000227   PBREN_H
00000226   PBREN_L
0000022a   PBSEL
0000022b   PBSEL_H
0000022a   PBSEL_L
00000244   PCDIR
00000245   PCDIR_H
00000244   PCDIR_L
00000248   PCDS
00000249   PCDS_H
00000248   PCDS_L
00000240   PCIN
00000241   PCIN_H
00000240   PCIN_L
00000242   PCOUT
00000243   PCOUT_H
00000242   PCOUT_L
00000246   PCREN
00000247   PCREN_H
00000246   PCREN_L
0000024a   PCSEL
0000024b   PCSEL_H
0000024a   PCSEL_L
00000324   PJDIR
00000325   PJDIR_H
00000324   PJDIR_L
00000328   PJDS
00000329   PJDS_H
00000328   PJDS_L
00000320   PJIN
00000321   PJIN_H
00000320   PJIN_L
00000322   PJOUT
00000323   PJOUT_H
00000322   PJOUT_L
00000326   PJREN
00000327   PJREN_H
00000326   PJREN_L
000001c2   PMAPCTL
000001c3   PMAPCTL_H
000001c2   PMAPCTL_L
000001c0   PMAPKEYID
000001c1   PMAPKEYID_H
000001c0   PMAPKEYID_L
00000120   PMMCTL0
00000121   PMMCTL0_H
00000120   PMMCTL0_L
00000122   PMMCTL1
00000123   PMMCTL1_H
00000122   PMMCTL1_L
0000012c   PMMIFG
0000012d   PMMIFG_H
0000012c   PMMIFG_L
0000012e   PMMRIE
0000012f   PMMRIE_H
0000012e   PMMRIE_L
00009bf0   Port1_ISR
00000158   RCCTL0
00000159   RCCTL0_H
00000158   RCCTL0_L
000001b0   REFCTL0
000001b1   REFCTL0_H
000001b0   REFCTL0_L
000004e4   RES0
000004e5   RES0_H
000004e4   RES0_L
000004e6   RES1
000004e7   RES1_H
000004e6   RES1_L
000004e8   RES2
000004e9   RES2_H
000004e8   RES2_L
000004ea   RES3
000004eb   RES3_H
000004ea   RES3_L
000004cc   RESHI
000004cd   RESHI_H
000004cc   RESHI_L
000004ca   RESLO
000004cb   RESLO_H
000004ca   RESLO_L
00000f16   RF1ADINW
00000f17   RF1ADINW_H
00000f16   RF1ADINW_L
00000f28   RF1ADOUT0W
00000f29   RF1ADOUT0W_H
00000f28   RF1ADOUT0W_L
00000f2a   RF1ADOUT1W
00000f2b   RF1ADOUT1W_H
00000f2a   RF1ADOUT1W_L
00000f2c   RF1ADOUT2W
00000f2d   RF1ADOUT2W_H
00000f2c   RF1ADOUT2W_L
00000f36   RF1AIE
00000f34   RF1AIES
00000f35   RF1AIES_H
00000f34   RF1AIES_L
00000f37   RF1AIE_H
00000f36   RF1AIE_L
00000f00   RF1AIFCTL0
00000f01   RF1AIFCTL0_H
00000f00   RF1AIFCTL0_L
00000f02   RF1AIFCTL1
00000f03   RF1AIFCTL1_H
00000f02   RF1AIFCTL1_L
00000f04   RF1AIFCTL2
00000f05   RF1AIFCTL2_H
00000f04   RF1AIFCTL2_L
00000f06   RF1AIFERR
00000f0c   RF1AIFERRV
00000f0d   RF1AIFERRV_H
00000f0c   RF1AIFERRV_L
00000f07   RF1AIFERR_H
00000f06   RF1AIFERR_L
00000f32   RF1AIFG
00000f33   RF1AIFG_H
00000f32   RF1AIFG_L
00000f0e   RF1AIFIV
00000f0f   RF1AIFIV_H
00000f0e   RF1AIFIV_L
00000f30   RF1AIN
00000f12   RF1AINSTR1W
00000f13   RF1AINSTR1W_H
00000f12   RF1AINSTR1W_L
00000f14   RF1AINSTR2W
00000f15   RF1AINSTR2W_H
00000f14   RF1AINSTR2W_L
00000f10   RF1AINSTRW
00000f11   RF1AINSTRW_H
00000f10   RF1AINSTRW_L
00000f31   RF1AIN_H
00000f30   RF1AIN_L
00000f38   RF1AIV
00000f39   RF1AIV_H
00000f38   RF1AIV_L
00000f3c   RF1ARXFIFO
00000f3d   RF1ARXFIFO_H
00000f3c   RF1ARXFIFO_L
00000f20   RF1ASTAT0W
00000f21   RF1ASTAT0W_H
00000f20   RF1ASTAT0W_L
00000f22   RF1ASTAT1W
00000f23   RF1ASTAT1W_H
00000f22   RF1ASTAT1W_L
00000f24   RF1ASTAT2W
00000f25   RF1ASTAT2W_H
00000f24   RF1ASTAT2W_L
00000f3e   RF1ATXFIFO
00000f3f   RF1ATXFIFO_H
00000f3e   RF1ATXFIFO_L
000004ba   RTCADOWDAY
000004bb   RTCADOWDAY_H
000004ba   RTCADOWDAY_L
000004b8   RTCAMINHR
000004b9   RTCAMINHR_H
000004b8   RTCAMINHR_L
000004a0   RTCCTL01
000004a1   RTCCTL01_H
000004a0   RTCCTL01_L
000004a2   RTCCTL23
000004a3   RTCCTL23_H
000004a2   RTCCTL23_L
000004b4   RTCDATE
000004b5   RTCDATE_H
000004b4   RTCDATE_L
000004ae   RTCIV
000004ac   RTCPS
000004a8   RTCPS0CTL
000004a9   RTCPS0CTL_H
000004a8   RTCPS0CTL_L
000004aa   RTCPS1CTL
000004ab   RTCPS1CTL_H
000004aa   RTCPS1CTL_L
000004ad   RTCPS_H
000004ac   RTCPS_L
000004b0   RTCTIM0
000004b1   RTCTIM0_H
000004b0   RTCTIM0_L
000004b2   RTCTIM1
000004b3   RTCTIM1_H
000004b2   RTCTIM1_L
000004b6   RTCYEAR
000004b7   RTCYEAR_H
000004b6   RTCYEAR_L
0000a8be   RTC_ISR
00000100   SFRIE1
00000101   SFRIE1_H
00000100   SFRIE1_L
00000102   SFRIFG1
00000103   SFRIFG1_H
00000102   SFRIFG1_L
00000104   SFRRPCR
00000105   SFRRPCR_H
00000104   SFRRPCR_L
0000a064   SMPL_Init
00008560   SMPL_Ioctl
000082dc   SMPL_Link
00008a78   SMPL_SendOpt
00008c4e   SMPL_Unlink
000004ce   SUMEXT
000004cf   SUMEXT_H
000004ce   SUMEXT_L
00000124   SVSMHCTL
00000125   SVSMHCTL_H
00000124   SVSMHCTL_L
00000128   SVSMIO
00000129   SVSMIO_H
00000128   SVSMIO_L
00000126   SVSMLCTL
00000127   SVSMLCTL_H
00000126   SVSMLCTL_L
00000198   SYSBERRIV
00000199   SYSBERRIV_H
00000198   SYSBERRIV_L
00000182   SYSBSLC
00000183   SYSBSLC_H
00000182   SYSBSLC_L
00000180   SYSCTL
00000181   SYSCTL_H
00000180   SYSCTL_L
00000186   SYSJMBC
00000187   SYSJMBC_H
00000186   SYSJMBC_L
00000188   SYSJMBI0
00000189   SYSJMBI0_H
00000188   SYSJMBI0_L
0000018a   SYSJMBI1
0000018b   SYSJMBI1_H
0000018a   SYSJMBI1_L
0000018c   SYSJMBO0
0000018d   SYSJMBO0_H
0000018c   SYSJMBO0_L
0000018e   SYSJMBO1
0000018f   SYSJMBO1_H
0000018e   SYSJMBO1_L
0000019e   SYSRSTIV
0000019f   SYSRSTIV_H
0000019e   SYSRSTIV_L
0000019c   SYSSNIV
0000019d   SYSSNIV_H
0000019c   SYSSNIV_L
0000019a   SYSUNIV
0000019b   SYSUNIV_H
0000019a   SYSUNIV_L
00009444   Satellite
00001c8a   SavedADC12MEM0
00001c8c   SavedADC12MEM1
00009df4   SetVCore
0000a7e2   SetupRtc
00000352   TA0CCR0
00000354   TA0CCR1
00000356   TA0CCR2
00000358   TA0CCR3
0000035a   TA0CCR4
00000342   TA0CCTL0
00000344   TA0CCTL1
00000346   TA0CCTL2
00000348   TA0CCTL3
0000034a   TA0CCTL4
00000340   TA0CTL
00000360   TA0EX0
0000036e   TA0IV
00000350   TA0R
00000392   TA1CCR0
00000394   TA1CCR1
00000396   TA1CCR2
00000382   TA1CCTL0
00000384   TA1CCTL1
00000386   TA1CCTL2
00000380   TA1CTL
000003a0   TA1EX0
000003ae   TA1IV
00000390   TA1R
000005d0   UCA0ABCTL
000005c6   UCA0BRW
000005c7   UCA0BRW_H
000005c6   UCA0BRW_L
000005c0   UCA0CTLW0
000005c1   UCA0CTLW0_H
000005c0   UCA0CTLW0_L
000005dc   UCA0ICTL
000005dd   UCA0ICTL_H
000005dc   UCA0ICTL_L
000005d2   UCA0IRCTL
000005d3   UCA0IRCTL_H
000005d2   UCA0IRCTL_L
000005de   UCA0IV
000005c8   UCA0MCTL
000005cc   UCA0RXBUF
000005ca   UCA0STAT
000005ce   UCA0TXBUF
000005e6   UCB0BRW
000005e7   UCB0BRW_H
000005e6   UCB0BRW_L
000005e0   UCB0CTLW0
000005e1   UCB0CTLW0_H
000005e0   UCB0CTLW0_L
000005f0   UCB0I2COA
000005f1   UCB0I2COA_H
000005f0   UCB0I2COA_L
000005f2   UCB0I2CSA
000005f3   UCB0I2CSA_H
000005f2   UCB0I2CSA_L
000005fc   UCB0ICTL
000005fd   UCB0ICTL_H
000005fc   UCB0ICTL_L
000005fe   UCB0IV
000005ec   UCB0RXBUF
000005ea   UCB0STAT
000005ee   UCB0TXBUF
00000160   UCSCTL0
00000161   UCSCTL0_H
00000160   UCSCTL0_L
00000162   UCSCTL1
00000163   UCSCTL1_H
00000162   UCSCTL1_L
00000164   UCSCTL2
00000165   UCSCTL2_H
00000164   UCSCTL2_L
00000166   UCSCTL3
00000167   UCSCTL3_H
00000166   UCSCTL3_L
00000168   UCSCTL4
00000169   UCSCTL4_H
00000168   UCSCTL4_L
0000016a   UCSCTL5
0000016b   UCSCTL5_H
0000016a   UCSCTL5_L
0000016c   UCSCTL6
0000016d   UCSCTL6_H
0000016c   UCSCTL6_L
0000016e   UCSCTL7
0000016f   UCSCTL7_H
0000016e   UCSCTL7_L
00000170   UCSCTL8
00000171   UCSCTL8_H
00000170   UCSCTL8_L
00001c90   Vcc
0000015c   WDTCTL
0000015d   WDTCTL_H
0000015c   WDTCTL_L
0000a712   WDT_ISR
00002bfc   __STACK_END
00000050   __STACK_SIZE
0000aa4a   __TI_CINIT_Base
0000aa62   __TI_CINIT_Limit
0000aa32   __TI_Handler_Table_Base
0000aa3e   __TI_Handler_Table_Limit
UNDEFED    __TI_INITARRAY_Base
UNDEFED    __TI_INITARRAY_Limit
00000001   __TI_args_main
00009e30   __TI_decompress_none
0000a8ea   __TI_decompress_rle24
00000001   __TI_exit
00009f1c   __TI_zero_init
ffffffff   __binit__
ffffffff   __c_args__
00009cb8   __memcpy_far
00008436   __mspabi_addf
00009560   __mspabi_divf
0000a272   __mspabi_divi
0000a7b6   __mspabi_divu
00009a3a   __mspabi_fixfi
0000a02e   __mspabi_fltif
0000912e   __mspabi_mpyf
0000a7cc   __mspabi_mpyi_f5hw
0000a542   __mspabi_mpyl_f5hw
0000a272   __mspabi_remi
0000a7b6   __mspabi_remu
00009db0   __mspabi_srll_1
00009d8c   __mspabi_srll_10
00009d88   __mspabi_srll_11
00009d84   __mspabi_srll_12
00009d80   __mspabi_srll_13
00009d7c   __mspabi_srll_14
00009d78   __mspabi_srll_15
00009dac   __mspabi_srll_2
00009da8   __mspabi_srll_3
00009da4   __mspabi_srll_4
00009da0   __mspabi_srll_5
00009d9c   __mspabi_srll_6
00009d98   __mspabi_srll_7
00009d94   __mspabi_srll_8
00009d90   __mspabi_srll_9
00008430   __mspabi_subf
000098fc   _auto_init
0000a72c   _c_int00
0000a72c   _c_int00_noexit
0000fffe   _reset_vector
00002bac   _stack
0000a990   _system_pre_init
0000a994   abort
00001900   adcTemp25Calibration
ffffffff   binit
00001cc7   buttonDebounce
00001cc8   buttonsPressed
00001c9a   c
00001c94   exit_active_from_ADC12
00001c96   m
0000a93e   main
0000a4fe   memcmp
0000a830   memcpy
0000a624   memmove
0000a80a   memset
00001c88   method
0000aa0e   mrfiBroadcastAddr
0000a9ac   mrfiRadioCfg
00009322   mrfiRadioInterfaceCmdStrobe
00009ba8   mrfiRadioInterfaceReadReg
000099d2   mrfiRadioInterfaceReadRxFifo
00009f8c   mrfiRadioInterfaceWriteReg
00009fc2   mrfiRadioInterfaceWriteTxFifo
0000a998   nwk_NVObj
0000a6da   nwk_QInit
0000a1ec   nwk_QadjustOrder
00008986   nwk_QfindOldest
00009886   nwk_QfindSlot
00008dfc   nwk_allocateLocalRxPort
0000a520   nwk_buildAckReqFrame
000093b4   nwk_buildFrame
0000a3dc   nwk_checkConnInfo
0000a644   nwk_connectionControl
0000a0fc   nwk_deviceAddress
00009db6   nwk_findPeer
0000a682   nwk_frameInit
0000a978   nwk_freeConnection
0000a9a8   nwk_freqInit
0000a97e   nwk_getBCastAddress
0000a31a   nwk_getConnInfo
0000a984   nwk_getFWVersion
0000a842   nwk_getJoinToken
0000a854   nwk_getLinkToken
0000a866   nwk_getMyAddress
0000a98a   nwk_getMyRxType
00009cf8   nwk_getNextConnection
0000a91c   nwk_getNumObjectFromMsg
0000a99c   nwk_getProtocolVersion
0000a402   nwk_globalsInit
000094d2   nwk_isConnectionValid
00009e6c   nwk_isLinkDuplicate
00009d38   nwk_isValidReply
0000888e   nwk_join
0000a428   nwk_joinInit
000082dc   nwk_link
0000a12e   nwk_linkInit
0000a948   nwk_mgmtInit
00009706   nwk_nwkInit
0000a952   nwk_pingInit
0000a9a0   nwk_processFreq
0000a6f6   nwk_processJoin
0000a44e   nwk_processLink
00009ee2   nwk_processMgmt
0000a342   nwk_processPing
0000a9a4   nwk_processSecurity
00009ff8   nwk_putNumObjectIntoMsg
00009286   nwk_radioControl
0000a15e   nwk_rawReceive
00009b0a   nwk_rawSend
000091e4   nwk_retrieveFrame
0000a9aa   nwk_securityInit
0000978c   nwk_sendAckReply
0000a18e   nwk_sendFrame
0000a928   nwk_setAPAddress
0000a878   nwk_setJoinToken
0000a88a   nwk_setLinkToken
0000a6a0   nwk_setMyAddress
00008c4e   nwk_unlink


GLOBAL SYMBOLS: SORTED BY Symbol Address 

address    name
--------   ----
00000001   __TI_args_main
00000001   __TI_exit
00000050   __STACK_SIZE
00000100   SFRIE1
00000100   SFRIE1_L
00000101   SFRIE1_H
00000102   SFRIFG1
00000102   SFRIFG1_L
00000103   SFRIFG1_H
00000104   SFRRPCR
00000104   SFRRPCR_L
00000105   SFRRPCR_H
00000120   PMMCTL0
00000120   PMMCTL0_L
00000121   PMMCTL0_H
00000122   PMMCTL1
00000122   PMMCTL1_L
00000123   PMMCTL1_H
00000124   SVSMHCTL
00000124   SVSMHCTL_L
00000125   SVSMHCTL_H
00000126   SVSMLCTL
00000126   SVSMLCTL_L
00000127   SVSMLCTL_H
00000128   SVSMIO
00000128   SVSMIO_L
00000129   SVSMIO_H
0000012c   PMMIFG
0000012c   PMMIFG_L
0000012d   PMMIFG_H
0000012e   PMMRIE
0000012e   PMMRIE_L
0000012f   PMMRIE_H
00000140   FCTL1
00000140   FCTL1_L
00000141   FCTL1_H
00000144   FCTL3
00000144   FCTL3_L
00000145   FCTL3_H
00000146   FCTL4
00000146   FCTL4_L
00000147   FCTL4_H
00000150   CRCDI
00000150   CRCDI_L
00000151   CRCDI_H
00000154   CRCINIRES
00000154   CRCINIRES_L
00000155   CRCINIRES_H
00000158   RCCTL0
00000158   RCCTL0_L
00000159   RCCTL0_H
0000015c   WDTCTL
0000015c   WDTCTL_L
0000015d   WDTCTL_H
00000160   UCSCTL0
00000160   UCSCTL0_L
00000161   UCSCTL0_H
00000162   UCSCTL1
00000162   UCSCTL1_L
00000163   UCSCTL1_H
00000164   UCSCTL2
00000164   UCSCTL2_L
00000165   UCSCTL2_H
00000166   UCSCTL3
00000166   UCSCTL3_L
00000167   UCSCTL3_H
00000168   UCSCTL4
00000168   UCSCTL4_L
00000169   UCSCTL4_H
0000016a   UCSCTL5
0000016a   UCSCTL5_L
0000016b   UCSCTL5_H
0000016c   UCSCTL6
0000016c   UCSCTL6_L
0000016d   UCSCTL6_H
0000016e   UCSCTL7
0000016e   UCSCTL7_L
0000016f   UCSCTL7_H
00000170   UCSCTL8
00000170   UCSCTL8_L
00000171   UCSCTL8_H
00000180   SYSCTL
00000180   SYSCTL_L
00000181   SYSCTL_H
00000182   SYSBSLC
00000182   SYSBSLC_L
00000183   SYSBSLC_H
00000186   SYSJMBC
00000186   SYSJMBC_L
00000187   SYSJMBC_H
00000188   SYSJMBI0
00000188   SYSJMBI0_L
00000189   SYSJMBI0_H
0000018a   SYSJMBI1
0000018a   SYSJMBI1_L
0000018b   SYSJMBI1_H
0000018c   SYSJMBO0
0000018c   SYSJMBO0_L
0000018d   SYSJMBO0_H
0000018e   SYSJMBO1
0000018e   SYSJMBO1_L
0000018f   SYSJMBO1_H
00000198   SYSBERRIV
00000198   SYSBERRIV_L
00000199   SYSBERRIV_H
0000019a   SYSUNIV
0000019a   SYSUNIV_L
0000019b   SYSUNIV_H
0000019c   SYSSNIV
0000019c   SYSSNIV_L
0000019d   SYSSNIV_H
0000019e   SYSRSTIV
0000019e   SYSRSTIV_L
0000019f   SYSRSTIV_H
000001b0   REFCTL0
000001b0   REFCTL0_L
000001b1   REFCTL0_H
000001c0   PMAPKEYID
000001c0   PMAPKEYID_L
000001c1   PMAPKEYID_H
000001c2   PMAPCTL
000001c2   PMAPCTL_L
000001c3   PMAPCTL_H
000001c8   P1MAP01
000001c8   P1MAP01_L
000001c9   P1MAP01_H
000001ca   P1MAP23
000001ca   P1MAP23_L
000001cb   P1MAP23_H
000001cc   P1MAP45
000001cc   P1MAP45_L
000001cd   P1MAP45_H
000001ce   P1MAP67
000001ce   P1MAP67_L
000001cf   P1MAP67_H
000001d0   P2MAP01
000001d0   P2MAP01_L
000001d1   P2MAP01_H
000001d2   P2MAP23
000001d2   P2MAP23_L
000001d3   P2MAP23_H
000001d4   P2MAP45
000001d4   P2MAP45_L
000001d5   P2MAP45_H
000001d6   P2MAP67
000001d6   P2MAP67_L
000001d7   P2MAP67_H
000001d8   P3MAP01
000001d8   P3MAP01_L
000001d9   P3MAP01_H
000001da   P3MAP23
000001da   P3MAP23_L
000001db   P3MAP23_H
000001dc   P3MAP45
000001dc   P3MAP45_L
000001dd   P3MAP45_H
000001de   P3MAP67
000001de   P3MAP67_L
000001df   P3MAP67_H
00000200   PAIN
00000200   PAIN_L
00000201   PAIN_H
00000202   PAOUT
00000202   PAOUT_L
00000203   PAOUT_H
00000204   PADIR
00000204   PADIR_L
00000205   PADIR_H
00000206   PAREN
00000206   PAREN_L
00000207   PAREN_H
00000208   PADS
00000208   PADS_L
00000209   PADS_H
0000020a   PASEL
0000020a   PASEL_L
0000020b   PASEL_H
0000020e   P1IV
00000218   PAIES
00000218   PAIES_L
00000219   PAIES_H
0000021a   PAIE
0000021a   PAIE_L
0000021b   PAIE_H
0000021c   PAIFG
0000021c   PAIFG_L
0000021d   PAIFG_H
0000021e   P2IV
00000220   PBIN
00000220   PBIN_L
00000221   PBIN_H
00000222   PBOUT
00000222   PBOUT_L
00000223   PBOUT_H
00000224   PBDIR
00000224   PBDIR_L
00000225   PBDIR_H
00000226   PBREN
00000226   PBREN_L
00000227   PBREN_H
00000228   PBDS
00000228   PBDS_L
00000229   PBDS_H
0000022a   PBSEL
0000022a   PBSEL_L
0000022b   PBSEL_H
00000240   PCIN
00000240   PCIN_L
00000241   PCIN_H
00000242   PCOUT
00000242   PCOUT_L
00000243   PCOUT_H
00000244   PCDIR
00000244   PCDIR_L
00000245   PCDIR_H
00000246   PCREN
00000246   PCREN_L
00000247   PCREN_H
00000248   PCDS
00000248   PCDS_L
00000249   PCDS_H
0000024a   PCSEL
0000024a   PCSEL_L
0000024b   PCSEL_H
00000320   PJIN
00000320   PJIN_L
00000321   PJIN_H
00000322   PJOUT
00000322   PJOUT_L
00000323   PJOUT_H
00000324   PJDIR
00000324   PJDIR_L
00000325   PJDIR_H
00000326   PJREN
00000326   PJREN_L
00000327   PJREN_H
00000328   PJDS
00000328   PJDS_L
00000329   PJDS_H
00000340   TA0CTL
00000342   TA0CCTL0
00000344   TA0CCTL1
00000346   TA0CCTL2
00000348   TA0CCTL3
0000034a   TA0CCTL4
00000350   TA0R
00000352   TA0CCR0
00000354   TA0CCR1
00000356   TA0CCR2
00000358   TA0CCR3
0000035a   TA0CCR4
00000360   TA0EX0
0000036e   TA0IV
00000380   TA1CTL
00000382   TA1CCTL0
00000384   TA1CCTL1
00000386   TA1CCTL2
00000390   TA1R
00000392   TA1CCR0
00000394   TA1CCR1
00000396   TA1CCR2
000003a0   TA1EX0
000003ae   TA1IV
000004a0   RTCCTL01
000004a0   RTCCTL01_L
000004a1   RTCCTL01_H
000004a2   RTCCTL23
000004a2   RTCCTL23_L
000004a3   RTCCTL23_H
000004a8   RTCPS0CTL
000004a8   RTCPS0CTL_L
000004a9   RTCPS0CTL_H
000004aa   RTCPS1CTL
000004aa   RTCPS1CTL_L
000004ab   RTCPS1CTL_H
000004ac   RTCPS
000004ac   RTCPS_L
000004ad   RTCPS_H
000004ae   RTCIV
000004b0   RTCTIM0
000004b0   RTCTIM0_L
000004b1   RTCTIM0_H
000004b2   RTCTIM1
000004b2   RTCTIM1_L
000004b3   RTCTIM1_H
000004b4   RTCDATE
000004b4   RTCDATE_L
000004b5   RTCDATE_H
000004b6   RTCYEAR
000004b6   RTCYEAR_L
000004b7   RTCYEAR_H
000004b8   RTCAMINHR
000004b8   RTCAMINHR_L
000004b9   RTCAMINHR_H
000004ba   RTCADOWDAY
000004ba   RTCADOWDAY_L
000004bb   RTCADOWDAY_H
000004c0   MPY
000004c0   MPY_L
000004c1   MPY_H
000004c2   MPYS
000004c2   MPYS_L
000004c3   MPYS_H
000004c4   MAC
000004c4   MAC_L
000004c5   MAC_H
000004c6   MACS
000004c6   MACS_L
000004c7   MACS_H
000004c8   OP2
000004c8   OP2_L
000004c9   OP2_H
000004ca   RESLO
000004ca   RESLO_L
000004cb   RESLO_H
000004cc   RESHI
000004cc   RESHI_L
000004cd   RESHI_H
000004ce   SUMEXT
000004ce   SUMEXT_L
000004cf   SUMEXT_H
000004d0   MPY32L
000004d0   MPY32L_L
000004d1   MPY32L_H
000004d2   MPY32H
000004d2   MPY32H_L
000004d3   MPY32H_H
000004d4   MPYS32L
000004d4   MPYS32L_L
000004d5   MPYS32L_H
000004d6   MPYS32H
000004d6   MPYS32H_L
000004d7   MPYS32H_H
000004d8   MAC32L
000004d8   MAC32L_L
000004d9   MAC32L_H
000004da   MAC32H
000004da   MAC32H_L
000004db   MAC32H_H
000004dc   MACS32L
000004dc   MACS32L_L
000004dd   MACS32L_H
000004de   MACS32H
000004de   MACS32H_L
000004df   MACS32H_H
000004e0   OP2L
000004e0   OP2L_L
000004e1   OP2L_H
000004e2   OP2H
000004e2   OP2H_L
000004e3   OP2H_H
000004e4   RES0
000004e4   RES0_L
000004e5   RES0_H
000004e6   RES1
000004e6   RES1_L
000004e7   RES1_H
000004e8   RES2
000004e8   RES2_L
000004e9   RES2_H
000004ea   RES3
000004ea   RES3_L
000004eb   RES3_H
000004ec   MPY32CTL0
000004ec   MPY32CTL0_L
000004ed   MPY32CTL0_H
00000500   DMACTL0
00000500   DMACTL0_L
00000501   DMACTL0_H
00000502   DMACTL1
00000502   DMACTL1_L
00000503   DMACTL1_H
00000504   DMACTL2
00000504   DMACTL2_L
00000505   DMACTL2_H
00000506   DMACTL3
00000506   DMACTL3_L
00000507   DMACTL3_H
00000508   DMACTL4
00000508   DMACTL4_L
00000509   DMACTL4_H
0000050e   DMAIV
0000050e   DMAIV_L
0000050f   DMAIV_H
00000510   DMA0CTL
00000510   DMA0CTL_L
00000511   DMA0CTL_H
00000512   DMA0SA
00000512   DMA0SAL
00000516   DMA0DA
00000516   DMA0DAL
0000051a   DMA0SZ
00000520   DMA1CTL
00000520   DMA1CTL_L
00000521   DMA1CTL_H
00000522   DMA1SA
00000522   DMA1SAL
00000526   DMA1DA
00000526   DMA1DAL
0000052a   DMA1SZ
00000530   DMA2CTL
00000530   DMA2CTL_L
00000531   DMA2CTL_H
00000532   DMA2SA
00000532   DMA2SAL
00000536   DMA2DA
00000536   DMA2DAL
0000053a   DMA2SZ
000005c0   UCA0CTLW0
000005c0   UCA0CTLW0_L
000005c1   UCA0CTLW0_H
000005c6   UCA0BRW
000005c6   UCA0BRW_L
000005c7   UCA0BRW_H
000005c8   UCA0MCTL
000005ca   UCA0STAT
000005cc   UCA0RXBUF
000005ce   UCA0TXBUF
000005d0   UCA0ABCTL
000005d2   UCA0IRCTL
000005d2   UCA0IRCTL_L
000005d3   UCA0IRCTL_H
000005dc   UCA0ICTL
000005dc   UCA0ICTL_L
000005dd   UCA0ICTL_H
000005de   UCA0IV
000005e0   UCB0CTLW0
000005e0   UCB0CTLW0_L
000005e1   UCB0CTLW0_H
000005e6   UCB0BRW
000005e6   UCB0BRW_L
000005e7   UCB0BRW_H
000005ea   UCB0STAT
000005ec   UCB0RXBUF
000005ee   UCB0TXBUF
000005f0   UCB0I2COA
000005f0   UCB0I2COA_L
000005f1   UCB0I2COA_H
000005f2   UCB0I2CSA
000005f2   UCB0I2CSA_L
000005f3   UCB0I2CSA_H
000005fc   UCB0ICTL
000005fc   UCB0ICTL_L
000005fd   UCB0ICTL_H
000005fe   UCB0IV
00000700   ADC12CTL0
00000700   ADC12CTL0_L
00000701   ADC12CTL0_H
00000702   ADC12CTL1
00000702   ADC12CTL1_L
00000703   ADC12CTL1_H
00000704   ADC12CTL2
00000704   ADC12CTL2_L
00000705   ADC12CTL2_H
0000070a   ADC12IFG
0000070a   ADC12IFG_L
0000070b   ADC12IFG_H
0000070c   ADC12IE
0000070c   ADC12IE_L
0000070d   ADC12IE_H
0000070e   ADC12IV
0000070e   ADC12IV_L
0000070f   ADC12IV_H
00000710   ADC12MCTL0
00000711   ADC12MCTL1
00000712   ADC12MCTL2
00000713   ADC12MCTL3
00000714   ADC12MCTL4
00000715   ADC12MCTL5
00000716   ADC12MCTL6
00000717   ADC12MCTL7
00000718   ADC12MCTL8
00000719   ADC12MCTL9
0000071a   ADC12MCTL10
0000071b   ADC12MCTL11
0000071c   ADC12MCTL12
0000071d   ADC12MCTL13
0000071e   ADC12MCTL14
0000071f   ADC12MCTL15
00000720   ADC12MEM0
00000720   ADC12MEM0_L
00000721   ADC12MEM0_H
00000722   ADC12MEM1
00000722   ADC12MEM1_L
00000723   ADC12MEM1_H
00000724   ADC12MEM2
00000724   ADC12MEM2_L
00000725   ADC12MEM2_H
00000726   ADC12MEM3
00000726   ADC12MEM3_L
00000727   ADC12MEM3_H
00000728   ADC12MEM4
00000728   ADC12MEM4_L
00000729   ADC12MEM4_H
0000072a   ADC12MEM5
0000072a   ADC12MEM5_L
0000072b   ADC12MEM5_H
0000072c   ADC12MEM6
0000072c   ADC12MEM6_L
0000072d   ADC12MEM6_H
0000072e   ADC12MEM7
0000072e   ADC12MEM7_L
0000072f   ADC12MEM7_H
00000730   ADC12MEM8
00000730   ADC12MEM8_L
00000731   ADC12MEM8_H
00000732   ADC12MEM9
00000732   ADC12MEM9_L
00000733   ADC12MEM9_H
00000734   ADC12MEM10
00000734   ADC12MEM10_L
00000735   ADC12MEM10_H
00000736   ADC12MEM11
00000736   ADC12MEM11_L
00000737   ADC12MEM11_H
00000738   ADC12MEM12
00000738   ADC12MEM12_L
00000739   ADC12MEM12_H
0000073a   ADC12MEM13
0000073a   ADC12MEM13_L
0000073b   ADC12MEM13_H
0000073c   ADC12MEM14
0000073c   ADC12MEM14_L
0000073d   ADC12MEM14_H
0000073e   ADC12MEM15
0000073e   ADC12MEM15_L
0000073f   ADC12MEM15_H
000008c0   CBCTL0
000008c0   CBCTL0_L
000008c1   CBCTL0_H
000008c2   CBCTL1
000008c2   CBCTL1_L
000008c3   CBCTL1_H
000008c4   CBCTL2
000008c4   CBCTL2_L
000008c5   CBCTL2_H
000008c6   CBCTL3
000008c6   CBCTL3_L
000008c7   CBCTL3_H
000008cc   CBINT
000008cc   CBINT_L
000008cd   CBINT_H
000008ce   CBIV
000009c0   AESACTL0
000009c0   AESACTL0_L
000009c1   AESACTL0_H
000009c4   AESASTAT
000009c4   AESASTAT_L
000009c5   AESASTAT_H
000009c6   AESAKEY
000009c6   AESAKEY_L
000009c7   AESAKEY_H
000009c8   AESADIN
000009c8   AESADIN_L
000009c9   AESADIN_H
000009ca   AESADOUT
000009ca   AESADOUT_L
000009cb   AESADOUT_H
00000f00   RF1AIFCTL0
00000f00   RF1AIFCTL0_L
00000f01   RF1AIFCTL0_H
00000f02   RF1AIFCTL1
00000f02   RF1AIFCTL1_L
00000f03   RF1AIFCTL1_H
00000f04   RF1AIFCTL2
00000f04   RF1AIFCTL2_L
00000f05   RF1AIFCTL2_H
00000f06   RF1AIFERR
00000f06   RF1AIFERR_L
00000f07   RF1AIFERR_H
00000f0c   RF1AIFERRV
00000f0c   RF1AIFERRV_L
00000f0d   RF1AIFERRV_H
00000f0e   RF1AIFIV
00000f0e   RF1AIFIV_L
00000f0f   RF1AIFIV_H
00000f10   RF1AINSTRW
00000f10   RF1AINSTRW_L
00000f11   RF1AINSTRW_H
00000f12   RF1AINSTR1W
00000f12   RF1AINSTR1W_L
00000f13   RF1AINSTR1W_H
00000f14   RF1AINSTR2W
00000f14   RF1AINSTR2W_L
00000f15   RF1AINSTR2W_H
00000f16   RF1ADINW
00000f16   RF1ADINW_L
00000f17   RF1ADINW_H
00000f20   RF1ASTAT0W
00000f20   RF1ASTAT0W_L
00000f21   RF1ASTAT0W_H
00000f22   RF1ASTAT1W
00000f22   RF1ASTAT1W_L
00000f23   RF1ASTAT1W_H
00000f24   RF1ASTAT2W
00000f24   RF1ASTAT2W_L
00000f25   RF1ASTAT2W_H
00000f28   RF1ADOUT0W
00000f28   RF1ADOUT0W_L
00000f29   RF1ADOUT0W_H
00000f2a   RF1ADOUT1W
00000f2a   RF1ADOUT1W_L
00000f2b   RF1ADOUT1W_H
00000f2c   RF1ADOUT2W
00000f2c   RF1ADOUT2W_L
00000f2d   RF1ADOUT2W_H
00000f30   RF1AIN
00000f30   RF1AIN_L
00000f31   RF1AIN_H
00000f32   RF1AIFG
00000f32   RF1AIFG_L
00000f33   RF1AIFG_H
00000f34   RF1AIES
00000f34   RF1AIES_L
00000f35   RF1AIES_H
00000f36   RF1AIE
00000f36   RF1AIE_L
00000f37   RF1AIE_H
00000f38   RF1AIV
00000f38   RF1AIV_L
00000f39   RF1AIV_H
00000f3c   RF1ARXFIFO
00000f3c   RF1ARXFIFO_L
00000f3d   RF1ARXFIFO_H
00000f3e   RF1ATXFIFO
00000f3e   RF1ATXFIFO_L
00000f3f   RF1ATXFIFO_H
00001900   adcTemp25Calibration
00001c88   method
00001c8a   SavedADC12MEM0
00001c8c   SavedADC12MEM1
00001c90   Vcc
00001c94   exit_active_from_ADC12
00001c96   m
00001c9a   c
00001cba   FIRMWARE_MODE
00001cc7   buttonDebounce
00001cc8   buttonsPressed
00001d4a   IntDegC
00001d4c   IntDegF
00001d4e   CAL_ADC_20T30
00001d50   CAL_ADC_20T85
00002bac   _stack
00002bfc   __STACK_END
00008000   MRFI_Init
000082dc   SMPL_Link
000082dc   nwk_link
00008430   __mspabi_subf
00008436   __mspabi_addf
00008560   SMPL_Ioctl
0000888e   nwk_join
00008986   nwk_QfindOldest
00008a78   SMPL_SendOpt
00008b68   Init_FLL
00008c4e   SMPL_Unlink
00008c4e   nwk_unlink
00008dfc   nwk_allocateLocalRxPort
00008fa0   HalAdcInit
00009068   MRFI_Transmit
0000912e   __mspabi_mpyf
000091e4   nwk_retrieveFrame
00009286   nwk_radioControl
00009322   mrfiRadioInterfaceCmdStrobe
000093b4   nwk_buildFrame
00009444   Satellite
000094d2   nwk_isConnectionValid
00009560   __mspabi_divf
00009706   nwk_nwkInit
0000978c   nwk_sendAckReply
0000980c   HalAdcConvertTempVcc
00009886   nwk_QfindSlot
000098fc   _auto_init
0000996a   MRFI_RadioIsr
000099d2   mrfiRadioInterfaceReadRxFifo
00009a3a   __mspabi_fixfi
00009b0a   nwk_rawSend
00009ba8   mrfiRadioInterfaceReadReg
00009bf0   Port1_ISR
00009c78   MRFI_ReplyDelay
00009cb8   __memcpy_far
00009cf8   nwk_getNextConnection
00009d38   nwk_isValidReply
00009d78   __mspabi_srll_15
00009d7c   __mspabi_srll_14
00009d80   __mspabi_srll_13
00009d84   __mspabi_srll_12
00009d88   __mspabi_srll_11
00009d8c   __mspabi_srll_10
00009d90   __mspabi_srll_9
00009d94   __mspabi_srll_8
00009d98   __mspabi_srll_7
00009d9c   __mspabi_srll_6
00009da0   __mspabi_srll_5
00009da4   __mspabi_srll_4
00009da8   __mspabi_srll_3
00009dac   __mspabi_srll_2
00009db0   __mspabi_srll_1
00009db6   nwk_findPeer
00009df4   SetVCore
00009e30   __TI_decompress_none
00009e6c   nwk_isLinkDuplicate
00009ee2   nwk_processMgmt
00009f1c   __TI_zero_init
00009f8c   mrfiRadioInterfaceWriteReg
00009fc2   mrfiRadioInterfaceWriteTxFifo
00009ff8   nwk_putNumObjectIntoMsg
0000a02e   __mspabi_fltif
0000a064   SMPL_Init
0000a098   Init_FLL_Settle
0000a0ca   MRFI_SetLogicalChannel
0000a0fc   nwk_deviceAddress
0000a12e   nwk_linkInit
0000a15e   nwk_rawReceive
0000a18e   nwk_sendFrame
0000a1ec   nwk_QadjustOrder
0000a272   __mspabi_divi
0000a272   __mspabi_remi
0000a29e   MRFI_SetRxAddrFilter
0000a2f2   ADC12_ISR
0000a31a   nwk_getConnInfo
0000a342   nwk_processPing
0000a36a   MRFI_Sleep
0000a3dc   nwk_checkConnInfo
0000a402   nwk_globalsInit
0000a428   nwk_joinInit
0000a44e   nwk_processLink
0000a474   BSP_Delay
0000a498   BSP_InitBoard
0000a4ba   MRFI_Rssi
0000a4dc   MRFI_WakeUp
0000a4fe   memcmp
0000a520   nwk_buildAckReqFrame
0000a542   __mspabi_mpyl_f5hw
0000a564   BSP_Init
0000a584   HalAdcStartRead
0000a5a4   MRFI_EnableRxAddrFilter
0000a5c4   MRFI_RxCompleteISR
0000a5e4   MRFI_RxIdle
0000a604   MRFI_RxOn
0000a624   memmove
0000a644   nwk_connectionControl
0000a682   nwk_frameInit
0000a6a0   nwk_setMyAddress
0000a6be   MRFI_SetRFPwr
0000a6da   nwk_QInit
0000a6f6   nwk_processJoin
0000a712   WDT_ISR
0000a72c   _c_int00
0000a72c   _c_int00_noexit
0000a746   MRFI_DelayMs
0000a75e   BSP_InitLeds
0000a774   HalButtonsInit
0000a78a   MRFI_RandomByte
0000a7b6   __mspabi_divu
0000a7b6   __mspabi_remu
0000a7cc   __mspabi_mpyi_f5hw
0000a7e2   SetupRtc
0000a80a   memset
0000a81e   HalButtonsInterruptEnable
0000a830   memcpy
0000a842   nwk_getJoinToken
0000a854   nwk_getLinkToken
0000a866   nwk_getMyAddress
0000a878   nwk_setJoinToken
0000a88a   nwk_setLinkToken
0000a8ae   HalButtonsStartWDT
0000a8be   RTC_ISR
0000a8ce   BSP_InitButtons
0000a8dc   HalAdcGetTempDegF
0000a8ea   __TI_decompress_rle24
0000a8f8   MRFI_PostKillSem
0000a904   MRFI_Receive
0000a91c   nwk_getNumObjectFromMsg
0000a928   nwk_setAPAddress
0000a934   HalAdcGetVcc
0000a93e   main
0000a948   nwk_mgmtInit
0000a952   nwk_pingInit
0000a95c   BSP_InitDrivers
0000a96c   HalAdcSetQuitFromISR
0000a972   MRFI_GetRadioState
0000a978   nwk_freeConnection
0000a97e   nwk_getBCastAddress
0000a984   nwk_getFWVersion
0000a98a   nwk_getMyRxType
0000a990   _system_pre_init
0000a994   C$$EXIT
0000a994   abort
0000a998   nwk_NVObj
0000a99c   nwk_getProtocolVersion
0000a9a0   nwk_processFreq
0000a9a4   nwk_processSecurity
0000a9a8   nwk_freqInit
0000a9aa   nwk_securityInit
0000a9ac   mrfiRadioCfg
0000aa0e   mrfiBroadcastAddr
0000aa32   __TI_Handler_Table_Base
0000aa3e   __TI_Handler_Table_Limit
0000aa4a   __TI_CINIT_Base
0000aa62   __TI_CINIT_Limit
0000fffe   _reset_vector
ffffffff   __binit__
ffffffff   __c_args__
ffffffff   binit
UNDEFED    __TI_INITARRAY_Base
UNDEFED    __TI_INITARRAY_Limit

[806 symbols]
