<?xml version="1.0"?>
<link_info>
   <banner>MSP430 Linker PC v4.1.9</banner>
   <copyright>Copyright (c) 2003-2014 Texas Instruments Incorporated</copyright>
   <link_time>0x547a1acb</link_time>
   <output_file>MSP-EXP430F6137RxUserExperience.out</output_file>
   <entry_point>
      <name>_c_int00</name>
      <address>0xb490</address>
   </entry_point>
   <input_file_list>
      <input_file id="fl-2">
         <path>.\</path>
         <kind>object</kind>
         <file>Base.obj</file>
         <name>Base.obj</name>
      </input_file>
      <input_file id="fl-3">
         <path>.\</path>
         <kind>object</kind>
         <file>main.obj</file>
         <name>main.obj</name>
      </input_file>
      <input_file id="fl-4">
         <path>.\SimpliciTI\Components\simpliciti\nwk_applications\</path>
         <kind>object</kind>
         <file>nwk_freq.obj</file>
         <name>nwk_freq.obj</name>
      </input_file>
      <input_file id="fl-5">
         <path>.\SimpliciTI\Components\simpliciti\nwk_applications\</path>
         <kind>object</kind>
         <file>nwk_ioctl.obj</file>
         <name>nwk_ioctl.obj</name>
      </input_file>
      <input_file id="fl-6">
         <path>.\SimpliciTI\Components\simpliciti\nwk_applications\</path>
         <kind>object</kind>
         <file>nwk_join.obj</file>
         <name>nwk_join.obj</name>
      </input_file>
      <input_file id="fl-7">
         <path>.\SimpliciTI\Components\simpliciti\nwk_applications\</path>
         <kind>object</kind>
         <file>nwk_link.obj</file>
         <name>nwk_link.obj</name>
      </input_file>
      <input_file id="fl-8">
         <path>.\SimpliciTI\Components\simpliciti\nwk_applications\</path>
         <kind>object</kind>
         <file>nwk_mgmt.obj</file>
         <name>nwk_mgmt.obj</name>
      </input_file>
      <input_file id="fl-9">
         <path>.\SimpliciTI\Components\simpliciti\nwk_applications\</path>
         <kind>object</kind>
         <file>nwk_ping.obj</file>
         <name>nwk_ping.obj</name>
      </input_file>
      <input_file id="fl-a">
         <path>.\SimpliciTI\Components\simpliciti\nwk_applications\</path>
         <kind>object</kind>
         <file>nwk_security.obj</file>
         <name>nwk_security.obj</name>
      </input_file>
      <input_file id="fl-b">
         <path>.\SimpliciTI\Components\simpliciti\nwk\</path>
         <kind>object</kind>
         <file>nwk.obj</file>
         <name>nwk.obj</name>
      </input_file>
      <input_file id="fl-c">
         <path>.\SimpliciTI\Components\simpliciti\nwk\</path>
         <kind>object</kind>
         <file>nwk_QMgmt.obj</file>
         <name>nwk_QMgmt.obj</name>
      </input_file>
      <input_file id="fl-d">
         <path>.\SimpliciTI\Components\simpliciti\nwk\</path>
         <kind>object</kind>
         <file>nwk_api.obj</file>
         <name>nwk_api.obj</name>
      </input_file>
      <input_file id="fl-e">
         <path>.\SimpliciTI\Components\simpliciti\nwk\</path>
         <kind>object</kind>
         <file>nwk_frame.obj</file>
         <name>nwk_frame.obj</name>
      </input_file>
      <input_file id="fl-f">
         <path>.\SimpliciTI\Components\simpliciti\nwk\</path>
         <kind>object</kind>
         <file>nwk_globals.obj</file>
         <name>nwk_globals.obj</name>
      </input_file>
      <input_file id="fl-10">
         <path>.\SimpliciTI\Components\mrfi\</path>
         <kind>object</kind>
         <file>mrfi.obj</file>
         <name>mrfi.obj</name>
      </input_file>
      <input_file id="fl-11">
         <path>.\SimpliciTI\Components\bsp\</path>
         <kind>object</kind>
         <file>bsp.obj</file>
         <name>bsp.obj</name>
      </input_file>
      <input_file id="fl-12">
         <path>.\MSP-EXP430F6137_HAL\</path>
         <kind>object</kind>
         <file>RF1A.obj</file>
         <name>RF1A.obj</name>
      </input_file>
      <input_file id="fl-13">
         <path>.\MSP-EXP430F6137_HAL\</path>
         <kind>object</kind>
         <file>hal_adc.obj</file>
         <name>hal_adc.obj</name>
      </input_file>
      <input_file id="fl-14">
         <path>.\MSP-EXP430F6137_HAL\</path>
         <kind>object</kind>
         <file>hal_buttons.obj</file>
         <name>hal_buttons.obj</name>
      </input_file>
      <input_file id="fl-15">
         <path>.\MSP-EXP430F6137_HAL\</path>
         <kind>object</kind>
         <file>hal_lcd.obj</file>
         <name>hal_lcd.obj</name>
      </input_file>
      <input_file id="fl-16">
         <path>.\MSP-EXP430F6137_HAL\</path>
         <kind>object</kind>
         <file>hal_leds.obj</file>
         <name>hal_leds.obj</name>
      </input_file>
      <input_file id="fl-17">
         <path>.\MSP-EXP430F6137_HAL\</path>
         <kind>object</kind>
         <file>hal_uart.obj</file>
         <name>hal_uart.obj</name>
      </input_file>
      <input_file id="fl-18">
         <path>.\F5xx_F6xx_Core_Lib\</path>
         <kind>object</kind>
         <file>HAL_FLASH.obj</file>
         <name>HAL_FLASH.obj</name>
      </input_file>
      <input_file id="fl-19">
         <path>.\F5xx_F6xx_Core_Lib\</path>
         <kind>object</kind>
         <file>HAL_PMAP.obj</file>
         <name>HAL_PMAP.obj</name>
      </input_file>
      <input_file id="fl-1a">
         <path>.\F5xx_F6xx_Core_Lib\</path>
         <kind>object</kind>
         <file>HAL_PMM.obj</file>
         <name>HAL_PMM.obj</name>
      </input_file>
      <input_file id="fl-1b">
         <path>.\F5xx_F6xx_Core_Lib\</path>
         <kind>object</kind>
         <file>HAL_TLV.obj</file>
         <name>HAL_TLV.obj</name>
      </input_file>
      <input_file id="fl-1c">
         <path>.\F5xx_F6xx_Core_Lib\</path>
         <kind>object</kind>
         <file>HAL_UCS.obj</file>
         <name>HAL_UCS.obj</name>
      </input_file>
      <input_file id="fl-4a">
         <path>c:\ti\ccsv6\tools\compiler\msp430_4.1.9\lib\</path>
         <kind>archive</kind>
         <file>rts430_eabi.lib</file>
         <name>asr32.obj</name>
      </input_file>
      <input_file id="fl-4b">
         <path>c:\ti\ccsv6\tools\compiler\msp430_4.1.9\lib\</path>
         <kind>archive</kind>
         <file>rts430_eabi.lib</file>
         <name>boot.obj</name>
      </input_file>
      <input_file id="fl-4c">
         <path>c:\ti\ccsv6\tools\compiler\msp430_4.1.9\lib\</path>
         <kind>archive</kind>
         <file>rts430_eabi.lib</file>
         <name>copy_decompress_none.obj</name>
      </input_file>
      <input_file id="fl-4d">
         <path>c:\ti\ccsv6\tools\compiler\msp430_4.1.9\lib\</path>
         <kind>archive</kind>
         <file>rts430_eabi.lib</file>
         <name>copy_decompress_rle.obj</name>
      </input_file>
      <input_file id="fl-4e">
         <path>c:\ti\ccsv6\tools\compiler\msp430_4.1.9\lib\</path>
         <kind>archive</kind>
         <file>rts430_eabi.lib</file>
         <name>copy_zero_init.obj</name>
      </input_file>
      <input_file id="fl-4f">
         <path>c:\ti\ccsv6\tools\compiler\msp430_4.1.9\lib\</path>
         <kind>archive</kind>
         <file>rts430_eabi.lib</file>
         <name>div16s.obj</name>
      </input_file>
      <input_file id="fl-50">
         <path>c:\ti\ccsv6\tools\compiler\msp430_4.1.9\lib\</path>
         <kind>archive</kind>
         <file>rts430_eabi.lib</file>
         <name>div16u.obj</name>
      </input_file>
      <input_file id="fl-51">
         <path>c:\ti\ccsv6\tools\compiler\msp430_4.1.9\lib\</path>
         <kind>archive</kind>
         <file>rts430_eabi.lib</file>
         <name>div32s.obj</name>
      </input_file>
      <input_file id="fl-52">
         <path>c:\ti\ccsv6\tools\compiler\msp430_4.1.9\lib\</path>
         <kind>archive</kind>
         <file>rts430_eabi.lib</file>
         <name>div32u.obj</name>
      </input_file>
      <input_file id="fl-53">
         <path>c:\ti\ccsv6\tools\compiler\msp430_4.1.9\lib\</path>
         <kind>archive</kind>
         <file>rts430_eabi.lib</file>
         <name>epilog.obj</name>
      </input_file>
      <input_file id="fl-54">
         <path>c:\ti\ccsv6\tools\compiler\msp430_4.1.9\lib\</path>
         <kind>archive</kind>
         <file>rts430_eabi.lib</file>
         <name>exit.obj</name>
      </input_file>
      <input_file id="fl-55">
         <path>c:\ti\ccsv6\tools\compiler\msp430_4.1.9\lib\</path>
         <kind>archive</kind>
         <file>rts430_eabi.lib</file>
         <name>fs_add.obj</name>
      </input_file>
      <input_file id="fl-56">
         <path>c:\ti\ccsv6\tools\compiler\msp430_4.1.9\lib\</path>
         <kind>archive</kind>
         <file>rts430_eabi.lib</file>
         <name>fs_div.obj</name>
      </input_file>
      <input_file id="fl-57">
         <path>c:\ti\ccsv6\tools\compiler\msp430_4.1.9\lib\</path>
         <kind>archive</kind>
         <file>rts430_eabi.lib</file>
         <name>fs_itof.obj</name>
      </input_file>
      <input_file id="fl-58">
         <path>c:\ti\ccsv6\tools\compiler\msp430_4.1.9\lib\</path>
         <kind>archive</kind>
         <file>rts430_eabi.lib</file>
         <name>fs_mpy.obj</name>
      </input_file>
      <input_file id="fl-59">
         <path>c:\ti\ccsv6\tools\compiler\msp430_4.1.9\lib\</path>
         <kind>archive</kind>
         <file>rts430_eabi.lib</file>
         <name>fs_toi.obj</name>
      </input_file>
      <input_file id="fl-5a">
         <path>c:\ti\ccsv6\tools\compiler\msp430_4.1.9\lib\</path>
         <kind>archive</kind>
         <file>rts430_eabi.lib</file>
         <name>lsl16.obj</name>
      </input_file>
      <input_file id="fl-5b">
         <path>c:\ti\ccsv6\tools\compiler\msp430_4.1.9\lib\</path>
         <kind>archive</kind>
         <file>rts430_eabi.lib</file>
         <name>lsr16.obj</name>
      </input_file>
      <input_file id="fl-5c">
         <path>c:\ti\ccsv6\tools\compiler\msp430_4.1.9\lib\</path>
         <kind>archive</kind>
         <file>rts430_eabi.lib</file>
         <name>lsr32.obj</name>
      </input_file>
      <input_file id="fl-5d">
         <path>c:\ti\ccsv6\tools\compiler\msp430_4.1.9\lib\</path>
         <kind>archive</kind>
         <file>rts430_eabi.lib</file>
         <name>memcmp.obj</name>
      </input_file>
      <input_file id="fl-5e">
         <path>c:\ti\ccsv6\tools\compiler\msp430_4.1.9\lib\</path>
         <kind>archive</kind>
         <file>rts430_eabi.lib</file>
         <name>memcpy.obj</name>
      </input_file>
      <input_file id="fl-5f">
         <path>c:\ti\ccsv6\tools\compiler\msp430_4.1.9\lib\</path>
         <kind>archive</kind>
         <file>rts430_eabi.lib</file>
         <name>memmov.obj</name>
      </input_file>
      <input_file id="fl-60">
         <path>c:\ti\ccsv6\tools\compiler\msp430_4.1.9\lib\</path>
         <kind>archive</kind>
         <file>rts430_eabi.lib</file>
         <name>memset.obj</name>
      </input_file>
      <input_file id="fl-61">
         <path>c:\ti\ccsv6\tools\compiler\msp430_4.1.9\lib\</path>
         <kind>archive</kind>
         <file>rts430_eabi.lib</file>
         <name>mult16_f5hw.obj</name>
      </input_file>
      <input_file id="fl-62">
         <path>c:\ti\ccsv6\tools\compiler\msp430_4.1.9\lib\</path>
         <kind>archive</kind>
         <file>rts430_eabi.lib</file>
         <name>mult32_f5hw.obj</name>
      </input_file>
      <input_file id="fl-63">
         <path>c:\ti\ccsv6\tools\compiler\msp430_4.1.9\lib\</path>
         <kind>archive</kind>
         <file>rts430_eabi.lib</file>
         <name>pre_init.obj</name>
      </input_file>
      <input_file id="fl-64">
         <path>c:\ti\ccsv6\tools\compiler\msp430_4.1.9\lib\</path>
         <kind>archive</kind>
         <file>rts430_eabi.lib</file>
         <name>_lock.obj</name>
      </input_file>
      <input_file id="fl-65">
         <path>c:\ti\ccsv6\tools\compiler\msp430_4.1.9\lib\</path>
         <kind>archive</kind>
         <file>rts430_eabi.lib</file>
         <name>args_main.obj</name>
      </input_file>
      <input_file id="fl-66">
         <path>c:\ti\ccsv6\tools\compiler\msp430_4.1.9\lib\</path>
         <kind>archive</kind>
         <file>rts430_eabi.lib</file>
         <name>autoinit.obj</name>
      </input_file>
   </input_file_list>
   <object_component_list>
      <object_component id="oc-a3">
         <name>.stack</name>
         <uninitialized>true</uninitialized>
         <run_address>0x2bac</run_address>
         <size>0x2</size>
         <input_file_ref idref="fl-4b"/>
      </object_component>
      <object_component id="oc-79a">
         <name>.stack</name>
         <uninitialized>true</uninitialized>
         <run_address>0x2bac</run_address>
         <size>0x0</size>
      </object_component>
      <object_component id="oc-126">
         <name>.text:Base</name>
         <load_address>0x8000</load_address>
         <run_address>0x8000</run_address>
         <size>0x294</size>
         <input_file_ref idref="fl-2"/>
      </object_component>
      <object_component id="oc-1fd">
         <name>.text:UpdateNodeInfoOnLcd</name>
         <load_address>0x8294</load_address>
         <run_address>0x8294</run_address>
         <size>0x1f6</size>
         <input_file_ref idref="fl-2"/>
      </object_component>
      <object_component id="oc-2a7">
         <name>.text:MRFI_Init</name>
         <load_address>0x848a</load_address>
         <run_address>0x848a</run_address>
         <size>0x1de</size>
         <input_file_ref idref="fl-10"/>
      </object_component>
      <object_component id="oc-679">
         <name>.text:smpl_send_link_reply</name>
         <load_address>0x8668</load_address>
         <run_address>0x8668</run_address>
         <size>0x1a6</size>
         <input_file_ref idref="fl-7"/>
      </object_component>
      <object_component id="oc-45c">
         <name>.text:nwk_QfindOldest</name>
         <load_address>0x880e</load_address>
         <run_address>0x880e</run_address>
         <size>0x16c</size>
         <input_file_ref idref="fl-c"/>
      </object_component>
      <object_component id="oc-25f">
         <name>.text:dispatchFrame</name>
         <load_address>0x897a</load_address>
         <run_address>0x897a</run_address>
         <size>0x150</size>
         <input_file_ref idref="fl-e"/>
      </object_component>
      <object_component id="oc-312">
         <name>.text:SMPL_Ioctl</name>
         <load_address>0x8aca</load_address>
         <run_address>0x8aca</run_address>
         <size>0x144</size>
         <input_file_ref idref="fl-d"/>
      </object_component>
      <object_component id="oc-29a">
         <name>.text</name>
         <load_address>0x8c0e</load_address>
         <run_address>0x8c0e</run_address>
         <size>0x130</size>
         <input_file_ref idref="fl-55"/>
      </object_component>
      <object_component id="oc-5c5">
         <name>.text:nwk_scanForChannels</name>
         <load_address>0x8d3e</load_address>
         <run_address>0x8d3e</run_address>
         <size>0x10e</size>
         <input_file_ref idref="fl-4"/>
      </object_component>
      <object_component id="oc-686">
         <name>.text:smpl_send_join_reply</name>
         <load_address>0x8e4c</load_address>
         <run_address>0x8e4c</run_address>
         <size>0x10c</size>
         <input_file_ref idref="fl-6"/>
      </object_component>
      <object_component id="oc-f4">
         <name>.text:Mrfi_SyncPinRxIsr</name>
         <load_address>0x8f58</load_address>
         <run_address>0x8f58</run_address>
         <size>0xf6</size>
         <input_file_ref idref="fl-10"/>
      </object_component>
      <object_component id="oc-630">
         <name>.text:Init_FLL</name>
         <load_address>0x904e</load_address>
         <run_address>0x904e</run_address>
         <size>0xe8</size>
         <input_file_ref idref="fl-1c"/>
      </object_component>
      <object_component id="oc-6d3">
         <name>.text:nwk_allocateLocalRxPort</name>
         <load_address>0x9136</load_address>
         <run_address>0x9136</run_address>
         <size>0xe2</size>
         <input_file_ref idref="fl-b"/>
      </object_component>
      <object_component id="oc-61e">
         <name>.text:SetVCoreUp</name>
         <load_address>0x9218</load_address>
         <run_address>0x9218</run_address>
         <size>0xd4</size>
         <input_file_ref idref="fl-1a"/>
      </object_component>
      <object_component id="oc-1b1">
         <name>.text:HalAdcInit</name>
         <load_address>0x92ec</load_address>
         <run_address>0x92ec</run_address>
         <size>0xd0</size>
         <input_file_ref idref="fl-13"/>
      </object_component>
      <object_component id="oc-60c">
         <name>.text:MRFI_Transmit</name>
         <load_address>0x93bc</load_address>
         <run_address>0x93bc</run_address>
         <size>0xca</size>
         <input_file_ref idref="fl-10"/>
      </object_component>
      <object_component id="oc-295">
         <name>.text</name>
         <load_address>0x9486</load_address>
         <run_address>0x9486</run_address>
         <size>0xc2</size>
         <input_file_ref idref="fl-58"/>
      </object_component>
      <object_component id="oc-30b">
         <name>.text:nwk_retrieveFrame</name>
         <load_address>0x9548</load_address>
         <run_address>0x9548</run_address>
         <size>0xb2</size>
         <input_file_ref idref="fl-e"/>
      </object_component>
      <object_component id="oc-4a5">
         <name>.text:nwk_radioControl</name>
         <load_address>0x95fa</load_address>
         <run_address>0x95fa</run_address>
         <size>0xa6</size>
         <input_file_ref idref="fl-5"/>
      </object_component>
      <object_component id="oc-707">
         <name>.text:nwk_SendEmptyPollRspFrame</name>
         <load_address>0x96a0</load_address>
         <run_address>0x96a0</run_address>
         <size>0xa2</size>
         <input_file_ref idref="fl-e"/>
      </object_component>
      <object_component id="oc-380">
         <name>.text:isDupSandFFrame</name>
         <load_address>0x9742</load_address>
         <run_address>0x9742</run_address>
         <size>0xa0</size>
         <input_file_ref idref="fl-e"/>
      </object_component>
      <object_component id="oc-5bd">
         <name>.text:nwk_buildFrame</name>
         <load_address>0x97e2</load_address>
         <run_address>0x97e2</run_address>
         <size>0x9e</size>
         <input_file_ref idref="fl-e"/>
      </object_component>
      <object_component id="oc-51a">
         <name>.text:nwk_sendAckReply</name>
         <load_address>0x9880</load_address>
         <run_address>0x9880</run_address>
         <size>0x9c</size>
         <input_file_ref idref="fl-e"/>
      </object_component>
      <object_component id="oc-209">
         <name>.text:HalAdcConvertTempVcc</name>
         <load_address>0x991c</load_address>
         <run_address>0x991c</run_address>
         <size>0x9a</size>
         <input_file_ref idref="fl-13"/>
      </object_component>
      <object_component id="oc-624">
         <name>.text:SetVCoreDown</name>
         <load_address>0x99b6</load_address>
         <run_address>0x99b6</run_address>
         <size>0x9a</size>
         <input_file_ref idref="fl-1a"/>
      </object_component>
      <object_component id="oc-386">
         <name>.text:nwk_isConnectionValid</name>
         <load_address>0x9a50</load_address>
         <run_address>0x9a50</run_address>
         <size>0x9a</size>
         <input_file_ref idref="fl-b"/>
      </object_component>
      <object_component id="oc-290">
         <name>.text</name>
         <load_address>0x9aea</load_address>
         <run_address>0x9aea</run_address>
         <size>0x9a</size>
         <input_file_ref idref="fl-56"/>
      </object_component>
      <object_component id="oc-177">
         <name>.text:mrfiRadioInterfaceCmdStrobe</name>
         <load_address>0x9b84</load_address>
         <run_address>0x9b84</run_address>
         <size>0x94</size>
         <input_file_ref idref="fl-10"/>
      </object_component>
      <object_component id="oc-1f1">
         <name>.text:processMessage</name>
         <load_address>0x9c18</load_address>
         <run_address>0x9c18</run_address>
         <size>0x92</size>
         <input_file_ref idref="fl-2"/>
      </object_component>
      <object_component id="oc-696">
         <name>.text:send_poll_reply</name>
         <load_address>0x9caa</load_address>
         <run_address>0x9caa</run_address>
         <size>0x88</size>
         <input_file_ref idref="fl-8"/>
      </object_component>
      <object_component id="oc-253">
         <name>.text:nwk_QfindSlot</name>
         <load_address>0x9d32</load_address>
         <run_address>0x9d32</run_address>
         <size>0x86</size>
         <input_file_ref idref="fl-c"/>
      </object_component>
      <object_component id="oc-2ad">
         <name>.text:nwk_nwkInit</name>
         <load_address>0x9db8</load_address>
         <run_address>0x9db8</run_address>
         <size>0x86</size>
         <input_file_ref idref="fl-b"/>
      </object_component>
      <object_component id="oc-701">
         <name>.text:nwk_getSandFFrame</name>
         <load_address>0x9e3e</load_address>
         <run_address>0x9e3e</run_address>
         <size>0x7c</size>
         <input_file_ref idref="fl-e"/>
      </object_component>
      <object_component id="oc-80">
         <name>.text:MRFI_RadioIsr</name>
         <load_address>0x9eba</load_address>
         <run_address>0x9eba</run_address>
         <size>0x78</size>
         <input_file_ref idref="fl-10"/>
      </object_component>
      <object_component id="oc-1e5">
         <name>.text:SMPL_LinkListen</name>
         <load_address>0x9f32</load_address>
         <run_address>0x9f32</run_address>
         <size>0x76</size>
         <input_file_ref idref="fl-d"/>
      </object_component>
      <object_component id="oc-6ed">
         <name>.text:nwk_saveJoinedDevice</name>
         <load_address>0x9fa8</load_address>
         <run_address>0x9fa8</run_address>
         <size>0x6e</size>
         <input_file_ref idref="fl-b"/>
      </object_component>
      <object_component id="oc-1cd">
         <name>.text:HalLcdPrint7SegScroll</name>
         <load_address>0xa016</load_address>
         <run_address>0xa016</run_address>
         <size>0x68</size>
         <input_file_ref idref="fl-15"/>
      </object_component>
      <object_component id="oc-331">
         <name>.text</name>
         <load_address>0xa07e</load_address>
         <run_address>0xa07e</run_address>
         <size>0x68</size>
         <input_file_ref idref="fl-59"/>
      </object_component>
      <object_component id="oc-67f">
         <name>.text:smpl_send_unlink_reply</name>
         <load_address>0xa0e6</load_address>
         <run_address>0xa0e6</run_address>
         <size>0x68</size>
         <input_file_ref idref="fl-7"/>
      </object_component>
      <object_component id="oc-157">
         <name>.text:mrfiRadioInterfaceReadRxFifo</name>
         <load_address>0xa14e</load_address>
         <run_address>0xa14e</run_address>
         <size>0x60</size>
         <input_file_ref idref="fl-10"/>
      </object_component>
      <object_component id="oc-cd">
         <name>.text:__TI_decompress_rle_core</name>
         <load_address>0xa1ae</load_address>
         <run_address>0xa1ae</run_address>
         <size>0x5e</size>
         <input_file_ref idref="fl-4d"/>
      </object_component>
      <object_component id="oc-ab">
         <name>.text:_auto_init</name>
         <load_address>0xa20c</load_address>
         <run_address>0xa20c</run_address>
         <size>0x5e</size>
         <input_file_ref idref="fl-66"/>
      </object_component>
      <object_component id="oc-5d1">
         <name>.text:broadcast_channel_change</name>
         <load_address>0xa26a</load_address>
         <run_address>0xa26a</run_address>
         <size>0x5e</size>
         <input_file_ref idref="fl-4"/>
      </object_component>
      <object_component id="oc-1df">
         <name>.text:HalLcdPrint7Seg</name>
         <load_address>0xa2c8</load_address>
         <run_address>0xa2c8</run_address>
         <size>0x5c</size>
         <input_file_ref idref="fl-15"/>
      </object_component>
      <object_component id="oc-33b">
         <name>.text:l_lsr_const</name>
         <load_address>0xa324</load_address>
         <run_address>0xa324</run_address>
         <size>0x5c</size>
         <input_file_ref idref="fl-5c"/>
      </object_component>
      <object_component id="oc-9c">
         <name>.text:USCI_A0_ISR</name>
         <load_address>0xa380</load_address>
         <run_address>0xa380</run_address>
         <size>0x58</size>
         <input_file_ref idref="fl-17"/>
      </object_component>
      <object_component id="oc-3df">
         <name>.text</name>
         <load_address>0xa3d8</load_address>
         <run_address>0xa3d8</run_address>
         <size>0x58</size>
         <input_file_ref idref="fl-52"/>
      </object_component>
      <object_component id="oc-68f">
         <name>.text:send_ping_reply</name>
         <load_address>0xa430</load_address>
         <run_address>0xa430</run_address>
         <size>0x56</size>
         <input_file_ref idref="fl-4"/>
      </object_component>
      <object_component id="oc-1a5">
         <name>.text:HalLcdInit</name>
         <load_address>0xa486</load_address>
         <run_address>0xa486</run_address>
         <size>0x54</size>
         <input_file_ref idref="fl-15"/>
      </object_component>
      <object_component id="oc-8e">
         <name>.text:Port2_ISR</name>
         <load_address>0xa4da</load_address>
         <run_address>0xa4da</run_address>
         <size>0x54</size>
         <input_file_ref idref="fl-14"/>
      </object_component>
      <object_component id="oc-4ab">
         <name>.text:nwk_rawSend</name>
         <load_address>0xa52e</load_address>
         <run_address>0xa52e</run_address>
         <size>0x54</size>
         <input_file_ref idref="fl-5"/>
      </object_component>
      <object_component id="oc-326">
         <name>.text:HalLcdBar</name>
         <load_address>0xa582</load_address>
         <run_address>0xa582</run_address>
         <size>0x52</size>
         <input_file_ref idref="fl-15"/>
      </object_component>
      <object_component id="oc-1eb">
         <name>.text:SMPL_Receive</name>
         <load_address>0xa5d4</load_address>
         <run_address>0xa5d4</run_address>
         <size>0x50</size>
         <input_file_ref idref="fl-d"/>
      </object_component>
      <object_component id="oc-6cd">
         <name>.text:nwk_getNextConnection</name>
         <load_address>0xa624</load_address>
         <run_address>0xa624</run_address>
         <size>0x50</size>
         <input_file_ref idref="fl-b"/>
      </object_component>
      <object_component id="oc-3b1">
         <name>.text:Bsp_SetClocks</name>
         <load_address>0xa674</load_address>
         <run_address>0xa674</run_address>
         <size>0x4e</size>
         <input_file_ref idref="fl-11"/>
      </object_component>
      <object_component id="oc-6e0">
         <name>.text:nwk_findPeer</name>
         <load_address>0xa6c2</load_address>
         <run_address>0xa6c2</run_address>
         <size>0x4c</size>
         <input_file_ref idref="fl-b"/>
      </object_component>
      <object_component id="oc-39f">
         <name>.text</name>
         <load_address>0xa70e</load_address>
         <run_address>0xa70e</run_address>
         <size>0x4c</size>
         <input_file_ref idref="fl-5b"/>
      </object_component>
      <object_component id="oc-79">
         <name>.text:RTC_ISR</name>
         <load_address>0xa75a</load_address>
         <run_address>0xa75a</run_address>
         <size>0x4a</size>
         <input_file_ref idref="fl-2"/>
      </object_component>
      <object_component id="oc-6c7">
         <name>.text:nwk_findAlreadyJoined</name>
         <load_address>0xa7a4</load_address>
         <run_address>0xa7a4</run_address>
         <size>0x48</size>
         <input_file_ref idref="fl-b"/>
      </object_component>
      <object_component id="oc-6c1">
         <name>.text:nwk_isLinkDuplicate</name>
         <load_address>0xa7ec</load_address>
         <run_address>0xa7ec</run_address>
         <size>0x48</size>
         <input_file_ref idref="fl-b"/>
      </object_component>
      <object_component id="oc-4fd">
         <name>.text:nwk_processMgmt</name>
         <load_address>0xa834</load_address>
         <run_address>0xa834</run_address>
         <size>0x48</size>
         <input_file_ref idref="fl-8"/>
      </object_component>
      <object_component id="oc-165">
         <name>.text:Mrfi_RxAddrIsFiltered</name>
         <load_address>0xa87c</load_address>
         <run_address>0xa87c</run_address>
         <size>0x46</size>
         <input_file_ref idref="fl-10"/>
      </object_component>
      <object_component id="oc-151">
         <name>.text:mrfiRadioInterfaceReadReg</name>
         <load_address>0xa8c2</load_address>
         <run_address>0xa8c2</run_address>
         <size>0x46</size>
         <input_file_ref idref="fl-10"/>
      </object_component>
      <object_component id="oc-670">
         <name>.text:smpl_send_ping_reply</name>
         <load_address>0xa908</load_address>
         <run_address>0xa908</run_address>
         <size>0x46</size>
         <input_file_ref idref="fl-9"/>
      </object_component>
      <object_component id="oc-52a">
         <name>.text:SetVCore</name>
         <load_address>0xa94e</load_address>
         <run_address>0xa94e</run_address>
         <size>0x42</size>
         <input_file_ref idref="fl-1a"/>
      </object_component>
      <object_component id="oc-4b7">
         <name>.text:nwk_freqControl</name>
         <load_address>0xa990</load_address>
         <run_address>0xa990</run_address>
         <size>0x40</size>
         <input_file_ref idref="fl-4"/>
      </object_component>
      <object_component id="oc-37a">
         <name>.text:nwk_isSandFClient</name>
         <load_address>0xa9d0</load_address>
         <run_address>0xa9d0</run_address>
         <size>0x40</size>
         <input_file_ref idref="fl-6"/>
      </object_component>
      <object_component id="oc-718">
         <name>.text:initializeConnection</name>
         <load_address>0xaa10</load_address>
         <run_address>0xaa10</run_address>
         <size>0x3e</size>
         <input_file_ref idref="fl-b"/>
      </object_component>
      <object_component id="oc-4eb">
         <name>.text:nwk_processJoin</name>
         <load_address>0xaa4e</load_address>
         <run_address>0xaa4e</run_address>
         <size>0x3e</size>
         <input_file_ref idref="fl-6"/>
      </object_component>
      <object_component id="oc-662">
         <name>.text:MRFI_ReplyDelay</name>
         <load_address>0xaa8c</load_address>
         <run_address>0xaa8c</run_address>
         <size>0x3c</size>
         <input_file_ref idref="fl-10"/>
      </object_component>
      <object_component id="oc-6e7">
         <name>.text:nwk_putNumObjectIntoMsg</name>
         <load_address>0xaac8</load_address>
         <run_address>0xaac8</run_address>
         <size>0x3c</size>
         <input_file_ref idref="fl-b"/>
      </object_component>
      <object_component id="oc-531">
         <name>.text:Init_FLL_Settle</name>
         <load_address>0xab04</load_address>
         <run_address>0xab04</run_address>
         <size>0x3a</size>
         <input_file_ref idref="fl-1c"/>
      </object_component>
      <object_component id="oc-1c6">
         <name>.text:SMPL_Init</name>
         <load_address>0xab3e</load_address>
         <run_address>0xab3e</run_address>
         <size>0x3a</size>
         <input_file_ref idref="fl-d"/>
      </object_component>
      <object_component id="oc-5e8">
         <name>.text:handleLinkRequest</name>
         <load_address>0xab78</load_address>
         <run_address>0xab78</run_address>
         <size>0x3a</size>
         <input_file_ref idref="fl-7"/>
      </object_component>
      <object_component id="oc-2e6">
         <name>.text:nwk_getLocalLinkID</name>
         <load_address>0xabb2</load_address>
         <run_address>0xabb2</run_address>
         <size>0x3a</size>
         <input_file_ref idref="fl-7"/>
      </object_component>
      <object_component id="oc-5da">
         <name>.text:nwk_isValidReply</name>
         <load_address>0xabec</load_address>
         <run_address>0xabec</run_address>
         <size>0x3a</size>
         <input_file_ref idref="fl-b"/>
      </object_component>
      <object_component id="oc-40b">
         <name>.text:nwk_joinInit</name>
         <load_address>0xac26</load_address>
         <run_address>0xac26</run_address>
         <size>0x3a</size>
         <input_file_ref idref="fl-6"/>
      </object_component>
      <object_component id="oc-4f7">
         <name>.text:nwk_processFreq</name>
         <load_address>0xac60</load_address>
         <run_address>0xac60</run_address>
         <size>0x3a</size>
         <input_file_ref idref="fl-4"/>
      </object_component>
      <object_component id="oc-36e">
         <name>.text:nwk_replayFrame</name>
         <load_address>0xac9a</load_address>
         <run_address>0xac9a</run_address>
         <size>0x3a</size>
         <input_file_ref idref="fl-e"/>
      </object_component>
      <object_component id="oc-28b">
         <name>.text</name>
         <load_address>0xacd4</load_address>
         <run_address>0xacd4</run_address>
         <size>0x36</size>
         <input_file_ref idref="fl-57"/>
      </object_component>
      <object_component id="oc-87">
         <name>.text:ADC12_ISR</name>
         <load_address>0xad0a</load_address>
         <run_address>0xad0a</run_address>
         <size>0x34</size>
         <input_file_ref idref="fl-13"/>
      </object_component>
      <object_component id="oc-267">
         <name>.text:mrfiRadioInterfaceWriteReg</name>
         <load_address>0xad3e</load_address>
         <run_address>0xad3e</run_address>
         <size>0x34</size>
         <input_file_ref idref="fl-10"/>
      </object_component>
      <object_component id="oc-69f">
         <name>.text:mrfiRadioInterfaceWriteTxFifo</name>
         <load_address>0xad72</load_address>
         <run_address>0xad72</run_address>
         <size>0x34</size>
         <input_file_ref idref="fl-10"/>
      </object_component>
      <object_component id="oc-35a">
         <name>.text:nwk_QadjustOrder</name>
         <load_address>0xada6</load_address>
         <run_address>0xada6</run_address>
         <size>0x34</size>
         <input_file_ref idref="fl-c"/>
      </object_component>
      <object_component id="oc-499">
         <name>.text:nwk_deviceAddress</name>
         <load_address>0xadda</load_address>
         <run_address>0xadda</run_address>
         <size>0x34</size>
         <input_file_ref idref="fl-5"/>
      </object_component>
      <object_component id="oc-3c8">
         <name>.text:MRFI_SetLogicalChannel</name>
         <load_address>0xae0e</load_address>
         <run_address>0xae0e</run_address>
         <size>0x32</size>
         <input_file_ref idref="fl-10"/>
      </object_component>
      <object_component id="oc-2ff">
         <name>.text:nwk_getConnInfo</name>
         <load_address>0xae40</load_address>
         <run_address>0xae40</run_address>
         <size>0x32</size>
         <input_file_ref idref="fl-b"/>
      </object_component>
      <object_component id="oc-417">
         <name>.text:nwk_linkInit</name>
         <load_address>0xae72</load_address>
         <run_address>0xae72</run_address>
         <size>0x32</size>
         <input_file_ref idref="fl-7"/>
      </object_component>
      <object_component id="oc-6b3">
         <name>.text:Mrfi_DelayUsecSem</name>
         <load_address>0xaea4</load_address>
         <run_address>0xaea4</run_address>
         <size>0x30</size>
         <input_file_ref idref="fl-10"/>
      </object_component>
      <object_component id="oc-454">
         <name>.text:map_lid2idx</name>
         <load_address>0xaed4</load_address>
         <run_address>0xaed4</run_address>
         <size>0x30</size>
         <input_file_ref idref="fl-b"/>
      </object_component>
      <object_component id="oc-4df">
         <name>.text:nwk_processPing</name>
         <load_address>0xaf04</load_address>
         <run_address>0xaf04</run_address>
         <size>0x30</size>
         <input_file_ref idref="fl-9"/>
      </object_component>
      <object_component id="oc-4b1">
         <name>.text:nwk_rawReceive</name>
         <load_address>0xaf34</load_address>
         <run_address>0xaf34</run_address>
         <size>0x30</size>
         <input_file_ref idref="fl-5"/>
      </object_component>
      <object_component id="oc-505">
         <name>.text:nwk_sendFrame</name>
         <load_address>0xaf64</load_address>
         <run_address>0xaf64</run_address>
         <size>0x30</size>
         <input_file_ref idref="fl-e"/>
      </object_component>
      <object_component id="oc-e2">
         <name>.text:HalLcdUpdateScrolling</name>
         <load_address>0xaf94</load_address>
         <run_address>0xaf94</run_address>
         <size>0x2e</size>
         <input_file_ref idref="fl-15"/>
      </object_component>
      <object_component id="oc-1ab">
         <name>.text:HalUartInit</name>
         <load_address>0xafc2</load_address>
         <run_address>0xafc2</run_address>
         <size>0x2e</size>
         <input_file_ref idref="fl-17"/>
      </object_component>
      <object_component id="oc-16b">
         <name>.text:Mrfi_CalculateRssi</name>
         <load_address>0xaff0</load_address>
         <run_address>0xaff0</run_address>
         <size>0x2e</size>
         <input_file_ref idref="fl-10"/>
      </object_component>
      <object_component id="oc-4e5">
         <name>.text:nwk_processLink</name>
         <load_address>0xb01e</load_address>
         <run_address>0xb01e</run_address>
         <size>0x2e</size>
         <input_file_ref idref="fl-7"/>
      </object_component>
      <object_component id="oc-3d4">
         <name>.text:Mrfi_RxModeOff</name>
         <load_address>0xb04c</load_address>
         <run_address>0xb04c</run_address>
         <size>0x2c</size>
         <input_file_ref idref="fl-10"/>
      </object_component>
      <object_component id="oc-6fb">
         <name>.text:nwk_checkAppMsgTID</name>
         <load_address>0xb078</load_address>
         <run_address>0xb078</run_address>
         <size>0x2c</size>
         <input_file_ref idref="fl-b"/>
      </object_component>
      <object_component id="oc-24d">
         <name>.text</name>
         <load_address>0xb0a4</load_address>
         <run_address>0xb0a4</run_address>
         <size>0x2c</size>
         <input_file_ref idref="fl-4f"/>
      </object_component>
      <object_component id="oc-62b">
         <name>.text</name>
         <load_address>0xb0d0</load_address>
         <run_address>0xb0d0</run_address>
         <size>0x2c</size>
         <input_file_ref idref="fl-5a"/>
      </object_component>
      <object_component id="oc-26d">
         <name>.text:Mrfi_DelayUsec</name>
         <load_address>0xb0fc</load_address>
         <run_address>0xb0fc</run_address>
         <size>0x2a</size>
         <input_file_ref idref="fl-10"/>
      </object_component>
      <object_component id="oc-305">
         <name>.text:nwk_checkConnInfo</name>
         <load_address>0xb126</load_address>
         <run_address>0xb126</run_address>
         <size>0x2a</size>
         <input_file_ref idref="fl-b"/>
      </object_component>
      <object_component id="oc-3a4">
         <name>.text:BSP_Delay</name>
         <load_address>0xb150</load_address>
         <run_address>0xb150</run_address>
         <size>0x28</size>
         <input_file_ref idref="fl-11"/>
      </object_component>
      <object_component id="oc-65c">
         <name>.text:nwk_getAPAddress</name>
         <load_address>0xb178</load_address>
         <run_address>0xb178</run_address>
         <size>0x28</size>
         <input_file_ref idref="fl-f"/>
      </object_component>
      <object_component id="oc-6a5">
         <name>.text:Mrfi_RandomBackoffDelay</name>
         <load_address>0xb1a0</load_address>
         <run_address>0xb1a0</run_address>
         <size>0x26</size>
         <input_file_ref idref="fl-10"/>
      </object_component>
      <object_component id="oc-493">
         <name>.text:nwk_connectionControl</name>
         <load_address>0xb1c6</load_address>
         <run_address>0xb1c6</run_address>
         <size>0x26</size>
         <input_file_ref idref="fl-5"/>
      </object_component>
      <object_component id="oc-3f3">
         <name>.text:nwk_frameInit</name>
         <load_address>0xb1ec</load_address>
         <run_address>0xb1ec</run_address>
         <size>0x26</size>
         <input_file_ref idref="fl-e"/>
      </object_component>
      <object_component id="oc-3ed">
         <name>.text:nwk_globalsInit</name>
         <load_address>0xb212</load_address>
         <run_address>0xb212</run_address>
         <size>0x26</size>
         <input_file_ref idref="fl-f"/>
      </object_component>
      <object_component id="oc-5b6">
         <name>.text:MRFI_Rssi</name>
         <load_address>0xb238</load_address>
         <run_address>0xb238</run_address>
         <size>0x24</size>
         <input_file_ref idref="fl-10"/>
      </object_component>
      <object_component id="oc-2f8">
         <name>.text:MRFI_Sleep</name>
         <load_address>0xb25c</load_address>
         <run_address>0xb25c</run_address>
         <size>0x24</size>
         <input_file_ref idref="fl-10"/>
      </object_component>
      <object_component id="oc-27a">
         <name>.text:BSP_InitBoard</name>
         <load_address>0xb280</load_address>
         <run_address>0xb280</run_address>
         <size>0x22</size>
         <input_file_ref idref="fl-11"/>
      </object_component>
      <object_component id="oc-320">
         <name>.text:ConvertVccToLevel</name>
         <load_address>0xb2a2</load_address>
         <run_address>0xb2a2</run_address>
         <size>0x22</size>
         <input_file_ref idref="fl-2"/>
      </object_component>
      <object_component id="oc-2bf">
         <name>.text:MRFI_RxOn</name>
         <load_address>0xb2c4</load_address>
         <run_address>0xb2c4</run_address>
         <size>0x22</size>
         <input_file_ref idref="fl-10"/>
      </object_component>
      <object_component id="oc-2b3">
         <name>.text:MRFI_WakeUp</name>
         <load_address>0xb2e6</load_address>
         <run_address>0xb2e6</run_address>
         <size>0x22</size>
         <input_file_ref idref="fl-10"/>
      </object_component>
      <object_component id="oc-366">
         <name>.text:memcmp</name>
         <load_address>0xb308</load_address>
         <run_address>0xb308</run_address>
         <size>0x22</size>
         <input_file_ref idref="fl-5d"/>
      </object_component>
      <object_component id="oc-e8">
         <name>.text:HalAdcStartRead</name>
         <load_address>0xb32a</load_address>
         <run_address>0xb32a</run_address>
         <size>0x20</size>
         <input_file_ref idref="fl-13"/>
      </object_component>
      <object_component id="oc-171">
         <name>.text:MRFI_RxCompleteISR</name>
         <load_address>0xb34a</load_address>
         <run_address>0xb34a</run_address>
         <size>0x20</size>
         <input_file_ref idref="fl-e"/>
      </object_component>
      <object_component id="oc-2f2">
         <name>.text:MRFI_RxIdle</name>
         <load_address>0xb36a</load_address>
         <run_address>0xb36a</run_address>
         <size>0x20</size>
         <input_file_ref idref="fl-10"/>
      </object_component>
      <object_component id="oc-711">
         <name>.text:memmove</name>
         <load_address>0xb38a</load_address>
         <run_address>0xb38a</run_address>
         <size>0x20</size>
         <input_file_ref idref="fl-5f"/>
      </object_component>
      <object_component id="oc-336">
         <name>.text</name>
         <load_address>0xb3aa</load_address>
         <run_address>0xb3aa</run_address>
         <size>0x20</size>
         <input_file_ref idref="fl-62"/>
      </object_component>
      <object_component id="oc-3ce">
         <name>.text:MRFI_SetRFPwr</name>
         <load_address>0xb3ca</load_address>
         <run_address>0xb3ca</run_address>
         <size>0x1e</size>
         <input_file_ref idref="fl-10"/>
      </object_component>
      <object_component id="oc-3f9">
         <name>.text:nwk_QInit</name>
         <load_address>0xb3e8</load_address>
         <run_address>0xb3e8</run_address>
         <size>0x1e</size>
         <input_file_ref idref="fl-c"/>
      </object_component>
      <object_component id="oc-193">
         <name>.text:BSP_Init</name>
         <load_address>0xb406</load_address>
         <run_address>0xb406</run_address>
         <size>0x1c</size>
         <input_file_ref idref="fl-11"/>
      </object_component>
      <object_component id="oc-318">
         <name>.text:HalUartTxString</name>
         <load_address>0xb422</load_address>
         <run_address>0xb422</run_address>
         <size>0x1c</size>
         <input_file_ref idref="fl-17"/>
      </object_component>
      <object_component id="oc-2b9">
         <name>.text:nwk_setChannel</name>
         <load_address>0xb43e</load_address>
         <run_address>0xb43e</run_address>
         <size>0x1c</size>
         <input_file_ref idref="fl-4"/>
      </object_component>
      <object_component id="oc-5a8">
         <name>.text:nwk_setMyAddress</name>
         <load_address>0xb45a</load_address>
         <run_address>0xb45a</run_address>
         <size>0x1c</size>
         <input_file_ref idref="fl-f"/>
      </object_component>
      <object_component id="oc-95">
         <name>.text:WDT_ISR</name>
         <load_address>0xb476</load_address>
         <run_address>0xb476</run_address>
         <size>0x1a</size>
         <input_file_ref idref="fl-14"/>
      </object_component>
      <object_component id="oc-64">
         <name>.text:_c_int00_noexit</name>
         <load_address>0xb490</load_address>
         <run_address>0xb490</run_address>
         <size>0x1a</size>
         <input_file_ref idref="fl-4b"/>
      </object_component>
      <object_component id="oc-2ec">
         <name>.text:MRFI_DelayMs</name>
         <load_address>0xb4aa</load_address>
         <run_address>0xb4aa</run_address>
         <size>0x18</size>
         <input_file_ref idref="fl-10"/>
      </object_component>
      <object_component id="oc-1d3">
         <name>.text:SetupRtc</name>
         <load_address>0xb4c2</load_address>
         <run_address>0xb4c2</run_address>
         <size>0x18</size>
         <input_file_ref idref="fl-2"/>
      </object_component>
      <object_component id="oc-5ef">
         <name>.text:handleJoinRequest</name>
         <load_address>0xb4da</load_address>
         <run_address>0xb4da</run_address>
         <size>0x18</size>
         <input_file_ref idref="fl-6"/>
      </object_component>
      <object_component id="oc-411">
         <name>.text:nwk_mgmtInit</name>
         <load_address>0xb4f2</load_address>
         <run_address>0xb4f2</run_address>
         <size>0x18</size>
         <input_file_ref idref="fl-8"/>
      </object_component>
      <object_component id="oc-146">
         <name>.text:HalLcdPrint7SegScrollUpdate</name>
         <load_address>0xb50a</load_address>
         <run_address>0xb50a</run_address>
         <size>0x16</size>
         <input_file_ref idref="fl-15"/>
      </object_component>
      <object_component id="oc-55f">
         <name>.text:MRFI_RandomByte</name>
         <load_address>0xb520</load_address>
         <run_address>0xb520</run_address>
         <size>0x16</size>
         <input_file_ref idref="fl-10"/>
      </object_component>
      <object_component id="oc-430">
         <name>.text:Mrfi_RxModeOn</name>
         <load_address>0xb536</load_address>
         <run_address>0xb536</run_address>
         <size>0x16</size>
         <input_file_ref idref="fl-10"/>
      </object_component>
      <object_component id="oc-3ff">
         <name>.text:nwk_freqInit</name>
         <load_address>0xb54c</load_address>
         <run_address>0xb54c</run_address>
         <size>0x16</size>
         <input_file_ref idref="fl-4"/>
      </object_component>
      <object_component id="oc-351">
         <name>.text</name>
         <load_address>0xb562</load_address>
         <run_address>0xb562</run_address>
         <size>0x16</size>
         <input_file_ref idref="fl-50"/>
      </object_component>
      <object_component id="oc-1c0">
         <name>.text:sCB</name>
         <load_address>0xb578</load_address>
         <run_address>0xb578</run_address>
         <size>0x16</size>
         <input_file_ref idref="fl-2"/>
      </object_component>
      <object_component id="oc-6f">
         <name>.text:decompress:ZI:__TI_zero_init</name>
         <load_address>0xb58e</load_address>
         <run_address>0xb58e</run_address>
         <size>0x14</size>
         <input_file_ref idref="fl-4e"/>
      </object_component>
      <object_component id="oc-463">
         <name>.text:ioctlPreInitAccessIsOK</name>
         <load_address>0xb5a2</load_address>
         <run_address>0xb5a2</run_address>
         <size>0x14</size>
         <input_file_ref idref="fl-d"/>
      </object_component>
      <object_component id="oc-160">
         <name>.text:memset</name>
         <load_address>0xb5b6</load_address>
         <run_address>0xb5b6</run_address>
         <size>0x14</size>
         <input_file_ref idref="fl-60"/>
      </object_component>
      <object_component id="oc-49f">
         <name>.text:nwk_joinContext</name>
         <load_address>0xb5ca</load_address>
         <run_address>0xb5ca</run_address>
         <size>0x14</size>
         <input_file_ref idref="fl-5"/>
      </object_component>
      <object_component id="oc-3e4">
         <name>.text</name>
         <load_address>0xb5de</load_address>
         <run_address>0xb5de</run_address>
         <size>0x14</size>
         <input_file_ref idref="fl-61"/>
      </object_component>
      <object_component id="oc-199">
         <name>.text:HalButtonsInit</name>
         <load_address>0xb5f2</load_address>
         <run_address>0xb5f2</run_address>
         <size>0x12</size>
         <input_file_ref idref="fl-14"/>
      </object_component>
      <object_component id="oc-1f7">
         <name>.text:HalButtonsPressedIFG</name>
         <load_address>0xb604</load_address>
         <run_address>0xb604</run_address>
         <size>0x12</size>
         <input_file_ref idref="fl-14"/>
      </object_component>
      <object_component id="oc-6a">
         <name>.text:decompress:none:__TI_decompress_none</name>
         <load_address>0xb616</load_address>
         <run_address>0xb616</run_address>
         <size>0x12</size>
         <input_file_ref idref="fl-4c"/>
      </object_component>
      <object_component id="oc-5fd">
         <name>.text:handle_freq_cmd</name>
         <load_address>0xb628</load_address>
         <run_address>0xb628</run_address>
         <size>0x12</size>
         <input_file_ref idref="fl-4"/>
      </object_component>
      <object_component id="oc-bc">
         <name>.text:memcpy</name>
         <load_address>0xb63a</load_address>
         <run_address>0xb63a</run_address>
         <size>0x12</size>
         <input_file_ref idref="fl-5e"/>
      </object_component>
      <object_component id="oc-475">
         <name>.text:nwk_getJoinToken</name>
         <load_address>0xb64c</load_address>
         <run_address>0xb64c</run_address>
         <size>0x12</size>
         <input_file_ref idref="fl-6"/>
      </object_component>
      <object_component id="oc-469">
         <name>.text:nwk_getLinkToken</name>
         <load_address>0xb65e</load_address>
         <run_address>0xb65e</run_address>
         <size>0x12</size>
         <input_file_ref idref="fl-7"/>
      </object_component>
      <object_component id="oc-559">
         <name>.text:nwk_getMyAddress</name>
         <load_address>0xb670</load_address>
         <run_address>0xb670</run_address>
         <size>0x12</size>
         <input_file_ref idref="fl-f"/>
      </object_component>
      <object_component id="oc-47b">
         <name>.text:nwk_setJoinToken</name>
         <load_address>0xb682</load_address>
         <run_address>0xb682</run_address>
         <size>0x12</size>
         <input_file_ref idref="fl-6"/>
      </object_component>
      <object_component id="oc-46f">
         <name>.text:nwk_setLinkToken</name>
         <load_address>0xb694</load_address>
         <run_address>0xb694</run_address>
         <size>0x12</size>
         <input_file_ref idref="fl-7"/>
      </object_component>
      <object_component id="oc-107">
         <name>.text:HalButtonsStartWDT</name>
         <load_address>0xb6a6</load_address>
         <run_address>0xb6a6</run_address>
         <size>0x10</size>
         <input_file_ref idref="fl-14"/>
      </object_component>
      <object_component id="oc-3da">
         <name>.text:l_asr</name>
         <load_address>0xb6b6</load_address>
         <run_address>0xb6b6</run_address>
         <size>0x10</size>
         <input_file_ref idref="fl-4a"/>
      </object_component>
      <object_component id="oc-513">
         <name>.text:nwk_getQ</name>
         <load_address>0xb6c6</load_address>
         <run_address>0xb6c6</run_address>
         <size>0x10</size>
         <input_file_ref idref="fl-c"/>
      </object_component>
      <object_component id="oc-120">
         <name>.text</name>
         <load_address>0xb6d6</load_address>
         <run_address>0xb6d6</run_address>
         <size>0x10</size>
         <input_file_ref idref="fl-53"/>
      </object_component>
      <object_component id="oc-19f">
         <name>.text:HalButtonsInterruptEnable</name>
         <load_address>0xb6e6</load_address>
         <run_address>0xb6e6</run_address>
         <size>0xe</size>
         <input_file_ref idref="fl-14"/>
      </object_component>
      <object_component id="oc-1d9">
         <name>.text:HalLcdPrintStopScrolling</name>
         <load_address>0xb6f4</load_address>
         <run_address>0xb6f4</run_address>
         <size>0xe</size>
         <input_file_ref idref="fl-15"/>
      </object_component>
      <object_component id="oc-259">
         <name>.text:MRFI_Receive</name>
         <load_address>0xb702</load_address>
         <run_address>0xb702</run_address>
         <size>0xe</size>
         <input_file_ref idref="fl-10"/>
      </object_component>
      <object_component id="oc-6bb">
         <name>.text:nwk_getNumObjectFromMsg</name>
         <load_address>0xb710</load_address>
         <run_address>0xb710</run_address>
         <size>0xe</size>
         <input_file_ref idref="fl-b"/>
      </object_component>
      <object_component id="oc-5af">
         <name>.text:nwk_setJoinContext</name>
         <load_address>0xb71e</load_address>
         <run_address>0xb71e</run_address>
         <size>0xe</size>
         <input_file_ref idref="fl-6"/>
      </object_component>
      <object_component id="oc-2e0">
         <name>.text:nwk_setListenContext</name>
         <load_address>0xb72c</load_address>
         <run_address>0xb72c</run_address>
         <size>0xe</size>
         <input_file_ref idref="fl-7"/>
      </object_component>
      <object_component id="oc-520">
         <name>.text:MRFI_PostKillSem</name>
         <load_address>0xb73a</load_address>
         <run_address>0xb73a</run_address>
         <size>0xc</size>
         <input_file_ref idref="fl-10"/>
      </object_component>
      <object_component id="oc-5e0">
         <name>.text:handlePingRequest</name>
         <load_address>0xb746</load_address>
         <run_address>0xb746</run_address>
         <size>0xc</size>
         <input_file_ref idref="fl-9"/>
      </object_component>
      <object_component id="oc-b0">
         <name>.text:main</name>
         <load_address>0xb752</load_address>
         <run_address>0xb752</run_address>
         <size>0xc</size>
         <input_file_ref idref="fl-3"/>
      </object_component>
      <object_component id="oc-604">
         <name>.text:smpl_send_mgmt_reply</name>
         <load_address>0xb75e</load_address>
         <run_address>0xb75e</run_address>
         <size>0xc</size>
         <input_file_ref idref="fl-8"/>
      </object_component>
      <object_component id="oc-3ab">
         <name>.text:Bsp_SetVCore</name>
         <load_address>0xb76a</load_address>
         <run_address>0xb76a</run_address>
         <size>0xa</size>
         <input_file_ref idref="fl-11"/>
      </object_component>
      <object_component id="oc-20f">
         <name>.text:HalAdcGetVcc</name>
         <load_address>0xb774</load_address>
         <run_address>0xb774</run_address>
         <size>0xa</size>
         <input_file_ref idref="fl-13"/>
      </object_component>
      <object_component id="oc-203">
         <name>.text:HalAdcJustUpdated</name>
         <load_address>0xb77e</load_address>
         <run_address>0xb77e</run_address>
         <size>0xa</size>
         <input_file_ref idref="fl-13"/>
      </object_component>
      <object_component id="oc-56f">
         <name>.text:generateLinkToken</name>
         <load_address>0xb788</load_address>
         <run_address>0xb788</run_address>
         <size>0xa</size>
         <input_file_ref idref="fl-6"/>
      </object_component>
      <object_component id="oc-405">
         <name>.text:nwk_pingInit</name>
         <load_address>0xb792</load_address>
         <run_address>0xb792</run_address>
         <size>0xa</size>
         <input_file_ref idref="fl-9"/>
      </object_component>
      <object_component id="oc-5cb">
         <name>.text:nwk_getChannel</name>
         <load_address>0xb79c</load_address>
         <run_address>0xb79c</run_address>
         <size>0x8</size>
         <input_file_ref idref="fl-4"/>
      </object_component>
      <object_component id="oc-6f3">
         <name>.text:nwk_resetSFMarker</name>
         <load_address>0xb7a4</load_address>
         <run_address>0xb7a4</run_address>
         <size>0x8</size>
         <input_file_ref idref="fl-8"/>
      </object_component>
      <object_component id="oc-1b7">
         <name>.text:HalAdcSetQuitFromISR</name>
         <load_address>0xb7ac</load_address>
         <run_address>0xb7ac</run_address>
         <size>0x6</size>
         <input_file_ref idref="fl-13"/>
      </object_component>
      <object_component id="oc-dc">
         <name>.text:HalLcdIsScrolling</name>
         <load_address>0xb7b2</load_address>
         <run_address>0xb7b2</run_address>
         <size>0x6</size>
         <input_file_ref idref="fl-15"/>
      </object_component>
      <object_component id="oc-2da">
         <name>.text:MRFI_GetRadioState</name>
         <load_address>0xb7b8</load_address>
         <run_address>0xb7b8</run_address>
         <size>0x6</size>
         <input_file_ref idref="fl-10"/>
      </object_component>
      <object_component id="oc-74">
         <name>.text:decompress:rle24:__TI_decompress_rle24</name>
         <load_address>0xb7be</load_address>
         <run_address>0xb7be</run_address>
         <size>0x6</size>
         <input_file_ref idref="fl-4d"/>
      </object_component>
      <object_component id="oc-5a0">
         <name>.text:nwk_freeConnection</name>
         <load_address>0xb7c4</load_address>
         <run_address>0xb7c4</run_address>
         <size>0x6</size>
         <input_file_ref idref="fl-b"/>
      </object_component>
      <object_component id="oc-374">
         <name>.text:nwk_getBCastAddress</name>
         <load_address>0xb7ca</load_address>
         <run_address>0xb7ca</run_address>
         <size>0x6</size>
         <input_file_ref idref="fl-f"/>
      </object_component>
      <object_component id="oc-487">
         <name>.text:nwk_getFWVersion</name>
         <load_address>0xb7d0</load_address>
         <run_address>0xb7d0</run_address>
         <size>0x6</size>
         <input_file_ref idref="fl-f"/>
      </object_component>
      <object_component id="oc-6d9">
         <name>.text:nwk_getMyRxType</name>
         <load_address>0xb7d6</load_address>
         <run_address>0xb7d6</run_address>
         <size>0x6</size>
         <input_file_ref idref="fl-e"/>
      </object_component>
      <object_component id="oc-481">
         <name>.text:nwk_getProtocolVersion</name>
         <load_address>0xb7dc</load_address>
         <run_address>0xb7dc</run_address>
         <size>0x6</size>
         <input_file_ref idref="fl-f"/>
      </object_component>
      <object_component id="oc-575">
         <name>.text:nwk_getSFInfoPtr</name>
         <load_address>0xb7e2</load_address>
         <run_address>0xb7e2</run_address>
         <size>0x6</size>
         <input_file_ref idref="fl-b"/>
      </object_component>
      <object_component id="oc-a6">
         <name>.text:_system_pre_init</name>
         <load_address>0xb7e8</load_address>
         <run_address>0xb7e8</run_address>
         <size>0x4</size>
         <input_file_ref idref="fl-63"/>
      </object_component>
      <object_component id="oc-b6">
         <name>.text:abort</name>
         <load_address>0xb7ec</load_address>
         <run_address>0xb7ec</run_address>
         <size>0x4</size>
         <input_file_ref idref="fl-54"/>
      </object_component>
      <object_component id="oc-48d">
         <name>.text:nwk_NVObj</name>
         <load_address>0xb7f0</load_address>
         <run_address>0xb7f0</run_address>
         <size>0x4</size>
         <input_file_ref idref="fl-b"/>
      </object_component>
      <object_component id="oc-2c5">
         <name>.text:nwk_join</name>
         <load_address>0xb7f4</load_address>
         <run_address>0xb7f4</run_address>
         <size>0x4</size>
         <input_file_ref idref="fl-6"/>
      </object_component>
      <object_component id="oc-4f1">
         <name>.text:nwk_processSecurity</name>
         <load_address>0xb7f8</load_address>
         <run_address>0xb7f8</run_address>
         <size>0x4</size>
         <input_file_ref idref="fl-a"/>
      </object_component>
      <object_component id="oc-41d">
         <name>.text:nwk_securityInit</name>
         <load_address>0xb7fc</load_address>
         <run_address>0xb7fc</run_address>
         <size>0x2</size>
         <input_file_ref idref="fl-a"/>
      </object_component>
      <object_component id="oc-798">
         <name>.cinit..data.load</name>
         <load_address>0xb908</load_address>
         <run_address>0xb908</run_address>
         <size>0x36</size>
      </object_component>
      <object_component id="oc-795">
         <name>__TI_handler_table</name>
         <load_address>0xb93e</load_address>
         <run_address>0xb93e</run_address>
         <size>0x6</size>
      </object_component>
      <object_component id="oc-797">
         <name>.cinit..bss.load</name>
         <load_address>0xb944</load_address>
         <run_address>0xb944</run_address>
         <size>0x4</size>
      </object_component>
      <object_component id="oc-799">
         <name>.cinit..infoB.load</name>
         <load_address>0xb948</load_address>
         <run_address>0xb948</run_address>
         <size>0x4</size>
      </object_component>
      <object_component id="oc-796">
         <name>__TI_cinit_table</name>
         <load_address>0xb94c</load_address>
         <run_address>0xb94c</run_address>
         <size>0xc</size>
      </object_component>
      <object_component id="oc-2d6">
         <name>.const:.string:FontSevenSegment</name>
         <load_address>0xb7fe</load_address>
         <run_address>0xb7fe</run_address>
         <size>0x80</size>
         <input_file_ref idref="fl-15"/>
      </object_component>
      <object_component id="oc-3c5">
         <name>.const:mrfiRadioCfg</name>
         <load_address>0xb87e</load_address>
         <run_address>0xb87e</run_address>
         <size>0x40</size>
         <input_file_ref idref="fl-10"/>
      </object_component>
      <object_component id="oc-1cc">
         <name>.const:.string</name>
         <load_address>0xb8be</load_address>
         <run_address>0xb8be</run_address>
         <size>0x28</size>
         <input_file_ref idref="fl-2"/>
      </object_component>
      <object_component id="oc-36b">
         <name>.const:func</name>
         <load_address>0xb8e6</load_address>
         <run_address>0xb8e6</run_address>
         <size>0xc</size>
         <input_file_ref idref="fl-e"/>
      </object_component>
      <object_component id="oc-555">
         <name>.const</name>
         <load_address>0xb8f2</load_address>
         <run_address>0xb8f2</run_address>
         <size>0x9</size>
         <input_file_ref idref="fl-f"/>
      </object_component>
      <object_component id="oc-249">
         <name>.const:.string:mrfiBroadcastAddr</name>
         <load_address>0xb8fc</load_address>
         <run_address>0xb8fc</run_address>
         <size>0x4</size>
         <input_file_ref idref="fl-10"/>
      </object_component>
      <object_component id="oc-53c">
         <name>.const:.string:mrfiLogicalChanTable</name>
         <load_address>0xb900</load_address>
         <run_address>0xb900</run_address>
         <size>0x4</size>
         <input_file_ref idref="fl-10"/>
      </object_component>
      <object_component id="oc-540">
         <name>.const:.string:mrfiRFPowerTable</name>
         <load_address>0xb904</load_address>
         <run_address>0xb904</run_address>
         <size>0x3</size>
         <input_file_ref idref="fl-10"/>
      </object_component>
      <object_component id="oc-288">
         <name>.infoB</name>
         <uninitialized>true</uninitialized>
         <run_address>0x1900</run_address>
         <size>0x2</size>
         <input_file_ref idref="fl-13"/>
      </object_component>
      <object_component id="oc-7a">
         <name>.int46</name>
         <load_address>0xffdc</load_address>
         <run_address>0xffdc</run_address>
         <size>0x2</size>
         <input_file_ref idref="fl-2"/>
      </object_component>
      <object_component id="oc-8f">
         <name>.int48</name>
         <load_address>0xffe0</load_address>
         <run_address>0xffe0</run_address>
         <size>0x2</size>
         <input_file_ref idref="fl-14"/>
      </object_component>
      <object_component id="oc-81">
         <name>.int53</name>
         <load_address>0xffea</load_address>
         <run_address>0xffea</run_address>
         <size>0x2</size>
         <input_file_ref idref="fl-10"/>
      </object_component>
      <object_component id="oc-88">
         <name>.int56</name>
         <load_address>0xfff0</load_address>
         <run_address>0xfff0</run_address>
         <size>0x2</size>
         <input_file_ref idref="fl-13"/>
      </object_component>
      <object_component id="oc-9d">
         <name>.int58</name>
         <load_address>0xfff4</load_address>
         <run_address>0xfff4</run_address>
         <size>0x2</size>
         <input_file_ref idref="fl-17"/>
      </object_component>
      <object_component id="oc-96">
         <name>.int59</name>
         <load_address>0xfff6</load_address>
         <run_address>0xfff6</run_address>
         <size>0x2</size>
         <input_file_ref idref="fl-14"/>
      </object_component>
      <object_component id="oc-65">
         <name>.reset</name>
         <load_address>0xfffe</load_address>
         <run_address>0xfffe</run_address>
         <size>0x2</size>
         <input_file_ref idref="fl-4b"/>
      </object_component>
      <object_component id="oc-10f">
         <name>.bss</name>
         <uninitialized>true</uninitialized>
         <run_address>0x1d10</run_address>
         <size>0x14</size>
         <input_file_ref idref="fl-17"/>
      </object_component>
      <object_component id="oc-15d">
         <name>.bss</name>
         <uninitialized>true</uninitialized>
         <run_address>0x1cf8</run_address>
         <size>0x18</size>
         <input_file_ref idref="fl-10"/>
      </object_component>
      <object_component id="oc-1bd">
         <name>.bss</name>
         <uninitialized>true</uninitialized>
         <run_address>0x1cd0</run_address>
         <size>0x28</size>
         <input_file_ref idref="fl-2"/>
      </object_component>
      <object_component id="oc-285">
         <name>.bss</name>
         <uninitialized>true</uninitialized>
         <run_address>0x1d24</run_address>
         <size>0xc</size>
         <input_file_ref idref="fl-13"/>
      </object_component>
      <object_component id="oc-357">
         <name>.bss</name>
         <uninitialized>true</uninitialized>
         <run_address>0x1c00</run_address>
         <size>0xd0</size>
         <input_file_ref idref="fl-c"/>
      </object_component>
      <object_component id="oc-426">
         <name>.bss</name>
         <uninitialized>true</uninitialized>
         <run_address>0x1d40</run_address>
         <size>0x1</size>
         <input_file_ref idref="fl-4"/>
      </object_component>
      <object_component id="oc-448">
         <name>.bss</name>
         <uninitialized>true</uninitialized>
         <run_address>0x1d38</run_address>
         <size>0x8</size>
         <input_file_ref idref="fl-7"/>
      </object_component>
      <object_component id="oc-54f">
         <name>.bss</name>
         <uninitialized>true</uninitialized>
         <run_address>0x1d30</run_address>
         <size>0x8</size>
         <input_file_ref idref="fl-f"/>
      </object_component>
      <object_component id="oc-d9">
         <name>.data</name>
         <load_address>0x1e33</load_address>
         <run_address>0x1e33</run_address>
         <size>0xd</size>
         <input_file_ref idref="fl-2"/>
      </object_component>
      <object_component id="oc-100">
         <name>.data</name>
         <load_address>0x1e02</load_address>
         <run_address>0x1e02</run_address>
         <size>0x19</size>
         <input_file_ref idref="fl-13"/>
      </object_component>
      <object_component id="oc-104">
         <name>.data</name>
         <load_address>0x1e6f</load_address>
         <run_address>0x1e6f</run_address>
         <size>0x2</size>
         <input_file_ref idref="fl-14"/>
      </object_component>
      <object_component id="oc-142">
         <name>.data</name>
         <load_address>0x1e62</load_address>
         <run_address>0x1e62</run_address>
         <size>0x5</size>
         <input_file_ref idref="fl-15"/>
      </object_component>
      <object_component id="oc-14e">
         <name>.data</name>
         <load_address>0x1e1c</load_address>
         <run_address>0x1e1c</run_address>
         <size>0x17</size>
         <input_file_ref idref="fl-10"/>
      </object_component>
      <object_component id="oc-234">
         <name>.data:lcdTextString</name>
         <load_address>0x1dc4</load_address>
         <run_address>0x1dc4</run_address>
         <size>0x3e</size>
         <input_file_ref idref="fl-15"/>
      </object_component>
      <object_component id="oc-246">
         <name>.data:mrfiRxFilterAddr</name>
         <load_address>0x1e68</load_address>
         <run_address>0x1e68</run_address>
         <size>0x4</size>
         <input_file_ref idref="fl-10"/>
      </object_component>
      <object_component id="oc-2a4">
         <name>.data</name>
         <load_address>0x1e1b</load_address>
         <run_address>0x1e1b</run_address>
         <size>0x1</size>
         <input_file_ref idref="fl-d"/>
      </object_component>
      <object_component id="oc-32c">
         <name>.data:string</name>
         <load_address>0x1e5c</load_address>
         <run_address>0x1e5c</run_address>
         <size>0x6</size>
         <input_file_ref idref="fl-2"/>
      </object_component>
      <object_component id="oc-363">
         <name>.data</name>
         <load_address>0x1e4c</load_address>
         <run_address>0x1e4c</run_address>
         <size>0x8</size>
         <input_file_ref idref="fl-e"/>
      </object_component>
      <object_component id="oc-3b7">
         <name>.data</name>
         <load_address>0x1dc3</load_address>
         <run_address>0x1dc3</run_address>
         <size>0x1</size>
         <input_file_ref idref="fl-11"/>
      </object_component>
      <object_component id="oc-3ea">
         <name>.data</name>
         <load_address>0x1d42</load_address>
         <run_address>0x1d42</run_address>
         <size>0x81</size>
         <input_file_ref idref="fl-b"/>
      </object_component>
      <object_component id="oc-444">
         <name>.data</name>
         <load_address>0x1e54</load_address>
         <run_address>0x1e54</run_address>
         <size>0x7</size>
         <input_file_ref idref="fl-7"/>
      </object_component>
      <object_component id="oc-50e">
         <name>.data</name>
         <load_address>0x1e40</load_address>
         <run_address>0x1e40</run_address>
         <size>0xb</size>
         <input_file_ref idref="fl-6"/>
      </object_component>
      <object_component id="oc-552">
         <name>.data</name>
         <load_address>0x1e5b</load_address>
         <run_address>0x1e5b</run_address>
         <size>0x1</size>
         <input_file_ref idref="fl-f"/>
      </object_component>
      <object_component id="oc-567">
         <name>.data</name>
         <load_address>0x1e4b</load_address>
         <run_address>0x1e4b</run_address>
         <size>0x1</size>
         <input_file_ref idref="fl-4"/>
      </object_component>
      <object_component id="oc-56b">
         <name>.data</name>
         <load_address>0x1e71</load_address>
         <run_address>0x1e71</run_address>
         <size>0x1</size>
         <input_file_ref idref="fl-9"/>
      </object_component>
      <object_component id="oc-57c">
         <name>.data</name>
         <load_address>0x1e67</load_address>
         <run_address>0x1e67</run_address>
         <size>0x1</size>
         <input_file_ref idref="fl-8"/>
      </object_component>
      <object_component id="oc-57f">
         <name>.data:sSFMarker</name>
         <load_address>0x1e6c</load_address>
         <run_address>0x1e6c</run_address>
         <size>0x3</size>
         <input_file_ref idref="fl-8"/>
      </object_component>
      <object_component id="oc-66">
         <name>.debug_info</name>
         <load_address>0x0</load_address>
         <run_address>0x0</run_address>
         <size>0x129</size>
         <input_file_ref idref="fl-4b"/>
      </object_component>
      <object_component id="oc-6b">
         <name>.debug_info</name>
         <load_address>0x129</load_address>
         <run_address>0x129</run_address>
         <size>0x159</size>
         <input_file_ref idref="fl-4c"/>
      </object_component>
      <object_component id="oc-70">
         <name>.debug_info</name>
         <load_address>0x282</load_address>
         <run_address>0x282</run_address>
         <size>0x193</size>
         <input_file_ref idref="fl-4e"/>
      </object_component>
      <object_component id="oc-75">
         <name>.debug_info</name>
         <load_address>0x415</load_address>
         <run_address>0x415</run_address>
         <size>0x16a</size>
         <input_file_ref idref="fl-4d"/>
      </object_component>
      <object_component id="oc-7b">
         <name>.debug_info</name>
         <load_address>0x57f</load_address>
         <run_address>0x57f</run_address>
         <size>0x1a7</size>
         <input_file_ref idref="fl-2"/>
      </object_component>
      <object_component id="oc-82">
         <name>.debug_info</name>
         <load_address>0x726</load_address>
         <run_address>0x726</run_address>
         <size>0x508</size>
         <input_file_ref idref="fl-10"/>
      </object_component>
      <object_component id="oc-89">
         <name>.debug_info</name>
         <load_address>0xc2e</load_address>
         <run_address>0xc2e</run_address>
         <size>0x16d</size>
         <input_file_ref idref="fl-13"/>
      </object_component>
      <object_component id="oc-90">
         <name>.debug_info</name>
         <load_address>0xd9b</load_address>
         <run_address>0xd9b</run_address>
         <size>0x18f</size>
         <input_file_ref idref="fl-14"/>
      </object_component>
      <object_component id="oc-97">
         <name>.debug_info</name>
         <load_address>0xf2a</load_address>
         <run_address>0xf2a</run_address>
         <size>0x172</size>
         <input_file_ref idref="fl-14"/>
      </object_component>
      <object_component id="oc-9e">
         <name>.debug_info</name>
         <load_address>0x109c</load_address>
         <run_address>0x109c</run_address>
         <size>0x17e</size>
         <input_file_ref idref="fl-17"/>
      </object_component>
      <object_component id="oc-a4">
         <name>.debug_info</name>
         <load_address>0x121a</load_address>
         <run_address>0x121a</run_address>
         <size>0xaa</size>
         <input_file_ref idref="fl-4b"/>
      </object_component>
      <object_component id="oc-a7">
         <name>.debug_info</name>
         <load_address>0x12c4</load_address>
         <run_address>0x12c4</run_address>
         <size>0x101</size>
         <input_file_ref idref="fl-63"/>
      </object_component>
      <object_component id="oc-ac">
         <name>.debug_info</name>
         <load_address>0x13c5</load_address>
         <run_address>0x13c5</run_address>
         <size>0x1aa</size>
         <input_file_ref idref="fl-66"/>
      </object_component>
      <object_component id="oc-b1">
         <name>.debug_info</name>
         <load_address>0x156f</load_address>
         <run_address>0x156f</run_address>
         <size>0x125</size>
         <input_file_ref idref="fl-3"/>
      </object_component>
      <object_component id="oc-b7">
         <name>.debug_info</name>
         <load_address>0x1694</load_address>
         <run_address>0x1694</run_address>
         <size>0x121</size>
         <input_file_ref idref="fl-54"/>
      </object_component>
      <object_component id="oc-bd">
         <name>.debug_info</name>
         <load_address>0x17b5</load_address>
         <run_address>0x17b5</run_address>
         <size>0x160</size>
         <input_file_ref idref="fl-5e"/>
      </object_component>
      <object_component id="oc-c2">
         <name>.debug_info</name>
         <load_address>0x1915</load_address>
         <run_address>0x1915</run_address>
         <size>0x46</size>
         <input_file_ref idref="fl-4c"/>
      </object_component>
      <object_component id="oc-c8">
         <name>.debug_info</name>
         <load_address>0x195b</load_address>
         <run_address>0x195b</run_address>
         <size>0x46</size>
         <input_file_ref idref="fl-4e"/>
      </object_component>
      <object_component id="oc-ce">
         <name>.debug_info</name>
         <load_address>0x19a1</load_address>
         <run_address>0x19a1</run_address>
         <size>0x312</size>
         <input_file_ref idref="fl-4d"/>
      </object_component>
      <object_component id="oc-d3">
         <name>.debug_info</name>
         <load_address>0x1cb3</load_address>
         <run_address>0x1cb3</run_address>
         <size>0x124</size>
         <input_file_ref idref="fl-4d"/>
      </object_component>
      <object_component id="oc-d4">
         <name>.debug_info</name>
         <load_address>0x1dd7</load_address>
         <run_address>0x1dd7</run_address>
         <size>0x39</size>
         <input_file_ref idref="fl-4d"/>
      </object_component>
      <object_component id="oc-da">
         <name>.debug_info</name>
         <load_address>0x1e10</load_address>
         <run_address>0x1e10</run_address>
         <size>0x2bd</size>
[...]
      </symbol>
      <symbol id="sm-d18">
         <name>HalAdcGetVcc</name>
         <value>0xb774</value>
         <object_component_ref idref="oc-20f"/>
      </symbol>
      <symbol id="sm-d19">
         <name>HalAdcConvertTempVcc</name>
         <value>0x991c</value>
         <object_component_ref idref="oc-209"/>
      </symbol>
      <symbol id="sm-d1a">
         <name>lightSensor</name>
         <value>0x1d28</value>
         <object_component_ref idref="oc-285"/>
      </symbol>
      <symbol id="sm-d1b">
         <name>HalAdcStartRead</name>
         <value>0xb32a</value>
         <object_component_ref idref="oc-e8"/>
      </symbol>
      <symbol id="sm-d1c">
         <name>HalAdcInit</name>
         <value>0x92ec</value>
         <object_component_ref idref="oc-1b1"/>
      </symbol>
      <symbol id="sm-d1d">
         <name>IntDegC</name>
         <value>0x1d24</value>
         <object_component_ref idref="oc-285"/>
      </symbol>
      <symbol id="sm-d1e">
         <name>IntDegF</name>
         <value>0x1d26</value>
         <object_component_ref idref="oc-285"/>
      </symbol>
      <symbol id="sm-d1f">
         <name>HalAdcSetQuitFromISR</name>
         <value>0xb7ac</value>
         <object_component_ref idref="oc-1b7"/>
      </symbol>
      <symbol id="sm-d58">
         <name>buttonDebounce</name>
         <value>0x1e6f</value>
         <object_component_ref idref="oc-104"/>
      </symbol>
      <symbol id="sm-d59">
         <name>WDT_ISR</name>
         <value>0xb476</value>
         <object_component_ref idref="oc-95"/>
      </symbol>
      <symbol id="sm-d5a">
         <name>HalButtonsStartWDT</name>
         <value>0xb6a6</value>
         <object_component_ref idref="oc-107"/>
      </symbol>
      <symbol id="sm-d5b">
         <name>HalButtonsInterruptEnable</name>
         <value>0xb6e6</value>
         <object_component_ref idref="oc-19f"/>
      </symbol>
      <symbol id="sm-d5c">
         <name>HalButtonsPressedIFG</name>
         <value>0xb604</value>
         <object_component_ref idref="oc-1f7"/>
      </symbol>
      <symbol id="sm-d5d">
         <name>buttonsPressed</name>
         <value>0x1e70</value>
         <object_component_ref idref="oc-104"/>
      </symbol>
      <symbol id="sm-d5e">
         <name>Port2_ISR</name>
         <value>0xa4da</value>
         <object_component_ref idref="oc-8e"/>
      </symbol>
      <symbol id="sm-d5f">
         <name>HalButtonsInit</name>
         <value>0xb5f2</value>
         <object_component_ref idref="oc-199"/>
      </symbol>
      <symbol id="sm-dc3">
         <name>HalLcdPrintStopScrolling</name>
         <value>0xb6f4</value>
         <object_component_ref idref="oc-1d9"/>
      </symbol>
      <symbol id="sm-dc4">
         <name>lcdScrollPosition</name>
         <value>0x1e65</value>
         <object_component_ref idref="oc-142"/>
      </symbol>
      <symbol id="sm-dc5">
         <name>HalLcdPrint7Seg</name>
         <value>0xa2c8</value>
         <object_component_ref idref="oc-1df"/>
      </symbol>
      <symbol id="sm-dc6">
         <name>lcdScrollJustStop</name>
         <value>0x1e64</value>
         <object_component_ref idref="oc-142"/>
      </symbol>
      <symbol id="sm-dc7">
         <name>HalLcdPrint7SegScrollUpdate</name>
         <value>0xb50a</value>
         <object_component_ref idref="oc-146"/>
      </symbol>
      <symbol id="sm-dc8">
         <name>HalLcdIsScrolling</name>
         <value>0xb7b2</value>
         <object_component_ref idref="oc-dc"/>
      </symbol>
      <symbol id="sm-dc9">
         <name>lcdScrollActive</name>
         <value>0x1e63</value>
         <object_component_ref idref="oc-142"/>
      </symbol>
      <symbol id="sm-dca">
         <name>HalLcdPrint7SegScroll</name>
         <value>0xa016</value>
         <object_component_ref idref="oc-1cd"/>
      </symbol>
      <symbol id="sm-dcb">
         <name>lcdTextString</name>
         <value>0x1dc4</value>
         <object_component_ref idref="oc-234"/>
      </symbol>
      <symbol id="sm-dcc">
         <name>FontSevenSegment</name>
         <value>0xb7fe</value>
         <object_component_ref idref="oc-2d6"/>
      </symbol>
      <symbol id="sm-dcd">
         <name>HalLcdUpdateScrolling</name>
         <value>0xaf94</value>
         <object_component_ref idref="oc-e2"/>
      </symbol>
      <symbol id="sm-dce">
         <name>HalLcdInit</name>
         <value>0xa486</value>
         <object_component_ref idref="oc-1a5"/>
      </symbol>
      <symbol id="sm-dcf">
         <name>lcdScrollRepeat</name>
         <value>0x1e66</value>
         <object_component_ref idref="oc-142"/>
      </symbol>
      <symbol id="sm-dd0">
         <name>lcdTextLength</name>
         <value>0x1e62</value>
         <object_component_ref idref="oc-142"/>
      </symbol>
      <symbol id="sm-dd1">
         <name>HalLcdBar</name>
         <value>0xa582</value>
         <object_component_ref idref="oc-326"/>
      </symbol>
      <symbol id="sm-e00">
         <name>HalUartTxString</name>
         <value>0xb422</value>
         <object_component_ref idref="oc-318"/>
      </symbol>
      <symbol id="sm-e01">
         <name>HalUartInit</name>
         <value>0xafc2</value>
         <object_component_ref idref="oc-1ab"/>
      </symbol>
      <symbol id="sm-e02">
         <name>USCI_A0_ISR</name>
         <value>0xa380</value>
         <object_component_ref idref="oc-9c"/>
      </symbol>
      <symbol id="sm-e03">
         <name>uartBuffer</name>
         <value>0x1d10</value>
         <object_component_ref idref="oc-10f"/>
      </symbol>
      <symbol id="sm-e4c">
         <name>SetVCore</name>
         <value>0xa94e</value>
         <object_component_ref idref="oc-52a"/>
      </symbol>
      <symbol id="sm-e7a">
         <name>Init_FLL_Settle</name>
         <value>0xab04</value>
         <object_component_ref idref="oc-531"/>
      </symbol>
      <symbol id="sm-e7b">
         <name>Init_FLL</name>
         <value>0x904e</value>
         <object_component_ref idref="oc-630"/>
      </symbol>
      <symbol id="sm-e85">
         <name>__mspabi_sral</name>
         <value>0xb6b6</value>
         <object_component_ref idref="oc-3da"/>
      </symbol>
      <symbol id="sm-e99">
         <name>_c_int00_noexit</name>
         <value>0xb490</value>
         <object_component_ref idref="oc-64"/>
      </symbol>
      <symbol id="sm-e9a">
         <name>_c_int00</name>
         <value>0xb490</value>
         <object_component_ref idref="oc-64"/>
      </symbol>
      <symbol id="sm-e9b">
         <name>_stack</name>
         <value>0x2bac</value>
         <object_component_ref idref="oc-a3"/>
      </symbol>
      <symbol id="sm-e9c">
         <name>_reset_vector</name>
         <value>0xfffe</value>
         <object_component_ref idref="oc-65"/>
      </symbol>
      <symbol id="sm-eb1">
         <name>__TI_decompress_none</name>
         <value>0xb616</value>
         <object_component_ref idref="oc-6a"/>
      </symbol>
      <symbol id="sm-edb">
         <name>__TI_decompress_rle24</name>
         <value>0xb7be</value>
         <object_component_ref idref="oc-74"/>
      </symbol>
      <symbol id="sm-eed">
         <name>__TI_zero_init</name>
         <value>0xb58e</value>
         <object_component_ref idref="oc-6f"/>
      </symbol>
      <symbol id="sm-ef9">
         <name>__mspabi_remi</name>
         <value>0xb0a4</value>
         <object_component_ref idref="oc-24d"/>
      </symbol>
      <symbol id="sm-efa">
         <name>__mspabi_divi</name>
         <value>0xb0a4</value>
         <object_component_ref idref="oc-24d"/>
      </symbol>
      <symbol id="sm-f04">
         <name>__mspabi_remu</name>
         <value>0xb562</value>
         <object_component_ref idref="oc-351"/>
      </symbol>
      <symbol id="sm-f05">
         <name>__mspabi_divu</name>
         <value>0xb562</value>
         <object_component_ref idref="oc-351"/>
      </symbol>
      <symbol id="sm-f14">
         <name>__mspabi_remul</name>
         <value>0xa3d8</value>
         <object_component_ref idref="oc-3df"/>
      </symbol>
      <symbol id="sm-f15">
         <name>__mspabi_divul</name>
         <value>0xa3d8</value>
         <object_component_ref idref="oc-3df"/>
      </symbol>
      <symbol id="sm-f1d">
         <name>__mspabi_func_epilog_2</name>
         <value>0xb6e0</value>
         <object_component_ref idref="oc-120"/>
      </symbol>
      <symbol id="sm-f1e">
         <name>__mspabi_func_epilog_3</name>
         <value>0xb6de</value>
         <object_component_ref idref="oc-120"/>
      </symbol>
      <symbol id="sm-f1f">
         <name>__mspabi_func_epilog_1</name>
         <value>0xb6e2</value>
         <object_component_ref idref="oc-120"/>
      </symbol>
      <symbol id="sm-f20">
         <name>__mspabi_func_epilog_6</name>
         <value>0xb6d8</value>
         <object_component_ref idref="oc-120"/>
      </symbol>
      <symbol id="sm-f21">
         <name>__mspabi_func_epilog_7</name>
         <value>0xb6d6</value>
         <object_component_ref idref="oc-120"/>
      </symbol>
      <symbol id="sm-f22">
         <name>__mspabi_func_epilog_4</name>
         <value>0xb6dc</value>
         <object_component_ref idref="oc-120"/>
      </symbol>
      <symbol id="sm-f23">
         <name>__mspabi_func_epilog_5</name>
         <value>0xb6da</value>
         <object_component_ref idref="oc-120"/>
      </symbol>
      <symbol id="sm-f2c">
         <name>C$$EXIT</name>
         <value>0xb7ec</value>
         <object_component_ref idref="oc-b6"/>
      </symbol>
      <symbol id="sm-f2d">
         <name>abort</name>
         <value>0xb7ec</value>
         <object_component_ref idref="oc-b6"/>
      </symbol>
      <symbol id="sm-f47">
         <name>__mspabi_subf</name>
         <value>0x8c0e</value>
         <object_component_ref idref="oc-29a"/>
      </symbol>
      <symbol id="sm-f48">
         <name>__mspabi_addf</name>
         <value>0x8c14</value>
         <object_component_ref idref="oc-29a"/>
      </symbol>
      <symbol id="sm-f58">
         <name>__mspabi_divf</name>
         <value>0x9aea</value>
         <object_component_ref idref="oc-290"/>
      </symbol>
      <symbol id="sm-f64">
         <name>__mspabi_fltif</name>
         <value>0xacd4</value>
         <object_component_ref idref="oc-28b"/>
      </symbol>
      <symbol id="sm-f7a">
         <name>__mspabi_mpyf</name>
         <value>0x9486</value>
         <object_component_ref idref="oc-295"/>
      </symbol>
      <symbol id="sm-f8c">
         <name>__mspabi_fixfi</name>
         <value>0xa07e</value>
         <object_component_ref idref="oc-331"/>
      </symbol>
      <symbol id="sm-f94">
         <name>__mspabi_slli</name>
         <value>0xb0d0</value>
         <object_component_ref idref="oc-62b"/>
      </symbol>
      <symbol id="sm-f95">
         <name>__mspabi_slli_9</name>
         <value>0xb0e8</value>
         <object_component_ref idref="oc-62b"/>
      </symbol>
      <symbol id="sm-f96">
         <name>__mspabi_slli_8</name>
         <value>0xb0ea</value>
         <object_component_ref idref="oc-62b"/>
      </symbol>
      <symbol id="sm-f97">
         <name>__mspabi_slli_7</name>
         <value>0xb0ec</value>
         <object_component_ref idref="oc-62b"/>
      </symbol>
      <symbol id="sm-f98">
         <name>__mspabi_slli_6</name>
         <value>0xb0ee</value>
         <object_component_ref idref="oc-62b"/>
      </symbol>
      <symbol id="sm-f99">
         <name>__mspabi_slli_5</name>
         <value>0xb0f0</value>
         <object_component_ref idref="oc-62b"/>
      </symbol>
      <symbol id="sm-f9a">
         <name>__mspabi_slli_4</name>
         <value>0xb0f2</value>
         <object_component_ref idref="oc-62b"/>
      </symbol>
      <symbol id="sm-f9b">
         <name>__mspabi_slli_3</name>
         <value>0xb0f4</value>
         <object_component_ref idref="oc-62b"/>
      </symbol>
      <symbol id="sm-f9c">
         <name>__mspabi_slli_2</name>
         <value>0xb0f6</value>
         <object_component_ref idref="oc-62b"/>
      </symbol>
      <symbol id="sm-f9d">
         <name>__mspabi_slli_1</name>
         <value>0xb0f8</value>
         <object_component_ref idref="oc-62b"/>
      </symbol>
      <symbol id="sm-f9e">
         <name>__mspabi_slli_15</name>
         <value>0xb0dc</value>
         <object_component_ref idref="oc-62b"/>
      </symbol>
      <symbol id="sm-f9f">
         <name>__mspabi_slli_14</name>
         <value>0xb0de</value>
         <object_component_ref idref="oc-62b"/>
      </symbol>
      <symbol id="sm-fa0">
         <name>__mspabi_slli_13</name>
         <value>0xb0e0</value>
         <object_component_ref idref="oc-62b"/>
      </symbol>
      <symbol id="sm-fa1">
         <name>__mspabi_slli_12</name>
         <value>0xb0e2</value>
         <object_component_ref idref="oc-62b"/>
      </symbol>
      <symbol id="sm-fa2">
         <name>__mspabi_slli_11</name>
         <value>0xb0e4</value>
         <object_component_ref idref="oc-62b"/>
      </symbol>
      <symbol id="sm-fa3">
         <name>__mspabi_slli_10</name>
         <value>0xb0e6</value>
         <object_component_ref idref="oc-62b"/>
      </symbol>
      <symbol id="sm-fab">
         <name>__mspabi_srli_8</name>
         <value>0xa738</value>
         <object_component_ref idref="oc-39f"/>
      </symbol>
      <symbol id="sm-fac">
         <name>__mspabi_srli_9</name>
         <value>0xa734</value>
         <object_component_ref idref="oc-39f"/>
      </symbol>
      <symbol id="sm-fad">
         <name>__mspabi_srli_6</name>
         <value>0xa740</value>
         <object_component_ref idref="oc-39f"/>
      </symbol>
      <symbol id="sm-fae">
         <name>__mspabi_srli_7</name>
         <value>0xa73c</value>
         <object_component_ref idref="oc-39f"/>
      </symbol>
      <symbol id="sm-faf">
         <name>__mspabi_srli_4</name>
         <value>0xa748</value>
         <object_component_ref idref="oc-39f"/>
      </symbol>
      <symbol id="sm-fb0">
         <name>__mspabi_srli_5</name>
         <value>0xa744</value>
         <object_component_ref idref="oc-39f"/>
      </symbol>
      <symbol id="sm-fb1">
         <name>__mspabi_srli_2</name>
         <value>0xa750</value>
         <object_component_ref idref="oc-39f"/>
      </symbol>
      <symbol id="sm-fb2">
         <name>__mspabi_srli_3</name>
         <value>0xa74c</value>
         <object_component_ref idref="oc-39f"/>
      </symbol>
      <symbol id="sm-fb3">
         <name>__mspabi_srli_1</name>
         <value>0xa754</value>
         <object_component_ref idref="oc-39f"/>
      </symbol>
      <symbol id="sm-fb4">
         <name>__mspabi_srli</name>
         <value>0xa70e</value>
         <object_component_ref idref="oc-39f"/>
      </symbol>
      <symbol id="sm-fb5">
         <name>__mspabi_srli_15</name>
         <value>0xa71c</value>
         <object_component_ref idref="oc-39f"/>
      </symbol>
      <symbol id="sm-fb6">
         <name>__mspabi_srli_14</name>
         <value>0xa720</value>
         <object_component_ref idref="oc-39f"/>
      </symbol>
      <symbol id="sm-fb7">
         <name>__mspabi_srli_13</name>
         <value>0xa724</value>
         <object_component_ref idref="oc-39f"/>
      </symbol>
      <symbol id="sm-fb8">
         <name>__mspabi_srli_12</name>
         <value>0xa728</value>
         <object_component_ref idref="oc-39f"/>
      </symbol>
      <symbol id="sm-fb9">
         <name>__mspabi_srli_11</name>
         <value>0xa72c</value>
         <object_component_ref idref="oc-39f"/>
      </symbol>
      <symbol id="sm-fba">
         <name>__mspabi_srli_10</name>
         <value>0xa730</value>
         <object_component_ref idref="oc-39f"/>
      </symbol>
      <symbol id="sm-fc2">
         <name>__mspabi_srll_8</name>
         <value>0xa34e</value>
         <object_component_ref idref="oc-33b"/>
      </symbol>
      <symbol id="sm-fc3">
         <name>__mspabi_srll_9</name>
         <value>0xa348</value>
         <object_component_ref idref="oc-33b"/>
      </symbol>
      <symbol id="sm-fc4">
         <name>__mspabi_srll_6</name>
         <value>0xa35a</value>
         <object_component_ref idref="oc-33b"/>
      </symbol>
      <symbol id="sm-fc5">
         <name>__mspabi_srll_7</name>
         <value>0xa354</value>
         <object_component_ref idref="oc-33b"/>
      </symbol>
      <symbol id="sm-fc6">
         <name>__mspabi_srll_4</name>
         <value>0xa366</value>
         <object_component_ref idref="oc-33b"/>
      </symbol>
      <symbol id="sm-fc7">
         <name>__mspabi_srll_5</name>
         <value>0xa360</value>
         <object_component_ref idref="oc-33b"/>
      </symbol>
      <symbol id="sm-fc8">
         <name>__mspabi_srll_2</name>
         <value>0xa372</value>
         <object_component_ref idref="oc-33b"/>
      </symbol>
      <symbol id="sm-fc9">
         <name>__mspabi_srll_3</name>
         <value>0xa36c</value>
         <object_component_ref idref="oc-33b"/>
      </symbol>
      <symbol id="sm-fca">
         <name>__mspabi_srll_1</name>
         <value>0xa378</value>
         <object_component_ref idref="oc-33b"/>
      </symbol>
      <symbol id="sm-fcb">
         <name>__mspabi_srll_15</name>
         <value>0xa324</value>
         <object_component_ref idref="oc-33b"/>
      </symbol>
      <symbol id="sm-fcc">
         <name>__mspabi_srll_14</name>
         <value>0xa32a</value>
         <object_component_ref idref="oc-33b"/>
      </symbol>
      <symbol id="sm-fcd">
         <name>__mspabi_srll_13</name>
         <value>0xa330</value>
         <object_component_ref idref="oc-33b"/>
      </symbol>
      <symbol id="sm-fce">
         <name>__mspabi_srll_12</name>
         <value>0xa336</value>
         <object_component_ref idref="oc-33b"/>
      </symbol>
      <symbol id="sm-fcf">
         <name>__mspabi_srll_11</name>
         <value>0xa33c</value>
         <object_component_ref idref="oc-33b"/>
      </symbol>
      <symbol id="sm-fd0">
         <name>__mspabi_srll_10</name>
         <value>0xa342</value>
         <object_component_ref idref="oc-33b"/>
      </symbol>
      <symbol id="sm-fde">
         <name>memcmp</name>
         <value>0xb308</value>
         <object_component_ref idref="oc-366"/>
      </symbol>
      <symbol id="sm-ff0">
         <name>memcpy</name>
         <value>0xb63a</value>
         <object_component_ref idref="oc-bc"/>
      </symbol>
      <symbol id="sm-ffe">
         <name>memmove</name>
         <value>0xb38a</value>
         <object_component_ref idref="oc-711"/>
      </symbol>
      <symbol id="sm-100b">
         <name>memset</name>
         <value>0xb5b6</value>
         <object_component_ref idref="oc-160"/>
      </symbol>
      <symbol id="sm-1013">
         <name>__mspabi_mpyi_f5hw</name>
         <value>0xb5de</value>
         <object_component_ref idref="oc-3e4"/>
      </symbol>
      <symbol id="sm-101b">
         <name>__mspabi_mpyl_f5hw</name>
         <value>0xb3aa</value>
         <object_component_ref idref="oc-336"/>
      </symbol>
      <symbol id="sm-1023">
         <name>_system_pre_init</name>
         <value>0xb7e8</value>
         <object_component_ref idref="oc-a6"/>
      </symbol>
      <symbol id="sm-1032">
         <name>_auto_init</name>
         <value>0xa20c</value>
         <object_component_ref idref="oc-ab"/>
      </symbol>
      <symbol id="sm-1033">
         <name>__TI_exit</name>
         <value>0x1</value>
      </symbol>
      <symbol id="sm-1034">
         <name>__TI_args_main</name>
         <value>0x1</value>
      </symbol>
      <symbol id="sm-1035">
         <name>__TI_INITARRAY_Base</name>
         <value>0x0</value>
      </symbol>
      <symbol id="sm-1036">
         <name>__TI_INITARRAY_Limit</name>
         <value>0x0</value>
      </symbol>
   </symbol_table>
</link_info>
